Microchip MPLAB XC8 Compiler V1.40 ()

Linker command line:

-W-3 --edf=D:\Program Files (x86)\Microchip\xc8\v1.40\dat\en_msgs.txt -cs \
  -h+dist/default/production\AER201-Microcontroller.production.sym \
  --cmf=dist/default/production\AER201-Microcontroller.production.cmf -z \
  -Q18F4620 -oC:\Users\Tyler\AppData\Local\Temp\sclo.2 \
  -Mdist/default/production/AER201-Microcontroller.production.map -E1 \
  -ver=XC8 -ASTACK=0130h-0f7fh -pstack=STACK -ACODE=00h-0FFFFh \
  -ACONST=00h-0FFFFh -ASMALLCONST=01000h-010FFhx240 \
  -AMEDIUMCONST=01000h-0FFFFh -ACOMRAM=01h-07Fh -AABS1=00h-0F7Fh \
  -ABIGRAM=01h-0F7Fh -ARAM=080h-0FFh,0100h-01FFhx14,0F00h-0F7Fh \
  -ABANK0=080h-0FFh -ABANK1=0100h-01FFh -ABANK2=0200h-02FFh \
  -ABANK3=0300h-03FFh -ABANK4=0400h-04FFh -ABANK5=0500h-05FFh \
  -ABANK6=0600h-06FFh -ABANK7=0700h-07FFh -ABANK8=0800h-08FFh \
  -ABANK9=0900h-09FFh -ABANK10=0A00h-0AFFh -ABANK11=0B00h-0BFFh \
  -ABANK12=0C00h-0CFFh -ABANK13=0D00h-0DFFh -ABANK14=0E00h-0EFFh \
  -ABANK15=0F00h-0F7Fh -ASFR=0F80h-0FFFh \
  -preset_vec=00h,intcode=08h,intcodelo,powerup,init -pramtop=01000h \
  -psmallconst=SMALLCONST -pmediumconst=MEDIUMCONST -pconst=CONST \
  -AFARRAM=00h-00h -ACONFIG=0300000h-030000Dh -pconfig=CONFIG \
  -AIDLOC=0200000h-0200007h -pidloc=IDLOC -AEEDATA=0F00000h-0F003FFh \
  -peeprom_data=EEDATA \
  -prdata=COMRAM,nvrram=COMRAM,nvbit=COMRAM,rbss=COMRAM,rbit=COMRAM \
  -pfarbss=FARRAM,fardata=FARRAM,nvFARRAM=FARRAM \
  -pintsave_regs=BIGRAM,bigbss=BIGRAM,bigdata=BIGRAM -pbss=RAM \
  -pidata=CODE,irdata=CODE,ibigdata=CODE,ifardata=CODE -prparam=COMRAM \
  C:\Users\Tyler\AppData\Local\Temp\sclo.obj \
  dist/default/production\AER201-Microcontroller.production.obj 

Object code version is 3.11

Machine type is 18F4620

Call graph: (short form)




                Name                               Link     Load   Length Selector   Space Scale
C:\Users\Tyler\AppData\Local\Temp\sclo.obj
                init                                  E        E        4        4       0
                reset_vec                             0        0        4        0       0
                idloc                            200000   200000        8   200000       0
                config                           300000   300000        E   300000       0
dist/default/production\AER201-Microcontroller.production.obj
                intcode                               8        8        6        4       0
                temp                                 7F       7F        1        1       1
                mediumconst                        FD90     FD90      270     7EC8       0
                text78                             325E     325E       12        4       0
                text77                             3124     3124       26        4       0
                text76                             32DC     32DC        8        4       0
                text75                             32D4     32D4        8        4       0
                text74                             32B2     32B2        A        4       0
                text73                             2934     2934       70        4       0
                text72                             2B28     2B28       56        4       0
                text71                             329C     329C        C        4       0
                text70                             2B7E     2B7E       52        4       0
                text69                             2CF8     2CF8       42        4       0
                text68                             30FE     30FE       26        4       0
                text67                             31D6     31D6       1E        4       0
                text66                             3290     3290        C        4       0
                text65                              CB4      CB4      36E        4       0
                text64                             17E2     17E2      1FA        4       0
                text63                             3222     3222       16        4       0
                text62                             20B2     20B2      11A        4       0
                text61                             316E     316E       24        4       0
                text60                             2FC8     2FC8       30        4       0
                text59                             2F98     2F98       30        4       0
                text58                             2F68     2F68       30        4       0
                text57                             3026     3026       2E        4       0
                text56                             2F38     2F38       30        4       0
                text55                             2F08     2F08       30        4       0
                text54                             2ED8     2ED8       30        4       0
                text53                             2EA8     2EA8       30        4       0
                text52                             2E78     2E78       30        4       0
                text51                             2E48     2E48       30        4       0
                text50                             19DC     19DC      1E6        4       0
                text49                             2E16     2E16       32        4       0
                text48                             15AC     15AC      236        4       0
                text47                             30D6     30D6       28        4       0
                text46                             12EC     12EC      2C0        4       0
                intcode_body                       1BC2     1BC2      15E        4       0
                text44                             324C     324C       12        4       0
                text43                             22B4     22B4       BE        4       0
                text42                             2584     2584       A2        4       0
                text41                             29A4     29A4       68        4       0
                text40                             3280     3280       10        4       0
                text39                             27D6     27D6       78        4       0
                text38                             2A0C     2A0C       62        4       0
                text37                             2DE0     2DE0       36        4       0
                text36                             30AC     30AC       2A        4       0
                text35                             3270     3270       10        4       0
                text34                              87C      87C      438        4       0
                text33                             2D72     2D72       38        4       0
                text32                             2D3A     2D3A       38        4       0
                text31                             3238     3238       14        4       0
                text30                             2FF8     2FF8       2E        4       0
                text29                             32CC     32CC        8        4       0
                text28                             32C4     32C4        8        4       0
                text27                             32A8     32A8        A        4       0
                text26                             2752     2752       84        4       0
                text25                             2DAA     2DAA       36        4       0
                text24                             1022     1022      2CA        4       0
                text23                               12       12      86A        4       0
                text22                             2CB2     2CB2       46        4       0
                text21                             31B4     31B4       22        4       0
                text20                             3080     3080       2C        4       0
                text19                             2372     2372       BC        4       0
                text18                             2A6E     2A6E       60        4       0
                text17                             26C6     26C6       8C        4       0
                text16                             314A     314A       24        4       0
                text15                             31F4     31F4       18        4       0
                text14                             21CC     21CC       E8        4       0
                text13                             1D20     1D20      138        4       0
                text12                             2ACE     2ACE       5A        4       0
                text11                             284E     284E       76        4       0
                text10                             1E58     1E58      134        4       0
                text9                              3054     3054       2C        4       0
                text8                              2C68     2C68       4A        4       0
                text7                              1F8C     1F8C      126        4       0
                text6                              28C4     28C4       70        4       0
                text5                              2C1E     2C1E       4A        4       0
                text4                              24DA     24DA       AA        4       0
                text3                              242E     242E       AC        4       0
                text2                              3192     3192       22        4       0
                text1                              320C     320C       16        4       0
                text0                              2626     2626       A0        4       0
                cstackCOMRAM                          1        1       5A        1       1
                cstackBANK0                          80       80       59       80       1
                dataBANK1                           128      128        8      100       1
                bssBANK1                            100      100       28      100       1
                bssBANK0                             D9       D9       26       80       1
                bssCOMRAM                            5B       5B       24        1       1
                cinit                              2BD0     2BD0       4E        4       0
                idataBANK1                         32BC     32BC        8        4       0

TOTAL           Name                               Link     Load   Length     Space
        CLASS   STACK          

        CLASS   CODE           
                intcode                               8        8        6         0
                init                                  E        E        4         0
                reset_vec                             0        0        4         0
                text78                             325E     325E       12         0
                text77                             3124     3124       26         0
                text76                             32DC     32DC        8         0
                text75                             32D4     32D4        8         0
                text74                             32B2     32B2        A         0
                text73                             2934     2934       70         0
                text72                             2B28     2B28       56         0
                text71                             329C     329C        C         0
                text70                             2B7E     2B7E       52         0
                text69                             2CF8     2CF8       42         0
                text68                             30FE     30FE       26         0
                text67                             31D6     31D6       1E         0
                text66                             3290     3290        C         0
                text65                              CB4      CB4      36E         0
                text64                             17E2     17E2      1FA         0
                text63                             3222     3222       16         0
                text62                             20B2     20B2      11A         0
                text61                             316E     316E       24         0
                text60                             2FC8     2FC8       30         0
                text59                             2F98     2F98       30         0
                text58                             2F68     2F68       30         0
                text57                             3026     3026       2E         0
                text56                             2F38     2F38       30         0
                text55                             2F08     2F08       30         0
                text54                             2ED8     2ED8       30         0
                text53                             2EA8     2EA8       30         0
                text52                             2E78     2E78       30         0
                text51                             2E48     2E48       30         0
                text50                             19DC     19DC      1E6         0
                text49                             2E16     2E16       32         0
                text48                             15AC     15AC      236         0
                text47                             30D6     30D6       28         0
                text46                             12EC     12EC      2C0         0
                intcode_body                       1BC2     1BC2      15E         0
                text44                             324C     324C       12         0
                text43                             22B4     22B4       BE         0
                text42                             2584     2584       A2         0
                text41                             29A4     29A4       68         0
                text40                             3280     3280       10         0
                text39                             27D6     27D6       78         0
                text38                             2A0C     2A0C       62         0
                text37                             2DE0     2DE0       36         0
                text36                             30AC     30AC       2A         0
                text35                             3270     3270       10         0
                text34                              87C      87C      438         0
                text33                             2D72     2D72       38         0
                text32                             2D3A     2D3A       38         0
                text31                             3238     3238       14         0
                text30                             2FF8     2FF8       2E         0
                text29                             32CC     32CC        8         0
                text28                             32C4     32C4        8         0
                text27                             32A8     32A8        A         0
                text26                             2752     2752       84         0
                text25                             2DAA     2DAA       36         0
                text24                             1022     1022      2CA         0
                text23                               12       12      86A         0
                text22                             2CB2     2CB2       46         0
                text21                             31B4     31B4       22         0
                text20                             3080     3080       2C         0
                text19                             2372     2372       BC         0
                text18                             2A6E     2A6E       60         0
                text17                             26C6     26C6       8C         0
                text16                             314A     314A       24         0
                text15                             31F4     31F4       18         0
                text14                             21CC     21CC       E8         0
                text13                             1D20     1D20      138         0
                text12                             2ACE     2ACE       5A         0
                text11                             284E     284E       76         0
                text10                             1E58     1E58      134         0
                text9                              3054     3054       2C         0
                text8                              2C68     2C68       4A         0
                text7                              1F8C     1F8C      126         0
                text6                              28C4     28C4       70         0
                text5                              2C1E     2C1E       4A         0
                text4                              24DA     24DA       AA         0
                text3                              242E     242E       AC         0
                text2                              3192     3192       22         0
                text1                              320C     320C       16         0
                text0                              2626     2626       A0         0
                cinit                              2BD0     2BD0       4E         0
                idataBANK1                         32BC     32BC        8         0

        CLASS   CONST          

        CLASS   SMALLCONST     

        CLASS   MEDIUMCONST    
                mediumconst                        FD90     FD90      270         0

        CLASS   COMRAM         
                temp                                 7F       7F        1         1
                cstackCOMRAM                          1        1       5A         1
                bssCOMRAM                            5B       5B       24         1

        CLASS   ABS1           

        CLASS   BIGRAM         

        CLASS   RAM            

        CLASS   BANK0          
                cstackBANK0                          80       80       59         1
                bssBANK0                             D9       D9       26         1

        CLASS   BANK1          
                dataBANK1                           128      128        8         1
                bssBANK1                            100      100       28         1

        CLASS   BANK2          

        CLASS   BANK3          

        CLASS   BANK4          

        CLASS   BANK5          

        CLASS   BANK6          

        CLASS   BANK7          

        CLASS   BANK8          

        CLASS   BANK9          

        CLASS   BANK10         

        CLASS   BANK11         

        CLASS   BANK12         

        CLASS   BANK13         

        CLASS   BANK14         

        CLASS   BANK15         

        CLASS   SFR            

        CLASS   FARRAM         

        CLASS   CONFIG         
                config                           300000   300000        E         0

        CLASS   IDLOC          
                idloc                            200000   200000        8         0

        CLASS   EEDATA         



SEGMENTS        Name                           Load    Length   Top    Selector   Space  Class

                reset_vec                      000000  000004  000004         0       0  CODE    
                cstackCOMRAM                   000001  00007F  000080         1       1  COMRAM  
                intcode                        000008  0032DC  0032E4         4       0  CODE    
                cstackBANK0                    000080  00007F  0000FF        80       1  BANK0   
                bssBANK1                       000100  000030  000130       100       1  BANK1   
                mediumconst                    00FD90  000270  010000      7EC8       0  MEDIUMCO
                idloc                          200000  000008  200008    200000       0  IDLOC   
                config                         300000  00000E  30000E    300000       0  CONFIG  


UNUSED ADDRESS RANGES

        Name                Unused          Largest block    Delta
        BANK0            0000FF-0000FF                1
        BANK1            000130-0001FF               D0
        BANK10           000A00-000AFF              100
        BANK11           000B00-000BFF              100
        BANK12           000C00-000CFF              100
        BANK13           000D00-000DFF              100
        BANK14           000E00-000EFF              100
        BANK15           000F00-000F7F               80
        BANK2            000200-0002FF              100
        BANK3            000300-0003FF              100
        BANK4            000400-0004FF              100
        BANK5            000500-0005FF              100
        BANK6            000600-0006FF              100
        BANK7            000700-0007FF              100
        BANK8            000800-0008FF              100
        BANK9            000900-0009FF              100
        BIGRAM           0000FF-0000FF                1
                         000130-000F7F              E50
        CODE             000004-000007                4
                         0032E4-00FD8F             CAAC
        CONST            000004-000007                4
                         0032E4-00FD8F             CAAC
        EEDATA           F00000-F003FF              400
        MEDIUMCONST      0032E4-00FD8F             CAAC
        RAM              0000FF-0000FF                1
                         000130-000F7F              100
        SFR              000F80-000FFF               80
        SMALLCONST       0032E4-00FD8F              100
        STACK            000130-000F7F              E50

                                  Symbol Table

?___awdiv                              cstackBANK0  000086
?___awmod                              cstackBANK0  000080
?___lldiv                              cstackBANK0  000080
?___lwdiv                              cstackBANK0  000080
?___lwmod                              cstackBANK0  000087
?___wmul                               cstackBANK0  000080
?_inputHandler                         cstackCOMRAM 00002A
?_printf                               cstackBANK0  00008E
?i2___lwdiv                            cstackCOMRAM 000006
?i2___lwmod                            cstackCOMRAM 000001
?i2___wmul                             cstackCOMRAM 000001
?i2_printf                             cstackCOMRAM 00000D
EEPROM_read@address                    cstackBANK0  000080
EEPROM_write@address                   cstackBANK0  0000AB
EEPROM_write@data                      cstackBANK0  0000AD
EEPROM_write@i                         cstackBANK0  0000AF
EEPROM_write@i_1363                    cstackBANK0  0000B0
I2C_Master_Init@c                      cstackBANK0  00008D
I2C_Master_Read@a                      cstackBANK0  000081
I2C_Master_Read@temp                   cstackBANK0  000082
I2C_Master_Write@d                     cstackBANK0  000081
ID@sensor_outputs                      cstackBANK0  000088
UI@F3220                               dataBANK1    000128
UI@i                                   cstackBANK0  0000C8
UI@i_504                               cstackBANK0  0000C9
UI@i_505                               cstackBANK0  0000CA
UI@i_523                               cstackBANK0  0000CB
UI@i_524                               cstackBANK0  0000CC
UI@i_527                               cstackBANK0  0000CD
UI@i_528                               cstackBANK0  0000CE
UI@i_531                               cstackBANK0  0000CF
UI@i_532                               cstackBANK0  0000D0
UI@i_535                               cstackBANK0  0000D1
UI@i_536                               cstackBANK0  0000D2
UI@i_539                               cstackBANK0  0000D3
UI@i_540                               cstackBANK0  0000D4
UI@month                               cstackBANK0  0000D5
_ACKDT                                 (abs)        007E2D
_ACKEN                                 (abs)        007E2C
_ADCON0                                (abs)        000FC2
_ADCON0bits                            (abs)        000FC2
_ADCON1                                (abs)        000FC1
_ADFM                                  (abs)        007E07
_ADIE                                  (abs)        007CEE
_ADON                                  (abs)        007E10
_ADRESH                                (abs)        000FC4
_ADRESL                                (abs)        000FC3
_CMCONbits                             (abs)        000FB4
_CVRCON                                (abs)        000FB5
_Distribution                          text10       001E58
_EEADR                                 (abs)        000FA9
_EEADRH                                (abs)        000FAA
_EECON1bits                            (abs)        000FA6
_EECON2                                (abs)        000FA7
_EEDATA                                (abs)        000FA8
_EEPROM_read                           text15       0031F4
_EEPROM_write                          text14       0021CC
_I2C_Master_Init                       text18       002A6E
_I2C_Master_Read                       text30       002FF8
_I2C_Master_Start                      text29       0032CC
_I2C_Master_Stop                       text28       0032C4
_I2C_Master_Wait                       text31       003238
_I2C_Master_Write                      text27       0032A8
_ID                                    text7        001F8C
_INT1IE                                (abs)        007F83
_INT1IF                                (abs)        007F80
_INTCONbits                            (abs)        000FF2
_IR_signal                             bssCOMRAM    000062
_LATA                                  (abs)        000F89
_LATAbits                              (abs)        000F89
_LATB                                  (abs)        000F8A
_LATC                                  (abs)        000F8B
_LATCbits                              (abs)        000F8B
_LATD                                  (abs)        000F8C
_LATDbits                              (abs)        000F8C
_LATE                                  (abs)        000F8D
_Loading                               text3        00242E
_MAG_signal                            bssBANK0     0000D9
_OSCCON                                (abs)        000FD3
_OSCTUNEbits                           (abs)        000F9B
_PEIE                                  (abs)        007F96
_PEN                                   (abs)        007E2A
_PIR2bits                              (abs)        000FA1
_PORTAbits                             (abs)        000F80
_PORTB                                 (abs)        000F81
_PORTBbits                             (abs)        000F81
_PortTestA5                            text44       00324C
_RCEN                                  (abs)        007E2B
_RSEN                                  (abs)        007E29
_SEN                                   (abs)        007E28
_SSPADD                                (abs)        000FC8
_SSPBUF                                (abs)        000FC9
_SSPCON1                               (abs)        000FC6
_SSPCON2                               (abs)        000FC5
_SSPSTAT                               (abs)        000FC7
_T0CON                                 (abs)        000FD5
_T1CON                                 (abs)        000FCD
_TMR0H                                 (abs)        000FD7
_TMR0IE                                (abs)        007F95
_TMR0IF                                (abs)        007F92
_TMR0L                                 (abs)        000FD6
_TMR0ON                                (abs)        007EAF
_TMR1H                                 (abs)        000FCF
_TMR1IE                                (abs)        007CE8
_TMR1IF                                (abs)        007CF0
_TMR1L                                 (abs)        000FCE
_TMR1ON                                (abs)        007E68
_TMR2IE                                (abs)        007CE9
_TMR3H                                 (abs)        000FB3
_TMR3IE                                (abs)        007D01
_TMR3IF                                (abs)        007D09
_TMR3L                                 (abs)        000FB2
_TMR3ON                                (abs)        007D88
_TRISA                                 (abs)        000F92
_TRISB                                 (abs)        000F93
_TRISC                                 (abs)        000F94
_TRISC3                                (abs)        007CA3
_TRISC4                                (abs)        007CA4
_TRISD                                 (abs)        000F95
_TRISE                                 (abs)        000F96
_UI                                    text23       000012
_UI$1990                               cstackBANK0  0000C6
_VCFG0                                 (abs)        007E0C
_VCFG1                                 (abs)        007E0D
__CFG_BOREN$SBORDIS                    (abs)        000000
__CFG_BORV$3                           (abs)        000000
__CFG_CCP2MX$PORTC                     (abs)        000000
__CFG_CP0$OFF                          (abs)        000000
__CFG_CP1$OFF                          (abs)        000000
__CFG_CP2$OFF                          (abs)        000000
__CFG_CP3$OFF                          (abs)        000000
__CFG_CPB$OFF                          (abs)        000000
__CFG_CPD$OFF                          (abs)        000000
__CFG_EBTR0$OFF                        (abs)        000000
__CFG_EBTR1$OFF                        (abs)        000000
__CFG_EBTR2$OFF                        (abs)        000000
__CFG_EBTR3$OFF                        (abs)        000000
__CFG_EBTRB$OFF                        (abs)        000000
__CFG_FCMEN$OFF                        (abs)        000000
__CFG_IESO$OFF                         (abs)        000000
__CFG_LPT1OSC$OFF                      (abs)        000000
__CFG_LVP$OFF                          (abs)        000000
__CFG_MCLRE$ON                         (abs)        000000
__CFG_OSC$INTIO67                      (abs)        000000
__CFG_PBADEN$ON                        (abs)        000000
__CFG_PWRT$OFF                         (abs)        000000
__CFG_STVREN$ON                        (abs)        000000
__CFG_WDT$OFF                          (abs)        000000
__CFG_WDTPS$32768                      (abs)        000000
__CFG_WRT0$OFF                         (abs)        000000
__CFG_WRT1$OFF                         (abs)        000000
__CFG_WRT2$OFF                         (abs)        000000
__CFG_WRT3$OFF                         (abs)        000000
__CFG_WRTB$OFF                         (abs)        000000
__CFG_WRTC$OFF                         (abs)        000000
__CFG_WRTD$OFF                         (abs)        000000
__CFG_XINST$OFF                        (abs)        000000
__HRAM                                 (abs)        000000
__Habs1                                abs1         000000
__Hbank0                               bank0        000000
__Hbank1                               bank1        000000
__Hbank10                              bank10       000000
__Hbank11                              bank11       000000
__Hbank12                              bank12       000000
__Hbank13                              bank13       000000
__Hbank14                              bank14       000000
__Hbank15                              bank15       000000
__Hbank2                               bank2        000000
__Hbank3                               bank3        000000
__Hbank4                               bank4        000000
__Hbank5                               bank5        000000
__Hbank6                               bank6        000000
__Hbank7                               bank7        000000
__Hbank8                               bank8        000000
__Hbank9                               bank9        000000
__Hbigbss                              bigbss       000000
__Hbigdata                             bigdata      000000
__Hbigram                              bigram       000000
__Hbss                                 bss          000000
__HbssBANK0                            bssBANK0     000000
__HbssBANK1                            bssBANK1     000000
__HbssCOMRAM                           bssCOMRAM    000000
__Hcinit                               cinit        000000
__Hclrtext                             clrtext      000000
__Hcomram                              comram       000000
__Hconfig                              config       30000E
__Hconst                               const        000000
__HcstackBANK0                         cstackBANK0  000000
__HcstackCOMRAM                        cstackCOMRAM 000000
__Hdata                                data         000000
__HdataBANK1                           dataBANK1    000000
__Heeprom_data                         eeprom_data  000000
__Hfarbss                              farbss       000000
__Hfardata                             fardata      000000
__Hibigdata                            ibigdata     000000
__Hidata                               idata        000000
__HidataBANK1                          idataBANK1   000000
__Hidloc                               idloc        200008
__Hifardata                            ifardata     000000
__Hinit                                init         000012
__Hintcode                             intcode      00000E
__Hintcode_body                        intcode_body 000000
__Hintcodelo                           intcodelo    00000E
__Hintentry                            intentry     000000
__Hintret                              intret       000000
__Hintsave_regs                        intsave_regs 000000
__Hirdata                              irdata       000000
__Hmediumconst                         mediumconst  010000
__HnvFARRAM                            nvFARRAM     000000
__Hnvbit                               nvbit        000000
__Hnvrram                              nvrram       000000
__Hparam                               rparam       000000
__Hpowerup                             powerup      00000E
__Hram                                 ram          000000
__Hramtop                              ramtop       001000
__Hrbit                                rbit         000000
__Hrbss                                rbss         000000
__Hrdata                               rdata        000000
__Hreset_vec                           reset_vec    000004
__Hrparam                              rparam       000000
__Hsfr                                 sfr          000000
__Hsmallconst                          smallconst   000000
__Hspace_0                             (abs)        30000E
__Hspace_1                             (abs)        000130
__Hspace_2                             (abs)        000000
__Hstack                               stack        000000
__Hstruct                              struct       000000
__Htemp                                temp         000080
__Htext                                text         000000
__Htext0                               text0        000000
__Htext1                               text1        000000
__Htext10                              text10       000000
__Htext11                              text11       000000
__Htext12                              text12       000000
__Htext13                              text13       000000
__Htext14                              text14       000000
__Htext15                              text15       000000
__Htext16                              text16       000000
__Htext17                              text17       000000
__Htext18                              text18       000000
__Htext19                              text19       000000
__Htext2                               text2        000000
__Htext20                              text20       000000
__Htext21                              text21       000000
__Htext22                              text22       000000
__Htext23                              text23       000000
__Htext24                              text24       000000
__Htext25                              text25       000000
__Htext26                              text26       000000
__Htext27                              text27       000000
__Htext28                              text28       000000
__Htext29                              text29       000000
__Htext3                               text3        000000
__Htext30                              text30       000000
__Htext31                              text31       000000
__Htext32                              text32       000000
__Htext33                              text33       000000
__Htext34                              text34       000000
__Htext35                              text35       000000
__Htext36                              text36       000000
__Htext37                              text37       000000
__Htext38                              text38       000000
__Htext39                              text39       000000
__Htext4                               text4        000000
__Htext40                              text40       000000
__Htext41                              text41       000000
__Htext42                              text42       000000
__Htext43                              text43       000000
__Htext44                              text44       000000
__Htext46                              text46       000000
__Htext47                              text47       000000
__Htext48                              text48       000000
__Htext49                              text49       000000
__Htext5                               text5        000000
__Htext50                              text50       000000
__Htext51                              text51       000000
__Htext52                              text52       000000
__Htext53                              text53       000000
__Htext54                              text54       000000
__Htext55                              text55       000000
__Htext56                              text56       000000
__Htext57                              text57       000000
__Htext58                              text58       000000
__Htext59                              text59       000000
__Htext6                               text6        000000
__Htext60                              text60       000000
__Htext61                              text61       000000
__Htext62                              text62       000000
__Htext63                              text63       000000
__Htext64                              text64       000000
__Htext65                              text65       000000
__Htext66                              text66       000000
__Htext67                              text67       000000
__Htext68                              text68       000000
__Htext69                              text69       000000
__Htext7                               text7        000000
__Htext70                              text70       000000
__Htext71                              text71       000000
__Htext72                              text72       000000
__Htext73                              text73       000000
__Htext74                              text74       000000
__Htext75                              text75       000000
__Htext76                              text76       000000
__Htext77                              text77       000000
__Htext78                              text78       000000
__Htext8                               text8        000000
__Htext9                               text9        000000
__LRAM                                 (abs)        000001
__Labs1                                abs1         000000
__Lbank0                               bank0        000000
__Lbank1                               bank1        000000
__Lbank10                              bank10       000000
__Lbank11                              bank11       000000
__Lbank12                              bank12       000000
__Lbank13                              bank13       000000
__Lbank14                              bank14       000000
__Lbank15                              bank15       000000
__Lbank2                               bank2        000000
__Lbank3                               bank3        000000
__Lbank4                               bank4        000000
__Lbank5                               bank5        000000
__Lbank6                               bank6        000000
__Lbank7                               bank7        000000
__Lbank8                               bank8        000000
__Lbank9                               bank9        000000
__Lbigbss                              bigbss       000000
__Lbigdata                             bigdata      000000
__Lbigram                              bigram       000000
__Lbss                                 bss          000000
__LbssBANK0                            bssBANK0     000000
__LbssBANK1                            bssBANK1     000000
__LbssCOMRAM                           bssCOMRAM    000000
__Lcinit                               cinit        000000
__Lclrtext                             clrtext      000000
__Lcomram                              comram       000000
__Lconfig                              config       300000
__Lconst                               const        000000
__LcstackBANK0                         cstackBANK0  000000
__LcstackCOMRAM                        cstackCOMRAM 000000
__Ldata                                data         000000
__LdataBANK1                           dataBANK1    000000
__Leeprom_data                         eeprom_data  000000
__Lfarbss                              farbss       000000
__Lfardata                             fardata      000000
__Libigdata                            ibigdata     000000
__Lidata                               idata        000000
__LidataBANK1                          idataBANK1   000000
__Lidloc                               idloc        200000
__Lifardata                            ifardata     000000
__Linit                                init         00000E
__Lintcode                             intcode      000008
__Lintcode_body                        intcode_body 000000
__Lintcodelo                           intcodelo    00000E
__Lintentry                            intentry     000000
__Lintret                              intret       000000
__Lintsave_regs                        intsave_regs 000000
__Lirdata                              irdata       000000
__Lmediumconst                         mediumconst  00FD90
__LnvFARRAM                            nvFARRAM     000000
__Lnvbit                               nvbit        000000
__Lnvrram                              nvrram       000000
__Lparam                               rparam       000000
__Lpowerup                             powerup      00000E
__Lram                                 ram          000000
__Lramtop                              ramtop       001000
__Lrbit                                rbit         000000
__Lrbss                                rbss         000000
__Lrdata                               rdata        000000
__Lreset_vec                           reset_vec    000000
__Lrparam                              rparam       000000
__Lsfr                                 sfr          000000
__Lsmallconst                          smallconst   000000
__Lspace_0                             (abs)        000000
__Lspace_1                             (abs)        000000
__Lspace_2                             (abs)        000000
__Lstack                               stack        000000
__Lstruct                              struct       000000
__Ltemp                                temp         00007F
__Ltext                                text         000000
__Ltext0                               text0        000000
__Ltext1                               text1        000000
__Ltext10                              text10       000000
__Ltext11                              text11       000000
__Ltext12                              text12       000000
__Ltext13                              text13       000000
__Ltext14                              text14       000000
__Ltext15                              text15       000000
__Ltext16                              text16       000000
__Ltext17                              text17       000000
__Ltext18                              text18       000000
__Ltext19                              text19       000000
__Ltext2                               text2        000000
__Ltext20                              text20       000000
__Ltext21                              text21       000000
__Ltext22                              text22       000000
__Ltext23                              text23       000000
__Ltext24                              text24       000000
__Ltext25                              text25       000000
__Ltext26                              text26       000000
__Ltext27                              text27       000000
__Ltext28                              text28       000000
__Ltext29                              text29       000000
__Ltext3                               text3        000000
__Ltext30                              text30       000000
__Ltext31                              text31       000000
__Ltext32                              text32       000000
__Ltext33                              text33       000000
__Ltext34                              text34       000000
__Ltext35                              text35       000000
__Ltext36                              text36       000000
__Ltext37                              text37       000000
__Ltext38                              text38       000000
__Ltext39                              text39       000000
__Ltext4                               text4        000000
__Ltext40                              text40       000000
__Ltext41                              text41       000000
__Ltext42                              text42       000000
__Ltext43                              text43       000000
__Ltext44                              text44       000000
__Ltext46                              text46       000000
__Ltext47                              text47       000000
__Ltext48                              text48       000000
__Ltext49                              text49       000000
__Ltext5                               text5        000000
__Ltext50                              text50       000000
__Ltext51                              text51       000000
__Ltext52                              text52       000000
__Ltext53                              text53       000000
__Ltext54                              text54       000000
__Ltext55                              text55       000000
__Ltext56                              text56       000000
__Ltext57                              text57       000000
__Ltext58                              text58       000000
__Ltext59                              text59       000000
__Ltext6                               text6        000000
__Ltext60                              text60       000000
__Ltext61                              text61       000000
__Ltext62                              text62       000000
__Ltext63                              text63       000000
__Ltext64                              text64       000000
__Ltext65                              text65       000000
__Ltext66                              text66       000000
__Ltext67                              text67       000000
__Ltext68                              text68       000000
__Ltext69                              text69       000000
__Ltext7                               text7        000000
__Ltext70                              text70       000000
__Ltext71                              text71       000000
__Ltext72                              text72       000000
__Ltext73                              text73       000000
__Ltext74                              text74       000000
__Ltext75                              text75       000000
__Ltext76                              text76       000000
__Ltext77                              text77       000000
__Ltext78                              text78       000000
__Ltext8                               text8        000000
__Ltext9                               text9        000000
__S0                                   (abs)        30000E
__S1                                   (abs)        000130
__S2                                   (abs)        000000
___awdiv                               text43       0022B4
___awdiv@counter                       cstackBANK0  00008A
___awdiv@dividend                      cstackBANK0  000086
___awdiv@divisor                       cstackBANK0  000088
___awdiv@quotient                      cstackBANK0  00008C
___awdiv@sign                          cstackBANK0  00008B
___awmod                               text42       002584
___awmod@counter                       cstackBANK0  000084
___awmod@dividend                      cstackBANK0  000080
___awmod@divisor                       cstackBANK0  000082
___awmod@sign                          cstackBANK0  000085
___inthi_sp                            stack        000000
___intlo_sp                            stack        000000
___lldiv                               text19       002372
___lldiv@counter                       cstackBANK0  00008C
___lldiv@dividend                      cstackBANK0  000080
___lldiv@divisor                       cstackBANK0  000084
___lldiv@quotient                      cstackBANK0  000088
___lwdiv                               text39       0027D6
___lwdiv@counter                       cstackBANK0  000086
___lwdiv@dividend                      cstackBANK0  000080
___lwdiv@divisor                       cstackBANK0  000082
___lwdiv@quotient                      cstackBANK0  000084
___lwmod                               text38       002A0C
___lwmod@counter                       cstackBANK0  00008B
___lwmod@dividend                      cstackBANK0  000087
___lwmod@divisor                       cstackBANK0  000089
___param_bank                          (abs)        000000
___rparam_used                         (abs)        000001
___sp                                  stack        000000
___wmul                                text37       002DE0
___wmul@multiplicand                   cstackBANK0  000082
___wmul@multiplier                     cstackBANK0  000080
___wmul@product                        cstackBANK0  000084
__accesstop                            (abs)        000080
__activetblptr                         (abs)        000003
__end_of_Distribution                  text10       001F8C
__end_of_EEPROM_read                   text15       00320C
__end_of_EEPROM_write                  text14       0022B4
__end_of_I2C_Master_Init               text18       002ACE
__end_of_I2C_Master_Read               text30       003026
__end_of_I2C_Master_Start              text29       0032D4
__end_of_I2C_Master_Stop               text28       0032CC
__end_of_I2C_Master_Wait               text31       00324C
__end_of_I2C_Master_Write              text27       0032B2
__end_of_ID                            text7        0020B2
__end_of_Loading                       text3        0024DA
__end_of_PortTestA5                    text44       00325E
__end_of_UI                            text23       00087C
__end_of___awdiv                       text43       002372
__end_of___awmod                       text42       002626
__end_of___lldiv                       text19       00242E
__end_of___lwdiv                       text39       00284E
__end_of___lwmod                       text38       002A6E
__end_of___wmul                        text37       002E16
__end_of__initialization               cinit        002C14
__end_of_change_state_to_logs_11       text60       002FF8
__end_of_change_state_to_logs_12       text59       002FC8
__end_of_change_state_to_logs_22       text58       002F98
__end_of_change_state_to_logs_23       text57       003054
__end_of_change_state_to_logs_33       text56       002F68
__end_of_change_state_to_logs_34       text55       002F38
__end_of_change_state_to_menu_11       text54       002F08
__end_of_change_state_to_menu_12       text33       002DAA
__end_of_change_state_to_menu_22       text32       002D72
__end_of_change_state_to_menu_23       text53       002ED8
__end_of_change_state_to_menu_start    text20       0030AC
__end_of_dispLogs                      text61       003192
__end_of_dpowers                       mediumconst  00FDAC
__end_of_getRTC                        text26       0027D6
__end_of_handler                       intcode_body 001D20
__end_of_initGlobalVars                text6        002934
__end_of_initLCD                       text22       002CF8
__end_of_initServos                    text5        002C68
__end_of_initSortTimer                 text4        002584
__end_of_initTime                      text21       0031D6
__end_of_initUI                        text16       00316E
__end_of_inputHandler                  text50       001BC2
__end_of_isdigit                       text36       0030D6
__end_of_keys                          mediumconst  00FDA2
__end_of_lcdInst                       text40       003290
__end_of_lcdNibble                     text41       002A0C
__end_of_loadRTC                       text17       002752
__end_of_logRun                        text13       001E58
__end_of_machineConfig                 text12       002B28
__end_of_main                          text0        0026C6
__end_of_printRTC                      text24       0012EC
__end_of_printSortTimer                text64       0019DC
__end_of_printf                        text34       000CB4
__end_of_putch                         text35       003280
__end_of_readADC                       text9        003080
__end_of_readMAG                       text8        002CB2
__end_of_retrieveLog                   text62       0021CC
__end_of_sort                          text2        0031B4
__end_of_stopSignals                   text1        003222
__end_of_strcpy                        text25       002DE0
__end_of_updateMenu                    text46       0015AC
__end_of_updateServoPosition           text11       0028C4
__end_ofi2_EEPROM_read                 text63       003238
__end_ofi2_I2C_Master_Read             text77       00314A
__end_ofi2_I2C_Master_Start            text76       0032E4
__end_ofi2_I2C_Master_Stop             text75       0032DC
__end_ofi2_I2C_Master_Wait             text78       003270
__end_ofi2_I2C_Master_Write            text74       0032BC
__end_ofi2___lwdiv                     text70       002BD0
__end_ofi2___lwmod                     text69       002D3A
__end_ofi2___wmul                      text68       003124
__end_ofi2_change_state_to_menu_12     text52       002EA8
__end_ofi2_change_state_to_menu_22     text51       002E78
__end_ofi2_change_state_to_menu_start  text47       0030FE
__end_ofi2_getRTC                      text73       0029A4
__end_ofi2_isdigit                     text67       0031F4
__end_ofi2_lcdInst                     text71       0032A8
__end_ofi2_lcdNibble                   text72       002B7E
__end_ofi2_printRTC                    text48       0017E2
__end_ofi2_printf                      text65       001022
__end_ofi2_putch                       text66       00329C
__end_ofi2_strcpy                      text49       002E48
__initialization                       cinit        002BD0
__mediumconst                          mediumconst  00FD90
__pbssBANK0                            bssBANK0     0000D9
__pbssBANK1                            bssBANK1     000100
__pbssCOMRAM                           bssCOMRAM    00005B
__pcinit                               cinit        002BD0
__pcstackBANK0                         cstackBANK0  000080
__pcstackCOMRAM                        cstackCOMRAM 000001
__pdataBANK1                           dataBANK1    000128
__pidataBANK1                          idataBANK1   0032BC
__pintcode                             intcode      000008
__pintcode_body                        intcode_body 001BC2
__pmediumconst                         mediumconst  00FD90
__ptext0                               text0        002626
__ptext1                               text1        00320C
__ptext10                              text10       001E58
__ptext11                              text11       00284E
__ptext12                              text12       002ACE
__ptext13                              text13       001D20
__ptext14                              text14       0021CC
__ptext15                              text15       0031F4
__ptext16                              text16       00314A
__ptext17                              text17       0026C6
__ptext18                              text18       002A6E
__ptext19                              text19       002372
__ptext2                               text2        003192
__ptext20                              text20       003080
__ptext21                              text21       0031B4
__ptext22                              text22       002CB2
__ptext23                              text23       000012
__ptext24                              text24       001022
__ptext25                              text25       002DAA
__ptext26                              text26       002752
__ptext27                              text27       0032A8
__ptext28                              text28       0032C4
__ptext29                              text29       0032CC
__ptext3                               text3        00242E
__ptext30                              text30       002FF8
__ptext31                              text31       003238
__ptext32                              text32       002D3A
__ptext33                              text33       002D72
__ptext34                              text34       00087C
__ptext35                              text35       003270
__ptext36                              text36       0030AC
__ptext37                              text37       002DE0
__ptext38                              text38       002A0C
__ptext39                              text39       0027D6
__ptext4                               text4        0024DA
__ptext40                              text40       003280
__ptext41                              text41       0029A4
__ptext42                              text42       002584
__ptext43                              text43       0022B4
__ptext44                              text44       00324C
__ptext46                              text46       0012EC
__ptext47                              text47       0030D6
__ptext48                              text48       0015AC
__ptext49                              text49       002E16
__ptext5                               text5        002C1E
__ptext50                              text50       0019DC
__ptext51                              text51       002E48
__ptext52                              text52       002E78
__ptext53                              text53       002EA8
__ptext54                              text54       002ED8
__ptext55                              text55       002F08
__ptext56                              text56       002F38
__ptext57                              text57       003026
__ptext58                              text58       002F68
__ptext59                              text59       002F98
__ptext6                               text6        0028C4
__ptext60                              text60       002FC8
__ptext61                              text61       00316E
__ptext62                              text62       0020B2
__ptext63                              text63       003222
__ptext64                              text64       0017E2
__ptext65                              text65       000CB4
__ptext66                              text66       003290
__ptext67                              text67       0031D6
__ptext68                              text68       0030FE
__ptext69                              text69       002CF8
__ptext7                               text7        001F8C
__ptext70                              text70       002B7E
__ptext71                              text71       00329C
__ptext72                              text72       002B28
__ptext73                              text73       002934
__ptext74                              text74       0032B2
__ptext75                              text75       0032D4
__ptext76                              text76       0032DC
__ptext77                              text77       003124
__ptext78                              text78       00325E
__ptext8                               text8        002C68
__ptext9                               text9        003054
__ramtop                               ramtop       001000
__size_of_Distribution                 (abs)        000000
__size_of_EEPROM_read                  (abs)        000000
__size_of_EEPROM_write                 (abs)        000000
__size_of_I2C_Master_Init              (abs)        000000
__size_of_I2C_Master_Read              (abs)        000000
__size_of_I2C_Master_Start             (abs)        000000
__size_of_I2C_Master_Stop              (abs)        000000
__size_of_I2C_Master_Wait              (abs)        000000
__size_of_I2C_Master_Write             (abs)        000000
__size_of_ID                           (abs)        000000
__size_of_Loading                      (abs)        000000
__size_of_PortTestA5                   (abs)        000000
__size_of_UI                           (abs)        000000
__size_of___awdiv                      (abs)        000000
__size_of___awmod                      (abs)        000000
__size_of___lldiv                      (abs)        000000
__size_of___lwdiv                      (abs)        000000
__size_of___lwmod                      (abs)        000000
__size_of___wmul                       (abs)        000000
__size_of_change_state_to_logs_11      (abs)        000000
__size_of_change_state_to_logs_12      (abs)        000000
__size_of_change_state_to_logs_22      (abs)        000000
__size_of_change_state_to_logs_23      (abs)        000000
__size_of_change_state_to_logs_33      (abs)        000000
__size_of_change_state_to_logs_34      (abs)        000000
__size_of_change_state_to_menu_11      (abs)        000000
__size_of_change_state_to_menu_12      (abs)        000000
__size_of_change_state_to_menu_22      (abs)        000000
__size_of_change_state_to_menu_23      (abs)        000000
__size_of_change_state_to_menu_start   (abs)        000000
__size_of_dispLogs                     (abs)        000000
__size_of_getRTC                       (abs)        000000
__size_of_handler                      (abs)        000000
__size_of_initGlobalVars               (abs)        000000
__size_of_initLCD                      (abs)        000000
__size_of_initServos                   (abs)        000000
__size_of_initSortTimer                (abs)        000000
__size_of_initTime                     (abs)        000000
__size_of_initUI                       (abs)        000000
__size_of_inputHandler                 (abs)        000000
__size_of_isdigit                      (abs)        000000
__size_of_lcdInst                      (abs)        000000
__size_of_lcdNibble                    (abs)        000000
__size_of_loadRTC                      (abs)        000000
__size_of_logRun                       (abs)        000000
__size_of_machineConfig                (abs)        000000
__size_of_main                         (abs)        000000
__size_of_printRTC                     (abs)        000000
__size_of_printSortTimer               (abs)        000000
__size_of_printf                       (abs)        000000
__size_of_putch                        (abs)        000000
__size_of_readADC                      (abs)        000000
__size_of_readMAG                      (abs)        000000
__size_of_retrieveLog                  (abs)        000000
__size_of_sort                         (abs)        000000
__size_of_stopSignals                  (abs)        000000
__size_of_strcpy                       (abs)        000000
__size_of_updateMenu                   (abs)        000000
__size_of_updateServoPosition          (abs)        000000
__size_ofi2_EEPROM_read                (abs)        000000
__size_ofi2_I2C_Master_Read            (abs)        000000
__size_ofi2_I2C_Master_Start           (abs)        000000
__size_ofi2_I2C_Master_Stop            (abs)        000000
__size_ofi2_I2C_Master_Wait            (abs)        000000
__size_ofi2_I2C_Master_Write           (abs)        000000
__size_ofi2___lwdiv                    (abs)        000000
__size_ofi2___lwmod                    (abs)        000000
__size_ofi2___wmul                     (abs)        000000
__size_ofi2_change_state_to_menu_12    (abs)        000000
__size_ofi2_change_state_to_menu_22    (abs)        000000
__size_ofi2_change_state_to_menu_start (abs)        000000
__size_ofi2_getRTC                     (abs)        000000
__size_ofi2_isdigit                    (abs)        000000
__size_ofi2_lcdInst                    (abs)        000000
__size_ofi2_lcdNibble                  (abs)        000000
__size_ofi2_printRTC                   (abs)        000000
__size_ofi2_printf                     (abs)        000000
__size_ofi2_putch                      (abs)        000000
__size_ofi2_strcpy                     (abs)        000000
__smallconst                           smallconst   000000
_back                                  bssCOMRAM    000064
_change_state_to_logs_11               text60       002FC8
_change_state_to_logs_12               text59       002F98
_change_state_to_logs_22               text58       002F68
_change_state_to_logs_23               text57       003026
_change_state_to_logs_33               text56       002F38
_change_state_to_logs_34               text55       002F08
_change_state_to_menu_11               text54       002ED8
_change_state_to_menu_12               text33       002D72
_change_state_to_menu_22               text32       002D3A
_change_state_to_menu_23               text53       002EA8
_change_state_to_menu_start            text20       003080
_count_can_no_lab                      bssCOMRAM    000066
_count_can_w_lab                       bssCOMRAM    000068
_count_pop_no_tab                      bssCOMRAM    00006A
_count_pop_w_tab                       bssCOMRAM    00006C
_count_total                           bssBANK0     0000FD
_cur_can                               bssCOMRAM    00006E
_cur_state                             bssBANK0     0000DB
_debug                                 bssBANK0     0000DD
_dispLogs                              text61       00316E
_down                                  bssCOMRAM    000070
_dpowers                               mediumconst  00FDA2
_enter                                 bssCOMRAM    000072
_f_ID_receive                          bssBANK0     0000DF
_f_can_coming_to_ID                    bssBANK0     0000E1
_f_can_coming_to_distribution          bssCOMRAM    000074
_f_can_distributed                     bssBANK1     000124
_f_lastCan                             bssBANK1     000126
_f_loadingNewCan                       bssBANK0     0000E3
_first                                 bssBANK0     0000E5
_firstboot                             bssCOMRAM    000076
_getRTC                                text26       002752
_handler                               intcode      000008
_initGlobalVars                        text6        0028C4
_initLCD                               text22       002CB2
_initServos                            text5        002C1E
_initSortTimer                         text4        0024DA
_initTime                              text21       0031B4
_initUI                                text16       00314A
_input                                 bssCOMRAM    00007E
_inputHandler                          text50       0019DC
_isdigit                               text36       0030AC
_isdigit$1630                          cstackBANK0  000081
_keys                                  mediumconst  00FD91
_lcdInst                               text40       003280
_lcdNibble                             text41       0029A4
_loadRTC                               text17       0026C6
_log                                   bssBANK0     0000E7
_logRun                                text13       001D20
_log_completion                        bssBANK0     0000E9
_log_count_can_no_lab                  bssBANK0     0000EB
_log_count_can_w_lab                   bssBANK0     0000ED
_log_count_pop_no_tab                  bssBANK0     0000EF
_log_count_pop_w_tab                   bssBANK0     0000F1
_log_count_total                       bssBANK0     0000F3
_log_startTime                         bssBANK1     000100
_log_total_time                        bssBANK0     0000F5
_logstate                              bssBANK0     0000F7
_machineConfig                         text12       002ACE
_machine_state                         bssBANK0     0000FB
_main                                  text0        002626
_nRBPU                                 (abs)        007F8F
_printRTC                              text24       001022
_printSortTimer                        text64       0017E2
_printSortTimer$2110                   cstackCOMRAM 000045
_printf                                text34       00087C
_putch                                 text35       003270
_readADC                               text9        003054
_readMAG                               text8        002C68
_retrieveLog                           text62       0020B2
_sel                                   bssBANK0     0000FC
_servoTimes                            bssBANK1     00011C
_sort                                  text2        003192
_startTime                             bssBANK1     00010E
_stopSignals                           text1        00320C
_strcpy                                text25       002DAA
_time                                  bssCOMRAM    00005B
_total_time                            bssBANK0     0000F9
_up                                    bssCOMRAM    000078
_updateMenu                            text46       0012EC
_updateServoPosition                   text11       00284E
_was_low_1                             bssCOMRAM    00007A
_was_low_3                             bssCOMRAM    00007C
btemp                                  temp         00007F
dispLogs@myLog                         cstackCOMRAM 000012
end_of_initialization                  cinit        002C14
getRTC@i                               cstackBANK0  000083
i2EEPROM_read@address                  cstackCOMRAM 000001
i2I2C_Master_Read@a                    cstackCOMRAM 000002
i2I2C_Master_Read@temp                 cstackCOMRAM 000003
i2I2C_Master_Write@d                   cstackCOMRAM 000002
i2_EEPROM_read                         text63       003222
i2_I2C_Master_Read                     text77       003124
i2_I2C_Master_Start                    text76       0032DC
i2_I2C_Master_Stop                     text75       0032D4
i2_I2C_Master_Wait                     text78       00325E
i2_I2C_Master_Write                    text74       0032B2
i2___lwdiv                             text70       002B7E
i2___lwdiv@counter                     cstackCOMRAM 00000C
i2___lwdiv@dividend                    cstackCOMRAM 000006
i2___lwdiv@divisor                     cstackCOMRAM 000008
i2___lwdiv@quotient                    cstackCOMRAM 00000A
i2___lwmod                             text69       002CF8
i2___lwmod@counter                     cstackCOMRAM 000005
i2___lwmod@dividend                    cstackCOMRAM 000001
i2___lwmod@divisor                     cstackCOMRAM 000003
i2___wmul                              text68       0030FE
i2___wmul@multiplicand                 cstackCOMRAM 000003
i2___wmul@multiplier                   cstackCOMRAM 000001
i2___wmul@product                      cstackCOMRAM 000005
i2_change_state_to_menu_12             text52       002E78
i2_change_state_to_menu_22             text51       002E48
i2_change_state_to_menu_start          text47       0030D6
i2_getRTC                              text73       002934
i2_isdigit                             text67       0031D6
i2_isdigit$1630                        cstackCOMRAM 000002
i2_lcdInst                             text71       00329C
i2_lcdNibble                           text72       002B28
i2_printRTC                            text48       0015AC
i2_printf                              text65       000CB4
i2_putch                               text66       003290
i2_strcpy                              text49       002E16
i2getRTC@i                             cstackCOMRAM 000004
i2isdigit@c                            cstackCOMRAM 000003
i2lcdInst@data                         cstackCOMRAM 000003
i2lcdNibble@data                       cstackCOMRAM 000002
i2lcdNibble@temp                       cstackCOMRAM 000001
i2printRTC@INT_time                    cstackCOMRAM 00002D
i2printRTC@RTC_month                   cstackCOMRAM 00003B
i2printRTC@i                           cstackCOMRAM 000041
i2printRTC@month                       cstackCOMRAM 00003D
i2printf@ap                            cstackCOMRAM 000020
i2printf@c                             cstackCOMRAM 000027
i2printf@cp                            cstackCOMRAM 00001E
i2printf@f                             cstackCOMRAM 00000D
i2printf@flag                          cstackCOMRAM 000026
i2printf@len                           cstackCOMRAM 000022
i2printf@prec                          cstackCOMRAM 00001D
i2printf@val                           cstackCOMRAM 000024
i2printf@width                         cstackCOMRAM 000028
i2putch@data                           cstackCOMRAM 000003
i2strcpy@cp                            cstackCOMRAM 000005
i2strcpy@from                          cstackCOMRAM 000003
i2strcpy@to                            cstackCOMRAM 000001
initSortTimer@i                        cstackBANK0  000088
initTime@DD                            cstackBANK0  000083
initTime@MM                            cstackBANK0  000084
initTime@YY                            cstackBANK0  000085
initTime@h                             cstackBANK0  000081
initTime@m                             cstackBANK0  000080
initTime@s                             cstackBANK0  000086
initTime@w                             cstackBANK0  000082
int$flags                              temp         00007F
int_func                               intcode_body 001BC2
intlevel0                              text         000000
intlevel1                              text         000000
intlevel2                              text         000000
intlevel3                              text         000000
isdigit@c                              cstackBANK0  000082
lcdInst@data                           cstackBANK0  000082
lcdNibble@data                         cstackBANK0  000081
lcdNibble@temp                         cstackBANK0  000080
loadRTC@i                              cstackBANK0  000096
logRun@addr                            cstackBANK0  0000B8
logRun@byte1                           cstackBANK0  0000B1
logRun@byte11                          cstackBANK0  0000B5
logRun@byte2                           cstackBANK0  0000B2
logRun@byte3                           cstackBANK0  0000B3
logRun@byte_i                          cstackBANK0  0000B4
logRun@i                               cstackBANK0  0000B6
printRTC@F3213                         dataBANK1    00012C
printRTC@INT_time                      cstackBANK0  0000AE
printRTC@RTC_month                     cstackBANK0  0000BC
printRTC@i                             cstackBANK0  0000C2
printRTC@month                         cstackBANK0  0000BE
printSortTimer@curTime                 cstackCOMRAM 00002D
printSortTimer@cur_sec                 cstackCOMRAM 00003D
printSortTimer@hour                    cstackCOMRAM 00003F
printSortTimer@i                       cstackCOMRAM 000049
printSortTimer@min                     cstackCOMRAM 000041
printSortTimer@sec                     cstackCOMRAM 000043
printSortTimer@start_sec               cstackCOMRAM 00003B
printSortTimer@timeDiff                cstackCOMRAM 000047
printf@ap                              cstackBANK0  0000A1
printf@c                               cstackBANK0  0000A8
printf@cp                              cstackBANK0  00009F
printf@f                               cstackBANK0  00008E
printf@flag                            cstackBANK0  0000A7
printf@len                             cstackBANK0  0000A3
printf@prec                            cstackBANK0  00009E
printf@val                             cstackBANK0  0000A5
printf@width                           cstackBANK0  0000A9
putch@data                             cstackBANK0  000082
readADC@channel                        cstackBANK0  000081
readMAG@res                            cstackBANK0  000084
retrieveLog@addr                       cstackCOMRAM 000010
retrieveLog@byte1                      cstackCOMRAM 00000B
retrieveLog@byte2                      cstackCOMRAM 00000C
retrieveLog@byte3                      cstackCOMRAM 00000D
retrieveLog@i                          cstackCOMRAM 00000E
retrieveLog@logNum                     cstackCOMRAM 000007
stackhi                                (abs)        000F7F
stacklo                                (abs)        000130
start                                  init         00000E
start_initialization                   cinit        002BD0
strcpy@cp                              cstackBANK0  000084
strcpy@from                            cstackBANK0  000082
strcpy@to                              cstackBANK0  000080
updateServoPosition@my_time            cstackBANK0  000086
updateServoPosition@time_us            cstackBANK0  000080
updateServoPosition@timer              cstackBANK0  000082


FUNCTION INFORMATION:

 *************** function _main *****************
 Defined at:
		line 17 in file "main.c"
 Parameters:    Size  Location     Type
		None
 Auto vars:     Size  Location     Type
		None
 Return value:  Size  Location     Type
                  1    wreg      void 
 Registers used:
		wreg, fsr0l, fsr0h, fsr2l, fsr2h, status,2, status,0, tblptrl, tblptrh, tblptru, prodl, prodh, cstack
 Tracked objects:
		On entry : 
		On exit  : 
		Unchanged: 
 Data sizes:     COMRAM   BANK0   BANK1   BANK2   BANK3   BANK4   BANK5   BANK6   BANK7   BANK8   BANK9  BANK10  BANK11  BANK12  BANK13  BANK14  BANK15
      Params:         0       0       0       0       0       0       0       0       0       0       0       0       0       0       0       0       0
      Locals:         0       0       0       0       0       0       0       0       0       0       0       0       0       0       0       0       0
      Temps:          0       0       0       0       0       0       0       0       0       0       0       0       0       0       0       0       0
[...]
      Totals:         5       0       0       0       0       0       0       0       0       0       0       0       0       0       0       0       0
Total ram usage:        5 bytes
 Hardware stack levels used:    1
 This function calls:
		Nothing
 This function is called by:
		_printSortTimer
		i2_printf
 This function uses a non-reentrant model


 *************** function i2___lwdiv *****************
 Defined at:
		line 8 in file "D:\Program Files (x86)\Microchip\xc8\v1.40\sources\common\lwdiv.c"
 Parameters:    Size  Location     Type
  dividend        2    5[COMRAM] unsigned int 
  divisor         2    7[COMRAM] unsigned int 
 Auto vars:     Size  Location     Type
  __lwdiv         2    9[COMRAM] unsigned int 
  __lwdiv         1   11[COMRAM] unsigned char 
 Return value:  Size  Location     Type
                  2    5[COMRAM] unsigned int 
 Registers used:
		wreg, status,2, status,0
 Tracked objects:
		On entry : 
		On exit  : 
		Unchanged: 
 Data sizes:     COMRAM   BANK0   BANK1   BANK2   BANK3   BANK4   BANK5   BANK6   BANK7   BANK8   BANK9  BANK10  BANK11  BANK12  BANK13  BANK14  BANK15
      Params:         4       0       0       0       0       0       0       0       0       0       0       0       0       0       0       0       0
      Locals:         3       0       0       0       0       0       0       0       0       0       0       0       0       0       0       0       0
      Temps:          0       0       0       0       0       0       0       0       0       0       0       0       0       0       0       0       0
      Totals:         7       0       0       0       0       0       0       0       0       0       0       0       0       0       0       0       0
Total ram usage:        7 bytes
 Hardware stack levels used:    1
 This function calls:
		Nothing
 This function is called by:
		_printSortTimer
		i2_printf
 This function uses a non-reentrant model


 *************** function i2_lcdInst *****************
 Defined at:
		line 15 in file "lcd.c"
 Parameters:    Size  Location     Type
  data            1    wreg     unsigned char 
 Auto vars:     Size  Location     Type
  data            1    2[COMRAM] unsigned char 
 Return value:  Size  Location     Type
                  1    wreg      void 
 Registers used:
		wreg, status,2, status,0, cstack
 Tracked objects:
		On entry : 
		On exit  : 
		Unchanged: 
 Data sizes:     COMRAM   BANK0   BANK1   BANK2   BANK3   BANK4   BANK5   BANK6   BANK7   BANK8   BANK9  BANK10  BANK11  BANK12  BANK13  BANK14  BANK15
      Params:         0       0       0       0       0       0       0       0       0       0       0       0       0       0       0       0       0
      Locals:         1       0       0       0       0       0       0       0       0       0       0       0       0       0       0       0       0
      Temps:          0       0       0       0       0       0       0       0       0       0       0       0       0       0       0       0       0
      Totals:         1       0       0       0       0       0       0       0       0       0       0       0       0       0       0       0       0
Total ram usage:        1 bytes
 Hardware stack levels used:    1
 Hardware stack levels required when called:    1
 This function calls:
		i2_lcdNibble
 This function is called by:
		_change_state_to_menu_11
		_change_state_to_menu_23
		_change_state_to_logs_11
		_change_state_to_logs_12
		_change_state_to_logs_22
		_change_state_to_logs_23
		_change_state_to_logs_33
		_change_state_to_logs_34
		_printSortTimer
		i2_change_state_to_menu_start
		i2_change_state_to_menu_12
		i2_change_state_to_menu_22
		i2_printRTC
 This function uses a non-reentrant model


 *************** function i2_lcdNibble *****************
 Defined at:
		line 25 in file "lcd.c"
 Parameters:    Size  Location     Type
  data            1    wreg     unsigned char 
 Auto vars:     Size  Location     Type
  data            1    1[COMRAM] unsigned char 
  lcdNibble       1    0[COMRAM] unsigned char 
 Return value:  Size  Location     Type
                  1    wreg      void 
 Registers used:
		wreg, status,2, status,0
 Tracked objects:
		On entry : 
		On exit  : 
		Unchanged: 
 Data sizes:     COMRAM   BANK0   BANK1   BANK2   BANK3   BANK4   BANK5   BANK6   BANK7   BANK8   BANK9  BANK10  BANK11  BANK12  BANK13  BANK14  BANK15
      Params:         0       0       0       0       0       0       0       0       0       0       0       0       0       0       0       0       0
      Locals:         2       0       0       0       0       0       0       0       0       0       0       0       0       0       0       0       0
      Temps:          0       0       0       0       0       0       0       0       0       0       0       0       0       0       0       0       0
      Totals:         2       0       0       0       0       0       0       0       0       0       0       0       0       0       0       0       0
Total ram usage:        2 bytes
 Hardware stack levels used:    1
 This function calls:
		Nothing
 This function is called by:
		i2_lcdInst
		i2_putch
 This function uses a non-reentrant model


 *************** function i2_getRTC *****************
 Defined at:
		line 44 in file "RTC.c"
 Parameters:    Size  Location     Type
		None
 Auto vars:     Size  Location     Type
  getRTC          2    3[COMRAM] int 
 Return value:  Size  Location     Type
                  1    wreg      void 
 Registers used:
		wreg, fsr2l, fsr2h, status,2, status,0, cstack
 Tracked objects:
		On entry : 
		On exit  : 
		Unchanged: 
 Data sizes:     COMRAM   BANK0   BANK1   BANK2   BANK3   BANK4   BANK5   BANK6   BANK7   BANK8   BANK9  BANK10  BANK11  BANK12  BANK13  BANK14  BANK15
      Params:         0       0       0       0       0       0       0       0       0       0       0       0       0       0       0       0       0
      Locals:         2       0       0       0       0       0       0       0       0       0       0       0       0       0       0       0       0
      Temps:          0       0       0       0       0       0       0       0       0       0       0       0       0       0       0       0       0
      Totals:         2       0       0       0       0       0       0       0       0       0       0       0       0       0       0       0       0
Total ram usage:        2 bytes
 Hardware stack levels used:    1
 Hardware stack levels required when called:    2
 This function calls:
		i2_I2C_Master_Read
		i2_I2C_Master_Start
		i2_I2C_Master_Stop
		i2_I2C_Master_Write
 This function is called by:
		_printSortTimer
		i2_printRTC
 This function uses a non-reentrant model


 *************** function i2_I2C_Master_Write *****************
 Defined at:
		line 49 in file "I2C.c"
 Parameters:    Size  Location     Type
  d               2    1[COMRAM] unsigned int 
 Auto vars:     Size  Location     Type
		None
 Return value:  Size  Location     Type
                  1    wreg      void 
 Registers used:
		wreg, status,2, status,0, cstack
 Tracked objects:
		On entry : 
		On exit  : 
		Unchanged: 
 Data sizes:     COMRAM   BANK0   BANK1   BANK2   BANK3   BANK4   BANK5   BANK6   BANK7   BANK8   BANK9  BANK10  BANK11  BANK12  BANK13  BANK14  BANK15
      Params:         2       0       0       0       0       0       0       0       0       0       0       0       0       0       0       0       0
      Locals:         0       0       0       0       0       0       0       0       0       0       0       0       0       0       0       0       0
      Temps:          0       0       0       0       0       0       0       0       0       0       0       0       0       0       0       0       0
      Totals:         2       0       0       0       0       0       0       0       0       0       0       0       0       0       0       0       0
Total ram usage:        2 bytes
 Hardware stack levels used:    1
 Hardware stack levels required when called:    1
 This function calls:
		i2_I2C_Master_Wait
 This function is called by:
		i2_getRTC
 This function uses a non-reentrant model


 *************** function i2_I2C_Master_Stop *****************
 Defined at:
		line 43 in file "I2C.c"
 Parameters:    Size  Location     Type
		None
 Auto vars:     Size  Location     Type
		None
 Return value:  Size  Location     Type
                  1    wreg      void 
 Registers used:
		wreg, status,2, status,0, cstack
 Tracked objects:
		On entry : 
		On exit  : 
		Unchanged: 
 Data sizes:     COMRAM   BANK0   BANK1   BANK2   BANK3   BANK4   BANK5   BANK6   BANK7   BANK8   BANK9  BANK10  BANK11  BANK12  BANK13  BANK14  BANK15
      Params:         0       0       0       0       0       0       0       0       0       0       0       0       0       0       0       0       0
      Locals:         0       0       0       0       0       0       0       0       0       0       0       0       0       0       0       0       0
      Temps:          0       0       0       0       0       0       0       0       0       0       0       0       0       0       0       0       0
      Totals:         0       0       0       0       0       0       0       0       0       0       0       0       0       0       0       0       0
Total ram usage:        0 bytes
 Hardware stack levels used:    1
 Hardware stack levels required when called:    1
 This function calls:
		i2_I2C_Master_Wait
 This function is called by:
		i2_getRTC
 This function uses a non-reentrant model


 *************** function i2_I2C_Master_Start *****************
 Defined at:
		line 31 in file "I2C.c"
 Parameters:    Size  Location     Type
		None
 Auto vars:     Size  Location     Type
		None
 Return value:  Size  Location     Type
                  1    wreg      void 
 Registers used:
		wreg, status,2, status,0, cstack
 Tracked objects:
		On entry : 
		On exit  : 
		Unchanged: 
 Data sizes:     COMRAM   BANK0   BANK1   BANK2   BANK3   BANK4   BANK5   BANK6   BANK7   BANK8   BANK9  BANK10  BANK11  BANK12  BANK13  BANK14  BANK15
      Params:         0       0       0       0       0       0       0       0       0       0       0       0       0       0       0       0       0
      Locals:         0       0       0       0       0       0       0       0       0       0       0       0       0       0       0       0       0
      Temps:          0       0       0       0       0       0       0       0       0       0       0       0       0       0       0       0       0
      Totals:         0       0       0       0       0       0       0       0       0       0       0       0       0       0       0       0       0
Total ram usage:        0 bytes
 Hardware stack levels used:    1
 Hardware stack levels required when called:    1
 This function calls:
		i2_I2C_Master_Wait
 This function is called by:
		i2_getRTC
 This function uses a non-reentrant model


 *************** function i2_I2C_Master_Read *****************
 Defined at:
		line 55 in file "I2C.c"
 Parameters:    Size  Location     Type
  a               1    wreg     unsigned char 
 Auto vars:     Size  Location     Type
  a               1    1[COMRAM] unsigned char 
  I2C_Master_R    1    2[COMRAM] unsigned char 
 Return value:  Size  Location     Type
                  1    wreg      unsigned char 
 Registers used:
		wreg, status,2, status,0, cstack
 Tracked objects:
		On entry : 
		On exit  : 
		Unchanged: 
 Data sizes:     COMRAM   BANK0   BANK1   BANK2   BANK3   BANK4   BANK5   BANK6   BANK7   BANK8   BANK9  BANK10  BANK11  BANK12  BANK13  BANK14  BANK15
      Params:         0       0       0       0       0       0       0       0       0       0       0       0       0       0       0       0       0
      Locals:         2       0       0       0       0       0       0       0       0       0       0       0       0       0       0       0       0
      Temps:          0       0       0       0       0       0       0       0       0       0       0       0       0       0       0       0       0
      Totals:         2       0       0       0       0       0       0       0       0       0       0       0       0       0       0       0       0
Total ram usage:        2 bytes
 Hardware stack levels used:    1
 Hardware stack levels required when called:    1
 This function calls:
		i2_I2C_Master_Wait
 This function is called by:
		i2_getRTC
 This function uses a non-reentrant model


 *************** function i2_I2C_Master_Wait *****************
 Defined at:
		line 26 in file "I2C.c"
 Parameters:    Size  Location     Type
		None
 Auto vars:     Size  Location     Type
		None
 Return value:  Size  Location     Type
                  1    wreg      void 
 Registers used:
		wreg, status,2, status,0
 Tracked objects:
		On entry : 
		On exit  : 
		Unchanged: 
 Data sizes:     COMRAM   BANK0   BANK1   BANK2   BANK3   BANK4   BANK5   BANK6   BANK7   BANK8   BANK9  BANK10  BANK11  BANK12  BANK13  BANK14  BANK15
      Params:         0       0       0       0       0       0       0       0       0       0       0       0       0       0       0       0       0
      Locals:         0       0       0       0       0       0       0       0       0       0       0       0       0       0       0       0       0
      Temps:          1       0       0       0       0       0       0       0       0       0       0       0       0       0       0       0       0
      Totals:         1       0       0       0       0       0       0       0       0       0       0       0       0       0       0       0       0
Total ram usage:        1 bytes
 Hardware stack levels used:    1
 This function calls:
		Nothing
 This function is called by:
		i2_I2C_Master_Start
		i2_I2C_Master_Stop
		i2_I2C_Master_Write
		i2_I2C_Master_Read
 This function uses a non-reentrant model



MODULE INFORMATION

Module		Function		Class		Link	Load	Size
D:\Program Files (x86)\Microchip\xc8\v1.40\sources\common\lwmod.c
		___lwmod       		CODE           	2A0C	0000	99

D:\Program Files (x86)\Microchip\xc8\v1.40\sources\common\lwmod.c estimated size: 99

D:\Program Files (x86)\Microchip\xc8\v1.40\sources\common\awmod.c
		___awmod       		CODE           	2584	0000	163

D:\Program Files (x86)\Microchip\xc8\v1.40\sources\common\awmod.c estimated size: 163

ADCFunctionality.c
		_readMAG       		CODE           	2C68	0000	75
		_readADC       		CODE           	3054	0000	45

ADCFunctionality.c estimated size: 120

D:\Program Files (x86)\Microchip\xc8\v1.40\sources\common\Umul16.c
		___wmul        		CODE           	2DE0	0000	55

D:\Program Files (x86)\Microchip\xc8\v1.40\sources\common\Umul16.c estimated size: 55

PortHigh.c
		_PortTestA5    		CODE           	324C	0000	19

PortHigh.c estimated size: 19

interruptHandler.c
		_handler       		CODE           	0008	0000	357

interruptHandler.c estimated size: 357

sort.c
		_initGlobalVars		CODE           	28C4	0000	113
		_initSortTimer 		CODE           	24DA	0000	171
		_Distribution  		CODE           	1E58	0000	309
		_ID            		CODE           	1F8C	0000	295
		_initServos    		CODE           	2C1E	0000	75
		_sort          		CODE           	3192	0000	35
		_updateServoPosition		CODE           	284E	0000	119
		_Loading       		CODE           	242E	0000	173
		_printSortTimer		CODE           	17E2	0000	507

sort.c estimated size: 1797

I2C.c
		_I2C_Master_Read		CODE           	2FF8	0000	47
		_I2C_Master_Wait		CODE           	3238	0000	21
		_I2C_Master_Init		CODE           	2A6E	0000	97
		_I2C_Master_Stop		CODE           	32C4	0000	9
		_I2C_Master_Write		CODE           	32A8	0000	11
		_I2C_Master_Start		CODE           	32CC	0000	9

I2C.c estimated size: 194

D:\Program Files (x86)\Microchip\xc8\v1.40\sources\common\lwdiv.c
		___lwdiv       		CODE           	27D6	0000	121

D:\Program Files (x86)\Microchip\xc8\v1.40\sources\common\lwdiv.c estimated size: 121

MachineConfig.c
		_machineConfig 		CODE           	2ACE	0000	91

MachineConfig.c estimated size: 91

D:\Program Files (x86)\Microchip\xc8\v1.40\sources\common\awdiv.c
		___awdiv       		CODE           	22B4	0000	191

D:\Program Files (x86)\Microchip\xc8\v1.40\sources\common\awdiv.c estimated size: 191

D:\Program Files (x86)\Microchip\xc8\v1.40\sources\common\lldiv.c
		___lldiv       		CODE           	2372	0000	189

D:\Program Files (x86)\Microchip\xc8\v1.40\sources\common\lldiv.c estimated size: 189

UI.c
		_updateMenu    		CODE           	12EC	0000	705
		_dispLogs      		CODE           	316E	0000	37
		_change_state_to_logs_12		CODE           	2F98	0000	49
		_change_state_to_logs_23		CODE           	3026	0000	47
		_change_state_to_logs_34		CODE           	2F08	0000	49
		_UI            		CODE           	0012	0000	2155
		_change_state_to_menu_12		CODE           	2D72	0000	57
		_change_state_to_menu_23		CODE           	2EA8	0000	49
		_change_state_to_logs_11		CODE           	2FC8	0000	49
		_change_state_to_logs_22		CODE           	2F68	0000	49
		_change_state_to_logs_33		CODE           	2F38	0000	49
		_change_state_to_menu_start		CODE           	3080	0000	45
		_initUI        		CODE           	314A	0000	37
		_change_state_to_menu_11		CODE           	2ED8	0000	49
		_inputHandler  		CODE           	19DC	0000	487
		_change_state_to_menu_22		CODE           	2D3A	0000	57

UI.c estimated size: 3970

EEPROM.c
		_logRun        		CODE           	1D20	0000	313
		_EEPROM_read   		CODE           	31F4	0000	25
		_retrieveLog   		CODE           	20B2	0000	283
		_EEPROM_write  		CODE           	21CC	0000	233

EEPROM.c estimated size: 854

shared
		i2_printf      		CODE           	0CB4	0000	879
		i2_printRTC    		CODE           	15AC	0000	567
		i2_EEPROM_read 		CODE           	3222	0000	23
		i2_I2C_Master_Start		CODE           	32DC	0000	9
		i2_putch       		CODE           	3290	0000	13
		i2_lcdNibble   		CODE           	2B28	0000	87
		_dpowers       		MEDIUMCONST    	FDA2	0000	11
		i2___lwdiv     		CODE           	2B7E	0000	83
		i2_isdigit     		CODE           	31D6	0000	31
		i2_strcpy      		CODE           	2E16	0000	51
		i2___wmul      		CODE           	30FE	0000	39
		i2_I2C_Master_Read		CODE           	3124	0000	39
		i2___lwmod     		CODE           	2CF8	0000	67
		_keys          		MEDIUMCONST    	FD91	0000	18
		__initialization		CODE           	2BD0	0000	69
		i2_change_state_to_menu_12		CODE           	2E78	0000	49
		i2_change_state_to_menu_22		CODE           	2E48	0000	49
		i2_I2C_Master_Wait		CODE           	325E	0000	19
		i2_change_state_to_menu_start		CODE           	30D6	0000	41
		i2_I2C_Master_Stop		CODE           	32D4	0000	9
		i2_getRTC      		CODE           	2934	0000	113
		i2_lcdInst     		CODE           	329C	0000	13
		i2_I2C_Master_Write		CODE           	32B2	0000	11

shared estimated size: 2290

D:\Program Files (x86)\Microchip\xc8\v1.40\sources\common\strcpy.c
		_strcpy        		CODE           	2DAA	0000	55

D:\Program Files (x86)\Microchip\xc8\v1.40\sources\common\strcpy.c estimated size: 55

lcd.c
		_putch         		CODE           	3270	0000	17
		_lcdInst       		CODE           	3280	0000	17
		_lcdNibble     		CODE           	29A4	0000	105
		_initLCD       		CODE           	2CB2	0000	71

lcd.c estimated size: 210

D:\Program Files (x86)\Microchip\xc8\v1.40\sources\common\isdigit.c
		_isdigit       		CODE           	30AC	0000	43

D:\Program Files (x86)\Microchip\xc8\v1.40\sources\common\isdigit.c estimated size: 43

D:\Program Files (x86)\Microchip\xc8\v1.40\sources\common\doprnt.c
		_printf        		CODE           	087C	0000	1081

D:\Program Files (x86)\Microchip\xc8\v1.40\sources\common\doprnt.c estimated size: 1081

main.c
		_main          		CODE           	2626	0000	161
		_stopSignals   		CODE           	320C	0000	23

main.c estimated size: 184

RTC.c
		_loadRTC       		CODE           	26C6	0000	141
		_initTime      		CODE           	31B4	0000	35
		_printRTC      		CODE           	1022	0000	715
		_getRTC        		CODE           	2752	0000	133

RTC.c estimated size: 1024

