Microchip MPLAB XC8 Compiler V1.40 ()

Linker command line:

-W-3 --edf=D:\Program Files (x86)\Microchip\xc8\v1.40\dat\en_msgs.txt -cs \
  -h+dist/default/production\AER201_project_new.X.production.sym \
  --cmf=dist/default/production\AER201_project_new.X.production.cmf -z \
  -Q18F4620 -oC:\Users\Tyler\AppData\Local\Temp\scek.2 \
  -Mdist/default/production/AER201_project_new.X.production.map -E1 \
  -ver=XC8 -ASTACK=010Eh-0f7fh -pstack=STACK -ACODE=00h-0FFFFh \
  -ACONST=00h-0FFFFh -ASMALLCONST=01000h-010FFhx240 \
  -AMEDIUMCONST=01000h-0FFFFh -ACOMRAM=01h-07Fh -AABS1=00h-0F7Fh \
  -ABIGRAM=01h-0F7Fh -ARAM=080h-0FFh,0100h-01FFhx14,0F00h-0F7Fh \
  -ABANK0=080h-0FFh -ABANK1=0100h-01FFh -ABANK2=0200h-02FFh \
  -ABANK3=0300h-03FFh -ABANK4=0400h-04FFh -ABANK5=0500h-05FFh \
  -ABANK6=0600h-06FFh -ABANK7=0700h-07FFh -ABANK8=0800h-08FFh \
  -ABANK9=0900h-09FFh -ABANK10=0A00h-0AFFh -ABANK11=0B00h-0BFFh \
  -ABANK12=0C00h-0CFFh -ABANK13=0D00h-0DFFh -ABANK14=0E00h-0EFFh \
  -ABANK15=0F00h-0F7Fh -ASFR=0F80h-0FFFh \
  -preset_vec=00h,intcode=08h,intcodelo,powerup,init -pramtop=01000h \
  -psmallconst=SMALLCONST -pmediumconst=MEDIUMCONST -pconst=CONST \
  -AFARRAM=00h-00h -ACONFIG=0300000h-030000Dh -pconfig=CONFIG \
  -AIDLOC=0200000h-0200007h -pidloc=IDLOC -AEEDATA=0F00000h-0F003FFh \
  -peeprom_data=EEDATA \
  -prdata=COMRAM,nvrram=COMRAM,nvbit=COMRAM,rbss=COMRAM,rbit=COMRAM \
  -pfarbss=FARRAM,fardata=FARRAM,nvFARRAM=FARRAM \
  -pintsave_regs=BIGRAM,bigbss=BIGRAM,bigdata=BIGRAM -pbss=RAM \
  -pidata=CODE,irdata=CODE,ibigdata=CODE,ifardata=CODE -prparam=COMRAM \
  C:\Users\Tyler\AppData\Local\Temp\scek.obj \
  dist/default/production\AER201_project_new.X.production.obj 

Object code version is 3.11

Machine type is 18F4620

Call graph: (short form)




                Name                               Link     Load   Length Selector   Space Scale
C:\Users\Tyler\AppData\Local\Temp\scek.obj
                init                                  E        E        4        4       0
                reset_vec                             0        0        4        0       0
                idloc                            200000   200000        8   200000       0
                config                           300000   300000        E   300000       0
dist/default/production\AER201_project_new.X.production.obj
                intcode                               8        8        6        4       0
                temp                                 7E       7E        1        1       1
                mediumconst                        FDB8     FDB8      248     7EDC       0
                text70                             279A     279A       12        4       0
                text69                             26B4     26B4       26        4       0
                text68                             2818     2818        8        4       0
                text67                             2810     2810        8        4       0
                text66                             27EE     27EE        A        4       0
                text65                             1FE0     1FE0       72        4       0
                text64                             217C     217C       56        4       0
                text63                             27D8     27D8        C        4       0
                text62                             21D2     21D2       52        4       0
                text61                             22FE     22FE       42        4       0
                text60                             268E     268E       26        4       0
                text59                             26FC     26FC       1E        4       0
                text58                             27CC     27CC        C        4       0
                text57                              95E      95E      346        4       0
                text56                             1464     1464      1FA        4       0
                text55                             2774     2774       14        4       0
                text54                             255E     255E       30        4       0
                text53                             252E     252E       30        4       0
                text52                             24FE     24FE       30        4       0
                text51                             25BC     25BC       2E        4       0
                text50                             24CE     24CE       30        4       0
                text49                             249E     249E       30        4       0
                text48                             246E     246E       30        4       0
                text47                             243E     243E       30        4       0
                text46                             240E     240E       30        4       0
                text45                             23DE     23DE       30        4       0
                text44                             165E     165E      1E6        4       0
                text43                             23AC     23AC       32        4       0
                text42                             122E     122E      236        4       0
                text41                             2640     2640       28        4       0
                text40                              F6E      F6E      2C0        4       0
                intcode_body                       1844     1844       DC        4       0
                text38                             2788     2788       12        4       0
                text37                             19EA     19EA       BE        4       0
                text36                             1B64     1B64       A2        4       0
                text35                             2760     2760       14        4       0
                text34                             258E     258E       2E        4       0
                text33                             2808     2808        8        4       0
                text32                             2800     2800        8        4       0
                text31                             27E4     27E4        A        4       0
                text30                             1E68     1E68       86        4       0
                text29                             2052     2052       68        4       0
                text28                             27BC     27BC       10        4       0
                text27                             1F68     1F68       78        4       0
                text26                             20BA     20BA       62        4       0
                text25                             2376     2376       36        4       0
                text24                             2616     2616       2A        4       0
                text23                             27AC     27AC       10        4       0
                text22                              554      554      40A        4       0
                text21                             2340     2340       36        4       0
                text20                              CA4      CA4      2CA        4       0
                text19                               12       12      542        4       0
                text18                             22B8     22B8       46        4       0
                text17                             26DA     26DA       22        4       0
                text16                             25EA     25EA       2C        4       0
                text15                             1AA8     1AA8       BC        4       0
                text14                             211C     211C       60        4       0
                text13                             1DDC     1DDC       8C        4       0
                text12                             271A     271A       1A        4       0
                text11                             2272     2272       46        4       0
                text10                             2824     2824        2        4       0
                text9                              2668     2668       26        4       0
                text8                              2822     2822        2        4       0
                text7                              2820     2820        2        4       0
                text6                              1CA6     1CA6       9E        4       0
                text5                              1920     1920       CA        4       0
                text4                              1C06     1C06       A0        4       0
                text3                              1D44     1D44       98        4       0
                text2                              274A     274A       16        4       0
                text1                              2734     2734       16        4       0
                text0                              1EEE     1EEE       7A        4       0
                cstackCOMRAM                          1        1       5A        1       1
                cstackBANK0                          80       80       54       80       1
                bssBANK1                            100      100        E      100       1
                dataBANK0                            F0       F0        8       80       1
                bssBANK0                             D4       D4       1C       80       1
                bssCOMRAM                            5B       5B       23        1       1
                cinit                              2224     2224       4E        4       0
                idataBANK0                         27F8     27F8        8        4       0

TOTAL           Name                               Link     Load   Length     Space
        CLASS   STACK          

        CLASS   CODE           
                intcode                               8        8        6         0
                init                                  E        E        4         0
                reset_vec                             0        0        4         0
                text70                             279A     279A       12         0
                text69                             26B4     26B4       26         0
                text68                             2818     2818        8         0
                text67                             2810     2810        8         0
                text66                             27EE     27EE        A         0
                text65                             1FE0     1FE0       72         0
                text64                             217C     217C       56         0
                text63                             27D8     27D8        C         0
                text62                             21D2     21D2       52         0
                text61                             22FE     22FE       42         0
                text60                             268E     268E       26         0
                text59                             26FC     26FC       1E         0
                text58                             27CC     27CC        C         0
                text57                              95E      95E      346         0
                text56                             1464     1464      1FA         0
                text55                             2774     2774       14         0
                text54                             255E     255E       30         0
                text53                             252E     252E       30         0
                text52                             24FE     24FE       30         0
                text51                             25BC     25BC       2E         0
                text50                             24CE     24CE       30         0
                text49                             249E     249E       30         0
                text48                             246E     246E       30         0
                text47                             243E     243E       30         0
                text46                             240E     240E       30         0
                text45                             23DE     23DE       30         0
                text44                             165E     165E      1E6         0
                text43                             23AC     23AC       32         0
                text42                             122E     122E      236         0
                text41                             2640     2640       28         0
                text40                              F6E      F6E      2C0         0
                intcode_body                       1844     1844       DC         0
                text38                             2788     2788       12         0
                text37                             19EA     19EA       BE         0
                text36                             1B64     1B64       A2         0
                text35                             2760     2760       14         0
                text34                             258E     258E       2E         0
                text33                             2808     2808        8         0
                text32                             2800     2800        8         0
                text31                             27E4     27E4        A         0
                text30                             1E68     1E68       86         0
                text29                             2052     2052       68         0
                text28                             27BC     27BC       10         0
                text27                             1F68     1F68       78         0
                text26                             20BA     20BA       62         0
                text25                             2376     2376       36         0
                text24                             2616     2616       2A         0
                text23                             27AC     27AC       10         0
                text22                              554      554      40A         0
                text21                             2340     2340       36         0
                text20                              CA4      CA4      2CA         0
                text19                               12       12      542         0
                text18                             22B8     22B8       46         0
                text17                             26DA     26DA       22         0
                text16                             25EA     25EA       2C         0
                text15                             1AA8     1AA8       BC         0
                text14                             211C     211C       60         0
                text13                             1DDC     1DDC       8C         0
                text12                             271A     271A       1A         0
                text11                             2272     2272       46         0
                text10                             2824     2824        2         0
                text9                              2668     2668       26         0
                text8                              2822     2822        2         0
                text7                              2820     2820        2         0
                text6                              1CA6     1CA6       9E         0
                text5                              1920     1920       CA         0
                text4                              1C06     1C06       A0         0
                text3                              1D44     1D44       98         0
                text2                              274A     274A       16         0
                text1                              2734     2734       16         0
                text0                              1EEE     1EEE       7A         0
                cinit                              2224     2224       4E         0
                idataBANK0                         27F8     27F8        8         0

        CLASS   CONST          

        CLASS   SMALLCONST     

        CLASS   MEDIUMCONST    
                mediumconst                        FDB8     FDB8      248         0

        CLASS   COMRAM         
                temp                                 7E       7E        1         1
                cstackCOMRAM                          1        1       5A         1
                bssCOMRAM                            5B       5B       23         1

        CLASS   ABS1           

        CLASS   BIGRAM         

        CLASS   RAM            

        CLASS   BANK0          
                cstackBANK0                          80       80       54         1
                dataBANK0                            F0       F0        8         1
                bssBANK0                             D4       D4       1C         1

        CLASS   BANK1          
                bssBANK1                            100      100        E         1

        CLASS   BANK2          

        CLASS   BANK3          

        CLASS   BANK4          

        CLASS   BANK5          

        CLASS   BANK6          

        CLASS   BANK7          

        CLASS   BANK8          

        CLASS   BANK9          

        CLASS   BANK10         

        CLASS   BANK11         

        CLASS   BANK12         

        CLASS   BANK13         

        CLASS   BANK14         

        CLASS   BANK15         

        CLASS   SFR            

        CLASS   FARRAM         

        CLASS   CONFIG         
                config                           300000   300000        E         0

        CLASS   IDLOC          
                idloc                            200000   200000        8         0

        CLASS   EEDATA         



SEGMENTS        Name                           Load    Length   Top    Selector   Space  Class

                reset_vec                      000000  000004  000004         0       0  CODE    
                cstackCOMRAM                   000001  00007E  00007F         1       1  COMRAM  
                intcode                        000008  00281E  002826         4       0  CODE    
                cstackBANK0                    000080  000078  0000F8        80       1  BANK0   
                bssBANK1                       000100  00000E  00010E       100       1  BANK1   
                mediumconst                    00FDB8  000248  010000      7EDC       0  MEDIUMCO
                idloc                          200000  000008  200008    200000       0  IDLOC   
                config                         300000  00000E  30000E    300000       0  CONFIG  


UNUSED ADDRESS RANGES

        Name                Unused          Largest block    Delta
        BANK0            0000F8-0000FF                8
        BANK1            00010E-0001FF               F2
        BANK10           000A00-000AFF              100
        BANK11           000B00-000BFF              100
        BANK12           000C00-000CFF              100
        BANK13           000D00-000DFF              100
        BANK14           000E00-000EFF              100
        BANK15           000F00-000F7F               80
        BANK2            000200-0002FF              100
        BANK3            000300-0003FF              100
        BANK4            000400-0004FF              100
        BANK5            000500-0005FF              100
        BANK6            000600-0006FF              100
        BANK7            000700-0007FF              100
        BANK8            000800-0008FF              100
        BANK9            000900-0009FF              100
        BIGRAM           00007F-00007F                1
                         0000F8-0000FF                8
                         00010E-000F7F              E72
        CODE             000004-000007                4
                         002826-00FDB7             D592
        COMRAM           00007F-00007F                1
        CONST            000004-000007                4
                         002826-00FDB7             D592
        EEDATA           F00000-F003FF              400
        MEDIUMCONST      002826-00FDB7             D592
        RAM              0000F8-0000FF                8
                         00010E-000F7F              100
        SFR              000F80-000FFF               80
        SMALLCONST       002826-00FDB7              100
        STACK            00010E-000F7F              E72

                                  Symbol Table

?___awdiv                              cstackBANK0  000086
?___awmod                              cstackBANK0  000080
?___lldiv                              cstackBANK0  000080
?___lwdiv                              cstackBANK0  000080
?___lwmod                              cstackBANK0  000087
?___wmul                               cstackBANK0  000080
?_inputHandler                         cstackCOMRAM 00002A
?_printf                               cstackBANK0  00008E
?i2___lwdiv                            cstackCOMRAM 000006
?i2___lwmod                            cstackCOMRAM 000001
?i2___wmul                             cstackCOMRAM 000001
?i2_printf                             cstackCOMRAM 00000D
I2C_Master_Init@c                      cstackBANK0  00008D
I2C_Master_Read@a                      cstackBANK0  000081
I2C_Master_Read@temp                   cstackBANK0  000082
I2C_Master_Write@d                     cstackBANK0  000081
ID@magnetic                            cstackBANK0  000087
ID@side_conductivity                   cstackBANK0  000085
ID@top_bottom_conductivity             cstackBANK0  000083
UI@i                                   cstackBANK0  0000C7
UI@i_634                               cstackBANK0  0000C8
UI@i_635                               cstackBANK0  0000C9
UI@i_638                               cstackBANK0  0000CA
UI@i_639                               cstackBANK0  0000CB
UI@i_642                               cstackBANK0  0000CC
UI@i_643                               cstackBANK0  0000CD
UI@i_646                               cstackBANK0  0000CE
UI@i_647                               cstackBANK0  0000CF
UI@i_650                               cstackBANK0  0000D0
UI@i_651                               cstackBANK0  0000D1
UI@i_654                               cstackBANK0  0000D2
UI@i_655                               cstackBANK0  0000D3
_ACKDT                                 (abs)        007E2D
_ACKEN                                 (abs)        007E2C
_ADCON0                                (abs)        000FC2
_ADCON0bits                            (abs)        000FC2
_ADCON1                                (abs)        000FC1
_ADFM                                  (abs)        007E07
_ADON                                  (abs)        007E10
_CMCONbits                             (abs)        000FB4
_CVRCON                                (abs)        000FB5
_Distribution                          text9        002668
_I2C_Master_Init                       text14       00211C
_I2C_Master_Read                       text34       00258E
_I2C_Master_Start                      text33       002808
_I2C_Master_Stop                       text32       002800
_I2C_Master_Wait                       text35       002760
_I2C_Master_Write                      text31       0027E4
_ID                                    text6        001CA6
_INT1IE                                (abs)        007F83
_INT1IF                                (abs)        007F80
_INTCONbits                            (abs)        000FF2
_IR_in                                 bssBANK0     0000DB
_LATA                                  (abs)        000F89
_LATAbits                              (abs)        000F89
_LATB                                  (abs)        000F8A
_LATC                                  (abs)        000F8B
_LATD                                  (abs)        000F8C
_LATDbits                              (abs)        000F8C
_LATE                                  (abs)        000F8D
_Loading                               text3        001D44
_MAGNETISM_in                          text8        002822
_OSCCON                                (abs)        000FD3
_OSCTUNEbits                           (abs)        000F9B
_PEN                                   (abs)        007E2A
_PORTAbits                             (abs)        000F80
_PORTB                                 (abs)        000F81
_PORTBbits                             (abs)        000F81
_PWMTimerCounter                       bssCOMRAM    00005B
_PortTestA5                            text38       002788
_RCEN                                  (abs)        007E2B
_RSEN                                  (abs)        007E29
_SEN                                   (abs)        007E28
_SSPADD                                (abs)        000FC8
_SSPBUF                                (abs)        000FC9
_SSPCON1                               (abs)        000FC6
_SSPCON2                               (abs)        000FC5
_SSPSTAT                               (abs)        000FC7
_T0CON                                 (abs)        000FD5
_TMR0IE                                (abs)        007F95
_TMR0IF                                (abs)        007F92
_TRISA                                 (abs)        000F92
_TRISB                                 (abs)        000F93
_TRISC                                 (abs)        000F94
_TRISC3                                (abs)        007CA3
_TRISC4                                (abs)        007CA4
_TRISD                                 (abs)        000F95
_TRISE                                 (abs)        000F96
_UI                                    text19       000012
_UI$1913                               cstackBANK0  0000C5
_UIenabled                             bssCOMRAM    00005D
__CFG_BOREN$SBORDIS                    (abs)        000000
__CFG_BORV$3                           (abs)        000000
__CFG_CCP2MX$PORTC                     (abs)        000000
__CFG_CP0$OFF                          (abs)        000000
__CFG_CP1$OFF                          (abs)        000000
__CFG_CP2$OFF                          (abs)        000000
__CFG_CP3$OFF                          (abs)        000000
__CFG_CPB$OFF                          (abs)        000000
__CFG_CPD$OFF                          (abs)        000000
__CFG_EBTR0$OFF                        (abs)        000000
__CFG_EBTR1$OFF                        (abs)        000000
__CFG_EBTR2$OFF                        (abs)        000000
__CFG_EBTR3$OFF                        (abs)        000000
__CFG_EBTRB$OFF                        (abs)        000000
__CFG_FCMEN$OFF                        (abs)        000000
__CFG_IESO$OFF                         (abs)        000000
__CFG_LPT1OSC$OFF                      (abs)        000000
__CFG_LVP$OFF                          (abs)        000000
__CFG_MCLRE$ON                         (abs)        000000
__CFG_OSC$INTIO67                      (abs)        000000
__CFG_PBADEN$ON                        (abs)        000000
__CFG_PWRT$OFF                         (abs)        000000
__CFG_STVREN$ON                        (abs)        000000
__CFG_WDT$OFF                          (abs)        000000
__CFG_WDTPS$32768                      (abs)        000000
__CFG_WRT0$OFF                         (abs)        000000
__CFG_WRT1$OFF                         (abs)        000000
__CFG_WRT2$OFF                         (abs)        000000
__CFG_WRT3$OFF                         (abs)        000000
__CFG_WRTB$OFF                         (abs)        000000
__CFG_WRTC$OFF                         (abs)        000000
__CFG_WRTD$OFF                         (abs)        000000
__CFG_XINST$OFF                        (abs)        000000
__HRAM                                 (abs)        000000
__Habs1                                abs1         000000
__Hbank0                               bank0        000000
__Hbank1                               bank1        000000
__Hbank10                              bank10       000000
__Hbank11                              bank11       000000
__Hbank12                              bank12       000000
__Hbank13                              bank13       000000
__Hbank14                              bank14       000000
__Hbank15                              bank15       000000
__Hbank2                               bank2        000000
__Hbank3                               bank3        000000
__Hbank4                               bank4        000000
__Hbank5                               bank5        000000
__Hbank6                               bank6        000000
__Hbank7                               bank7        000000
__Hbank8                               bank8        000000
__Hbank9                               bank9        000000
__Hbigbss                              bigbss       000000
__Hbigdata                             bigdata      000000
__Hbigram                              bigram       000000
__Hbss                                 bss          000000
__HbssBANK0                            bssBANK0     000000
__HbssBANK1                            bssBANK1     000000
__HbssCOMRAM                           bssCOMRAM    000000
__Hcinit                               cinit        000000
__Hclrtext                             clrtext      000000
__Hcomram                              comram       000000
__Hconfig                              config       30000E
__Hconst                               const        000000
__HcstackBANK0                         cstackBANK0  000000
__HcstackCOMRAM                        cstackCOMRAM 000000
__Hdata                                data         000000
__HdataBANK0                           dataBANK0    000000
__Heeprom_data                         eeprom_data  000000
__Hfarbss                              farbss       000000
__Hfardata                             fardata      000000
__Hibigdata                            ibigdata     000000
__Hidata                               idata        000000
__HidataBANK0                          idataBANK0   000000
__Hidloc                               idloc        200008
__Hifardata                            ifardata     000000
__Hinit                                init         000012
__Hintcode                             intcode      00000E
__Hintcode_body                        intcode_body 000000
__Hintcodelo                           intcodelo    00000E
__Hintentry                            intentry     000000
__Hintret                              intret       000000
__Hintsave_regs                        intsave_regs 000000
__Hirdata                              irdata       000000
__Hmediumconst                         mediumconst  010000
__HnvFARRAM                            nvFARRAM     000000
__Hnvbit                               nvbit        000000
__Hnvrram                              nvrram       000000
__Hparam                               rparam       000000
__Hpowerup                             powerup      00000E
__Hram                                 ram          000000
__Hramtop                              ramtop       001000
__Hrbit                                rbit         000000
__Hrbss                                rbss         000000
__Hrdata                               rdata        000000
__Hreset_vec                           reset_vec    000004
__Hrparam                              rparam       000000
__Hsfr                                 sfr          000000
__Hsmallconst                          smallconst   000000
__Hspace_0                             (abs)        30000E
__Hspace_1                             (abs)        00010E
__Hspace_2                             (abs)        000000
__Hstack                               stack        000000
__Hstruct                              struct       000000
__Htemp                                temp         00007F
__Htext                                text         000000
__Htext0                               text0        000000
__Htext1                               text1        000000
__Htext10                              text10       000000
__Htext11                              text11       000000
__Htext12                              text12       000000
__Htext13                              text13       000000
__Htext14                              text14       000000
__Htext15                              text15       000000
__Htext16                              text16       000000
__Htext17                              text17       000000
__Htext18                              text18       000000
__Htext19                              text19       000000
__Htext2                               text2        000000
__Htext20                              text20       000000
__Htext21                              text21       000000
__Htext22                              text22       000000
__Htext23                              text23       000000
__Htext24                              text24       000000
__Htext25                              text25       000000
__Htext26                              text26       000000
__Htext27                              text27       000000
__Htext28                              text28       000000
__Htext29                              text29       000000
__Htext3                               text3        000000
__Htext30                              text30       000000
__Htext31                              text31       000000
__Htext32                              text32       000000
__Htext33                              text33       000000
__Htext34                              text34       000000
__Htext35                              text35       000000
__Htext36                              text36       000000
__Htext37                              text37       000000
__Htext38                              text38       000000
__Htext4                               text4        000000
__Htext40                              text40       000000
__Htext41                              text41       000000
__Htext42                              text42       000000
__Htext43                              text43       000000
__Htext44                              text44       000000
__Htext45                              text45       000000
__Htext46                              text46       000000
__Htext47                              text47       000000
__Htext48                              text48       000000
__Htext49                              text49       000000
__Htext5                               text5        000000
__Htext50                              text50       000000
__Htext51                              text51       000000
__Htext52                              text52       000000
__Htext53                              text53       000000
__Htext54                              text54       000000
__Htext55                              text55       000000
__Htext56                              text56       000000
__Htext57                              text57       000000
__Htext58                              text58       000000
__Htext59                              text59       000000
__Htext6                               text6        000000
__Htext60                              text60       000000
__Htext61                              text61       000000
__Htext62                              text62       000000
__Htext63                              text63       000000
__Htext64                              text64       000000
__Htext65                              text65       000000
__Htext66                              text66       000000
__Htext67                              text67       000000
__Htext68                              text68       000000
__Htext69                              text69       000000
__Htext7                               text7        000000
__Htext70                              text70       000000
__Htext8                               text8        000000
__Htext9                               text9        000000
__LRAM                                 (abs)        000001
__Labs1                                abs1         000000
__Lbank0                               bank0        000000
__Lbank1                               bank1        000000
__Lbank10                              bank10       000000
__Lbank11                              bank11       000000
__Lbank12                              bank12       000000
__Lbank13                              bank13       000000
__Lbank14                              bank14       000000
__Lbank15                              bank15       000000
__Lbank2                               bank2        000000
__Lbank3                               bank3        000000
__Lbank4                               bank4        000000
__Lbank5                               bank5        000000
__Lbank6                               bank6        000000
__Lbank7                               bank7        000000
__Lbank8                               bank8        000000
__Lbank9                               bank9        000000
__Lbigbss                              bigbss       000000
__Lbigdata                             bigdata      000000
__Lbigram                              bigram       000000
__Lbss                                 bss          000000
__LbssBANK0                            bssBANK0     000000
__LbssBANK1                            bssBANK1     000000
__LbssCOMRAM                           bssCOMRAM    000000
__Lcinit                               cinit        000000
__Lclrtext                             clrtext      000000
__Lcomram                              comram       000000
__Lconfig                              config       300000
__Lconst                               const        000000
__LcstackBANK0                         cstackBANK0  000000
__LcstackCOMRAM                        cstackCOMRAM 000000
__Ldata                                data         000000
__LdataBANK0                           dataBANK0    000000
__Leeprom_data                         eeprom_data  000000
__Lfarbss                              farbss       000000
__Lfardata                             fardata      000000
__Libigdata                            ibigdata     000000
__Lidata                               idata        000000
__LidataBANK0                          idataBANK0   000000
__Lidloc                               idloc        200000
__Lifardata                            ifardata     000000
__Linit                                init         00000E
__Lintcode                             intcode      000008
__Lintcode_body                        intcode_body 000000
__Lintcodelo                           intcodelo    00000E
__Lintentry                            intentry     000000
__Lintret                              intret       000000
__Lintsave_regs                        intsave_regs 000000
__Lirdata                              irdata       000000
__Lmediumconst                         mediumconst  00FDB8
__LnvFARRAM                            nvFARRAM     000000
__Lnvbit                               nvbit        000000
__Lnvrram                              nvrram       000000
__Lparam                               rparam       000000
__Lpowerup                             powerup      00000E
__Lram                                 ram          000000
__Lramtop                              ramtop       001000
__Lrbit                                rbit         000000
__Lrbss                                rbss         000000
__Lrdata                               rdata        000000
__Lreset_vec                           reset_vec    000000
__Lrparam                              rparam       000000
__Lsfr                                 sfr          000000
__Lsmallconst                          smallconst   000000
__Lspace_0                             (abs)        000000
__Lspace_1                             (abs)        000000
__Lspace_2                             (abs)        000000
__Lstack                               stack        000000
__Lstruct                              struct       000000
__Ltemp                                temp         00007E
__Ltext                                text         000000
__Ltext0                               text0        000000
__Ltext1                               text1        000000
__Ltext10                              text10       000000
__Ltext11                              text11       000000
__Ltext12                              text12       000000
__Ltext13                              text13       000000
__Ltext14                              text14       000000
__Ltext15                              text15       000000
__Ltext16                              text16       000000
__Ltext17                              text17       000000
__Ltext18                              text18       000000
__Ltext19                              text19       000000
__Ltext2                               text2        000000
__Ltext20                              text20       000000
__Ltext21                              text21       000000
__Ltext22                              text22       000000
__Ltext23                              text23       000000
__Ltext24                              text24       000000
__Ltext25                              text25       000000
__Ltext26                              text26       000000
__Ltext27                              text27       000000
__Ltext28                              text28       000000
__Ltext29                              text29       000000
__Ltext3                               text3        000000
__Ltext30                              text30       000000
__Ltext31                              text31       000000
__Ltext32                              text32       000000
__Ltext33                              text33       000000
__Ltext34                              text34       000000
__Ltext35                              text35       000000
__Ltext36                              text36       000000
__Ltext37                              text37       000000
__Ltext38                              text38       000000
__Ltext4                               text4        000000
__Ltext40                              text40       000000
__Ltext41                              text41       000000
__Ltext42                              text42       000000
__Ltext43                              text43       000000
__Ltext44                              text44       000000
__Ltext45                              text45       000000
__Ltext46                              text46       000000
__Ltext47                              text47       000000
__Ltext48                              text48       000000
__Ltext49                              text49       000000
__Ltext5                               text5        000000
__Ltext50                              text50       000000
__Ltext51                              text51       000000
__Ltext52                              text52       000000
__Ltext53                              text53       000000
__Ltext54                              text54       000000
__Ltext55                              text55       000000
__Ltext56                              text56       000000
__Ltext57                              text57       000000
__Ltext58                              text58       000000
__Ltext59                              text59       000000
__Ltext6                               text6        000000
__Ltext60                              text60       000000
__Ltext61                              text61       000000
__Ltext62                              text62       000000
__Ltext63                              text63       000000
__Ltext64                              text64       000000
__Ltext65                              text65       000000
__Ltext66                              text66       000000
__Ltext67                              text67       000000
__Ltext68                              text68       000000
__Ltext69                              text69       000000
__Ltext7                               text7        000000
__Ltext70                              text70       000000
__Ltext8                               text8        000000
__Ltext9                               text9        000000
__S0                                   (abs)        30000E
__S1                                   (abs)        00010E
__S2                                   (abs)        000000
___awdiv                               text37       0019EA
___awdiv@counter                       cstackBANK0  00008A
___awdiv@dividend                      cstackBANK0  000086
___awdiv@divisor                       cstackBANK0  000088
___awdiv@quotient                      cstackBANK0  00008C
___awdiv@sign                          cstackBANK0  00008B
___awmod                               text36       001B64
___awmod@counter                       cstackBANK0  000084
___awmod@dividend                      cstackBANK0  000080
___awmod@divisor                       cstackBANK0  000082
___awmod@sign                          cstackBANK0  000085
___inthi_sp                            stack        000000
___intlo_sp                            stack        000000
___lldiv                               text15       001AA8
___lldiv@counter                       cstackBANK0  00008C
___lldiv@dividend                      cstackBANK0  000080
___lldiv@divisor                       cstackBANK0  000084
___lldiv@quotient                      cstackBANK0  000088
___lwdiv                               text27       001F68
___lwdiv@counter                       cstackBANK0  000086
___lwdiv@dividend                      cstackBANK0  000080
___lwdiv@divisor                       cstackBANK0  000082
___lwdiv@quotient                      cstackBANK0  000084
___lwmod                               text26       0020BA
___lwmod@counter                       cstackBANK0  00008B
___lwmod@dividend                      cstackBANK0  000087
___lwmod@divisor                       cstackBANK0  000089
___param_bank                          (abs)        000000
___rparam_used                         (abs)        000001
___sp                                  stack        000000
___wmul                                text25       002376
___wmul@multiplicand                   cstackBANK0  000082
___wmul@multiplier                     cstackBANK0  000080
___wmul@product                        cstackBANK0  000084
__accesstop                            (abs)        000080
__activetblptr                         (abs)        000003
__end_of_Distribution                  text9        00268E
__end_of_I2C_Master_Init               text14       00217C
__end_of_I2C_Master_Read               text34       0025BC
__end_of_I2C_Master_Start              text33       002810
__end_of_I2C_Master_Stop               text32       002808
__end_of_I2C_Master_Wait               text35       002774
__end_of_I2C_Master_Write              text31       0027EE
__end_of_ID                            text6        001D44
__end_of_Loading                       text3        001DDC
__end_of_MAGNETISM_in                  text8        002824
__end_of_PortTestA5                    text38       00279A
__end_of_UI                            text19       000554
__end_of___awdiv                       text37       001AA8
__end_of___awmod                       text36       001C06
__end_of___lldiv                       text15       001B64
__end_of___lwdiv                       text27       001FE0
__end_of___lwmod                       text26       00211C
__end_of___wmul                        text25       0023AC
__end_of__initialization               cinit        002268
__end_of_change_state_to_logs_11       text54       00258E
__end_of_change_state_to_logs_12       text53       00255E
__end_of_change_state_to_logs_22       text52       00252E
__end_of_change_state_to_logs_23       text51       0025EA
__end_of_change_state_to_logs_33       text50       0024FE
__end_of_change_state_to_logs_34       text49       0024CE
__end_of_change_state_to_menu_11       text48       00249E
__end_of_change_state_to_menu_12       text47       00246E
__end_of_change_state_to_menu_22       text46       00243E
__end_of_change_state_to_menu_23       text45       00240E
__end_of_change_state_to_menu_start    text16       002616
__end_of_dispLogs                      text55       002788
__end_of_dpowers                       mediumconst  00FDD4
__end_of_getIR                         text5        0019EA
__end_of_getRTC                        text30       001EEE
__end_of_handler                       intcode_body 001920
__end_of_initLCD                       text18       0022FE
__end_of_initSortTimer                 text4        001CA6
__end_of_initTime                      text17       0026FC
__end_of_initUI                        text12       002734
__end_of_inputHandler                  text44       001844
__end_of_isdigit                       text24       002640
__end_of_keys                          mediumconst  00FDCA
__end_of_lcdInst                       text28       0027CC
__end_of_lcdNibble                     text29       0020BA
__end_of_loadRTC                       text13       001E68
__end_of_machineConfig                 text11       0022B8
__end_of_main                          text0        001F68
__end_of_moveServoBlock                text7        002822
__end_of_moveServoCup                  text10       002826
__end_of_printRTC                      text20       000F6E
__end_of_printSortTimer                text56       00165E
__end_of_printf                        text22       00095E
__end_of_putch                         text23       0027BC
__end_of_sort                          text2        002760
__end_of_stopSignals                   text1        00274A
__end_of_strcpy                        text21       002376
__end_of_updateMenu                    text40       00122E
__end_ofi2_I2C_Master_Read             text69       0026DA
__end_ofi2_I2C_Master_Start            text68       002820
__end_ofi2_I2C_Master_Stop             text67       002818
__end_ofi2_I2C_Master_Wait             text70       0027AC
__end_ofi2_I2C_Master_Write            text66       0027F8
__end_ofi2___lwdiv                     text62       002224
__end_ofi2___lwmod                     text61       002340
__end_ofi2___wmul                      text60       0026B4
__end_ofi2_change_state_to_menu_start  text41       002668
__end_ofi2_getRTC                      text65       002052
__end_ofi2_isdigit                     text59       00271A
__end_ofi2_lcdInst                     text63       0027E4
__end_ofi2_lcdNibble                   text64       0021D2
__end_ofi2_printRTC                    text42       001464
__end_ofi2_printf                      text57       000CA4
__end_ofi2_putch                       text58       0027D8
__end_ofi2_strcpy                      text43       0023DE
__initialization                       cinit        002224
__mediumconst                          mediumconst  00FDB8
__pbssBANK0                            bssBANK0     0000D4
__pbssBANK1                            bssBANK1     000100
__pbssCOMRAM                           bssCOMRAM    00005B
__pcinit                               cinit        002224
__pcstackBANK0                         cstackBANK0  000080
__pcstackCOMRAM                        cstackCOMRAM 000001
__pdataBANK0                           dataBANK0    0000F0
__pidataBANK0                          idataBANK0   0027F8
__pintcode                             intcode      000008
__pintcode_body                        intcode_body 001844
__pmediumconst                         mediumconst  00FDB8
__ptext0                               text0        001EEE
__ptext1                               text1        002734
__ptext10                              text10       002824
__ptext11                              text11       002272
__ptext12                              text12       00271A
__ptext13                              text13       001DDC
__ptext14                              text14       00211C
__ptext15                              text15       001AA8
__ptext16                              text16       0025EA
__ptext17                              text17       0026DA
__ptext18                              text18       0022B8
__ptext19                              text19       000012
__ptext2                               text2        00274A
__ptext20                              text20       000CA4
__ptext21                              text21       002340
__ptext22                              text22       000554
__ptext23                              text23       0027AC
__ptext24                              text24       002616
__ptext25                              text25       002376
__ptext26                              text26       0020BA
__ptext27                              text27       001F68
__ptext28                              text28       0027BC
__ptext29                              text29       002052
__ptext3                               text3        001D44
__ptext30                              text30       001E68
__ptext31                              text31       0027E4
__ptext32                              text32       002800
__ptext33                              text33       002808
__ptext34                              text34       00258E
__ptext35                              text35       002760
__ptext36                              text36       001B64
__ptext37                              text37       0019EA
__ptext38                              text38       002788
__ptext4                               text4        001C06
__ptext40                              text40       000F6E
__ptext41                              text41       002640
__ptext42                              text42       00122E
__ptext43                              text43       0023AC
__ptext44                              text44       00165E
__ptext45                              text45       0023DE
__ptext46                              text46       00240E
__ptext47                              text47       00243E
__ptext48                              text48       00246E
__ptext49                              text49       00249E
__ptext5                               text5        001920
__ptext50                              text50       0024CE
__ptext51                              text51       0025BC
__ptext52                              text52       0024FE
__ptext53                              text53       00252E
__ptext54                              text54       00255E
__ptext55                              text55       002774
__ptext56                              text56       001464
__ptext57                              text57       00095E
__ptext58                              text58       0027CC
__ptext59                              text59       0026FC
__ptext6                               text6        001CA6
__ptext60                              text60       00268E
__ptext61                              text61       0022FE
__ptext62                              text62       0021D2
__ptext63                              text63       0027D8
__ptext64                              text64       00217C
__ptext65                              text65       001FE0
__ptext66                              text66       0027EE
__ptext67                              text67       002810
__ptext68                              text68       002818
__ptext69                              text69       0026B4
__ptext7                               text7        002820
__ptext70                              text70       00279A
__ptext8                               text8        002822
__ptext9                               text9        002668
__ramtop                               ramtop       001000
__size_of_Distribution                 (abs)        000000
__size_of_I2C_Master_Init              (abs)        000000
__size_of_I2C_Master_Read              (abs)        000000
__size_of_I2C_Master_Start             (abs)        000000
__size_of_I2C_Master_Stop              (abs)        000000
__size_of_I2C_Master_Wait              (abs)        000000
__size_of_I2C_Master_Write             (abs)        000000
__size_of_ID                           (abs)        000000
__size_of_Loading                      (abs)        000000
__size_of_MAGNETISM_in                 (abs)        000000
__size_of_PortTestA5                   (abs)        000000
__size_of_UI                           (abs)        000000
__size_of___awdiv                      (abs)        000000
__size_of___awmod                      (abs)        000000
__size_of___lldiv                      (abs)        000000
__size_of___lwdiv                      (abs)        000000
__size_of___lwmod                      (abs)        000000
__size_of___wmul                       (abs)        000000
__size_of_change_state_to_logs_11      (abs)        000000
__size_of_change_state_to_logs_12      (abs)        000000
__size_of_change_state_to_logs_22      (abs)        000000
__size_of_change_state_to_logs_23      (abs)        000000
__size_of_change_state_to_logs_33      (abs)        000000
__size_of_change_state_to_logs_34      (abs)        000000
__size_of_change_state_to_menu_11      (abs)        000000
__size_of_change_state_to_menu_12      (abs)        000000
__size_of_change_state_to_menu_22      (abs)        000000
__size_of_change_state_to_menu_23      (abs)        000000
__size_of_change_state_to_menu_start   (abs)        000000
__size_of_dispLogs                     (abs)        000000
__size_of_getIR                        (abs)        000000
__size_of_getRTC                       (abs)        000000
__size_of_handler                      (abs)        000000
__size_of_initLCD                      (abs)        000000
__size_of_initSortTimer                (abs)        000000
__size_of_initTime                     (abs)        000000
__size_of_initUI                       (abs)        000000
__size_of_inputHandler                 (abs)        000000
__size_of_isdigit                      (abs)        000000
__size_of_lcdInst                      (abs)        000000
__size_of_lcdNibble                    (abs)        000000
__size_of_loadRTC                      (abs)        000000
__size_of_machineConfig                (abs)        000000
__size_of_main                         (abs)        000000
__size_of_moveServoBlock               (abs)        000000
__size_of_moveServoCup                 (abs)        000000
__size_of_printRTC                     (abs)        000000
__size_of_printSortTimer               (abs)        000000
__size_of_printf                       (abs)        000000
__size_of_putch                        (abs)        000000
__size_of_sort                         (abs)        000000
__size_of_stopSignals                  (abs)        000000
__size_of_strcpy                       (abs)        000000
__size_of_updateMenu                   (abs)        000000
__size_ofi2_I2C_Master_Read            (abs)        000000
__size_ofi2_I2C_Master_Start           (abs)        000000
__size_ofi2_I2C_Master_Stop            (abs)        000000
__size_ofi2_I2C_Master_Wait            (abs)        000000
__size_ofi2_I2C_Master_Write           (abs)        000000
__size_ofi2___lwdiv                    (abs)        000000
__size_ofi2___lwmod                    (abs)        000000
__size_ofi2___wmul                     (abs)        000000
__size_ofi2_change_state_to_menu_start (abs)        000000
__size_ofi2_getRTC                     (abs)        000000
__size_ofi2_isdigit                    (abs)        000000
__size_ofi2_lcdInst                    (abs)        000000
__size_ofi2_lcdNibble                  (abs)        000000
__size_ofi2_printRTC                   (abs)        000000
__size_ofi2_printf                     (abs)        000000
__size_ofi2_putch                      (abs)        000000
__size_ofi2_strcpy                     (abs)        000000
__smallconst                           smallconst   000000
_back                                  bssCOMRAM    00005F
_beamTimerCounter                      bssBANK0     0000DD
_block                                 bssCOMRAM    00007B
_canType                               bssCOMRAM    00007C
_change_state_to_logs_11               text54       00255E
_change_state_to_logs_12               text53       00252E
_change_state_to_logs_22               text52       0024FE
_change_state_to_logs_23               text51       0025BC
_change_state_to_logs_33               text50       0024CE
_change_state_to_logs_34               text49       00249E
_change_state_to_menu_11               text48       00246E
_change_state_to_menu_12               text47       00243E
_change_state_to_menu_22               text46       00240E
_change_state_to_menu_23               text45       0023DE
_change_state_to_menu_start            text16       0025EA
_count_can_no_lab                      bssCOMRAM    000061
_count_can_w_lab                       bssCOMRAM    000063
_count_pop_no_tab                      bssCOMRAM    000065
_count_pop_w_tab                       bssCOMRAM    000067
_count_total                           bssBANK0     0000DF
_cur_state                             bssBANK0     0000E1
_dispLogs                              text55       002774
_down                                  bssCOMRAM    000069
_dpowers                               mediumconst  00FDCA
_enter                                 bssCOMRAM    00006B
_f_ID_receive                          dataBANK0    0000F4
_f_can_coming_to_ID                    bssBANK0     0000E3
_f_can_coming_to_distribution          bssCOMRAM    00006D
_f_can_distributed                     bssCOMRAM    00006F
_f_lastCan                             bssBANK0     0000E5
_f_loadingNewCan                       bssBANK0     0000E7
_first                                 dataBANK0    0000F6
_firstboot                             bssCOMRAM    000071
_getIR                                 text5        001920
_getRTC                                text30       001E68
_handler                               intcode      000008
_initLCD                               text18       0022B8
_initSortTimer                         text4        001C06
_initTime                              text17       0026DA
_initUI                                text12       00271A
_input                                 bssCOMRAM    00007D
_inputHandler                          text44       00165E
_isdigit                               text24       002616
_isdigit$1557                          cstackBANK0  000081
_keys                                  mediumconst  00FDB9
_lcdInst                               text28       0027BC
_lcdNibble                             text29       002052
_loadRTC                               text13       001DDC
_log                                   bssBANK0     0000E9
_logstate                              bssBANK0     0000EB
_machineConfig                         text11       002272
_machine_state                         bssBANK0     0000EF
_main                                  text0        001EEE
_moveServoBlock                        text7        002820
_moveServoCup                          text10       002824
_printRTC                              text20       000CA4
_printSortTimer                        text56       001464
_printSortTimer$2020                   cstackCOMRAM 000045
_printf                                text22       000554
_putch                                 text23       0027AC
_servoSelectFlag                       bssCOMRAM    000073
_servoSwitch                           bssCOMRAM    000075
_sort                                  text2        00274A
_sortTimerCounter                      bssCOMRAM    000077
_startTime                             bssBANK1     000100
_stopSignals                           text1        002734
_strcpy                                text21       002340
_time                                  bssBANK0     0000D4
_total_time                            bssBANK0     0000ED
_up                                    bssCOMRAM    000079
_updateMenu                            text40       000F6E
btemp                                  temp         00007E
dispLogs@myLog                         cstackCOMRAM 000001
end_of_initialization                  cinit        002268
getIR@i                                cstackBANK0  000096
getIR@timeBroken                       cstackBANK0  000088
getRTC@i                               cstackBANK0  000083
i2I2C_Master_Read@a                    cstackCOMRAM 000002
i2I2C_Master_Read@temp                 cstackCOMRAM 000003
i2I2C_Master_Write@d                   cstackCOMRAM 000002
i2_I2C_Master_Read                     text69       0026B4
i2_I2C_Master_Start                    text68       002818
i2_I2C_Master_Stop                     text67       002810
i2_I2C_Master_Wait                     text70       00279A
i2_I2C_Master_Write                    text66       0027EE
i2___lwdiv                             text62       0021D2
i2___lwdiv@counter                     cstackCOMRAM 00000C
i2___lwdiv@dividend                    cstackCOMRAM 000006
i2___lwdiv@divisor                     cstackCOMRAM 000008
i2___lwdiv@quotient                    cstackCOMRAM 00000A
i2___lwmod                             text61       0022FE
i2___lwmod@counter                     cstackCOMRAM 000005
i2___lwmod@dividend                    cstackCOMRAM 000001
i2___lwmod@divisor                     cstackCOMRAM 000003
i2___wmul                              text60       00268E
i2___wmul@multiplicand                 cstackCOMRAM 000003
i2___wmul@multiplier                   cstackCOMRAM 000001
i2___wmul@product                      cstackCOMRAM 000005
i2_change_state_to_menu_start          text41       002640
i2_getRTC                              text65       001FE0
i2_isdigit                             text59       0026FC
i2_isdigit$1557                        cstackCOMRAM 000002
i2_lcdInst                             text63       0027D8
i2_lcdNibble                           text64       00217C
i2_printRTC                            text42       00122E
i2_printf                              text57       00095E
i2_putch                               text58       0027CC
i2_strcpy                              text43       0023AC
i2getRTC@i                             cstackCOMRAM 000004
i2isdigit@c                            cstackCOMRAM 000003
i2lcdInst@data                         cstackCOMRAM 000003
i2lcdNibble@data                       cstackCOMRAM 000002
i2lcdNibble@temp                       cstackCOMRAM 000001
i2printRTC@INT_time                    cstackCOMRAM 00002D
i2printRTC@RTC_month                   cstackCOMRAM 00003B
i2printRTC@i                           cstackCOMRAM 000041
i2printRTC@month                       cstackCOMRAM 00003D
i2printf@ap                            cstackCOMRAM 00001E
i2printf@c                             cstackCOMRAM 000027
i2printf@cp                            cstackCOMRAM 000020
i2printf@f                             cstackCOMRAM 00000D
i2printf@flag                          cstackCOMRAM 000026
i2printf@len                           cstackCOMRAM 000024
i2printf@prec                          cstackCOMRAM 00001D
i2printf@val                           cstackCOMRAM 000022
i2printf@width                         cstackCOMRAM 000028
i2putch@data                           cstackCOMRAM 000003
i2strcpy@cp                            cstackCOMRAM 000005
i2strcpy@from                          cstackCOMRAM 000003
i2strcpy@to                            cstackCOMRAM 000001
initSortTimer@i                        cstackBANK0  000088
initTime@DD                            cstackBANK0  000083
initTime@MM                            cstackBANK0  000084
initTime@YY                            cstackBANK0  000085
initTime@h                             cstackBANK0  000081
initTime@m                             cstackBANK0  000080
initTime@s                             cstackBANK0  000086
initTime@w                             cstackBANK0  000082
int$flags                              temp         00007E
int_func                               intcode_body 001844
intlevel0                              text         000000
intlevel1                              text         000000
intlevel2                              text         000000
intlevel3                              text         000000
isdigit@c                              cstackBANK0  000082
lcdInst@data                           cstackBANK0  000082
lcdNibble@data                         cstackBANK0  000081
lcdNibble@temp                         cstackBANK0  000080
loadRTC@i                              cstackBANK0  000096
printRTC@F3177                         dataBANK0    0000F0
printRTC@INT_time                      cstackBANK0  0000AE
printRTC@RTC_month                     cstackBANK0  0000BC
printRTC@i                             cstackBANK0  0000C2
printRTC@month                         cstackBANK0  0000BE
printSortTimer@curTime                 cstackCOMRAM 00002D
printSortTimer@cur_sec                 cstackCOMRAM 00003D
printSortTimer@hour                    cstackCOMRAM 00003F
printSortTimer@i                       cstackCOMRAM 000049
printSortTimer@min                     cstackCOMRAM 000041
printSortTimer@sec                     cstackCOMRAM 000043
printSortTimer@start_sec               cstackCOMRAM 00003B
printSortTimer@timeDiff                cstackCOMRAM 000047
printf@ap                              cstackBANK0  00009F
printf@c                               cstackBANK0  0000A8
printf@cp                              cstackBANK0  0000A1
printf@f                               cstackBANK0  00008E
printf@flag                            cstackBANK0  0000A7
printf@len                             cstackBANK0  0000A5
printf@prec                            cstackBANK0  00009E
printf@val                             cstackBANK0  0000A3
printf@width                           cstackBANK0  0000A9
putch@data                             cstackBANK0  000082
stackhi                                (abs)        000F7F
stacklo                                (abs)        00010E
start                                  init         00000E
start_initialization                   cinit        002224
strcpy@cp                              cstackBANK0  000084
strcpy@from                            cstackBANK0  000082
strcpy@to                              cstackBANK0  000080


FUNCTION INFORMATION:

 *************** function _main *****************
 Defined at:
		line 13 in file "main.c"
 Parameters:    Size  Location     Type
		None
 Auto vars:     Size  Location     Type
		None
 Return value:  Size  Location     Type
                  1    wreg      void 
 Registers used:
		wreg, fsr0l, fsr0h, fsr2l, fsr2h, status,2, status,0, tblptrl, tblptrh, tblptru, prodl, prodh, cstack
 Tracked objects:
		On entry : 
		On exit  : 
		Unchanged: 
 Data sizes:     COMRAM   BANK0   BANK1   BANK2   BANK3   BANK4   BANK5   BANK6   BANK7   BANK8   BANK9  BANK10  BANK11  BANK12  BANK13  BANK14  BANK15
      Params:         0       0       0       0       0       0       0       0       0       0       0       0       0       0       0       0       0
      Locals:         0       0       0       0       0       0       0       0       0       0       0       0       0       0       0       0       0
      Temps:          0       0       0       0       0       0       0       0       0       0       0       0       0       0       0       0       0
      Totals:         0       0       0       0       0       0       0       0       0       0       0       0       0       0       0       0       0
Total ram usage:        0 bytes
 Hardware stack levels required when called:   13
 This function calls:
		_PortTestA5
		_UI
		_initLCD
		_initTime
		_initUI
		_machineConfig
		_sort
		_stopSignals
 This function is called by:
		Startup code after reset
 This function uses a non-reentrant model


 *************** function _stopSignals *****************
 Defined at:
		line 46 in file "main.c"
 Parameters:    Size  Location     Type
		None
 Auto vars:     Size  Location     Type
		None
 Return value:  Size  Location     Type
                  1    wreg      void 
 Registers used:
		wreg, status,2
 Tracked objects:
		On entry : 
		On exit  : 
		Unchanged: 
 Data sizes:     COMRAM   BANK0   BANK1   BANK2   BANK3   BANK4   BANK5   BANK6   BANK7   BANK8   BANK9  BANK10  BANK11  BANK12  BANK13  BANK14  BANK15
      Params:         0       0       0       0       0       0       0       0       0       0       0       0       0       0       0       0       0
      Locals:         0       0       0       0       0       0       0       0       0       0       0       0       0       0       0       0       0
      Temps:          0       0       0       0       0       0       0       0       0       0       0       0       0       0       0       0       0
      Totals:         0       0       0       0       0       0       0       0       0       0       0       0       0       0       0       0       0
Total ram usage:        0 bytes
 Hardware stack levels used:    1
 Hardware stack levels required when called:    7
 This function calls:
		Nothing
 This function is called by:
		_main
 This function uses a non-reentrant model


 *************** function _sort *****************
 Defined at:
		line 30 in file "sort.c"
 Parameters:    Size  Location     Type
		None
 Auto vars:     Size  Location     Type
		None
 Return value:  Size  Location     Type
                  1    wreg      void 
 Registers used:
		wreg, fsr2l, fsr2h, status,2, status,0, prodl, prodh, cstack
 Tracked objects:
		On entry : 
		On exit  : 
		Unchanged: 
 Data sizes:     COMRAM   BANK0   BANK1   BANK2   BANK3   BANK4   BANK5   BANK6   BANK7   BANK8   BANK9  BANK10  BANK11  BANK12  BANK13  BANK14  BANK15
      Params:         0       0       0       0       0       0       0       0       0       0       0       0       0       0       0       0       0
      Locals:         0       0       0       0       0       0       0       0       0       0       0       0       0       0       0       0       0
      Temps:          0       0       0       0       0       0       0       0       0       0       0       0       0       0       0       0       0
      Totals:         0       0       0       0       0       0       0       0       0       0       0       0       0       0       0       0       0
Total ram usage:        0 bytes
 Hardware stack levels used:    1
 Hardware stack levels required when called:   12
 This function calls:
		_Distribution
		_ID
		_Loading
 This function is called by:
		_main
 This function uses a non-reentrant model


 *************** function _Loading *****************
 Defined at:
		line 37 in file "sort.c"
 Parameters:    Size  Location     Type
		None
 Auto vars:     Size  Location     Type
		None
 Return value:  Size  Location     Type
                  1    wreg      void 
 Registers used:
		wreg, fsr2l, fsr2h, status,2, status,0, prodl, prodh, cstack
 Tracked objects:
		On entry : 
		On exit  : 
		Unchanged: 
 Data sizes:     COMRAM   BANK0   BANK1   BANK2   BANK3   BANK4   BANK5   BANK6   BANK7   BANK8   BANK9  BANK10  BANK11  BANK12  BANK13  BANK14  BANK15
      Params:         0       0       0       0       0       0       0       0       0       0       0       0       0       0       0       0       0
      Locals:         0       0       0       0       0       0       0       0       0       0       0       0       0       0       0       0       0
      Temps:          0       1       0       0       0       0       0       0       0       0       0       0       0       0       0       0       0
      Totals:         0       1       0       0       0       0       0       0       0       0       0       0       0       0       0       0       0
Total ram usage:        1 bytes
 Hardware stack levels used:    1
 Hardware stack levels required when called:   11
 This function calls:
		_getIR
		_initSortTimer
		_lcdInst
 This function is called by:
		_sort
 This function uses a non-reentrant model


 *************** function _initSortTimer *****************
 Defined at:
		line 112 in file "sort.c"
 Parameters:    Size  Location     Type
		None
 Auto vars:     Size  Location     Type
  i               2    8[BANK0 ] int 
 Return value:  Size  Location     Type
                  1    wreg      void 
 Registers used:
		wreg, fsr2l, fsr2h, status,2, status,0, prodl, prodh, cstack
 Tracked objects:
		On entry : 
		On exit  : 
		Unchanged: 
 Data sizes:     COMRAM   BANK0   BANK1   BANK2   BANK3   BANK4   BANK5   BANK6   BANK7   BANK8   BANK9  BANK10  BANK11  BANK12  BANK13  BANK14  BANK15
      Params:         0       0       0       0       0       0       0       0       0       0       0       0       0       0       0       0       0
      Locals:         0       2       0       0       0       0       0       0       0       0       0       0       0       0       0       0       0
      Temps:          0       3       0       0       0       0       0       0       0       0       0       0       0       0       0       0       0
      Totals:         0       5       0       0       0       0       0       0       0       0       0       0       0       0       0       0       0
Total ram usage:        5 bytes
 Hardware stack levels used:    1
 Hardware stack levels required when called:   10
 This function calls:
		_getRTC
 This function is called by:
		_Loading
 This function uses a non-reentrant model


 *************** function _getIR *****************
 Defined at:
		line 150 in file "sort.c"
 Parameters:    Size  Location     Type
		None
 Auto vars:     Size  Location     Type
  i               2   22[BANK0 ] int 
  timeBroken     14    8[BANK0 ] int [7]
 Return value:  Size  Location     Type
                  1    wreg      void 
 Registers used:
		wreg, fsr2l, fsr2h, status,2, status,0, prodl, prodh, cstack
 Tracked objects:
		On entry : 
		On exit  : 
		Unchanged: 
 Data sizes:     COMRAM   BANK0   BANK1   BANK2   BANK3   BANK4   BANK5   BANK6   BANK7   BANK8   BANK9  BANK10  BANK11  BANK12  BANK13  BANK14  BANK15
      Params:         0       0       0       0       0       0       0       0       0       0       0       0       0       0       0       0       0
      Locals:         0      16       0       0       0       0       0       0       0       0       0       0       0       0       0       0       0
      Temps:          0       3       0       0       0       0       0       0       0       0       0       0       0       0       0       0       0
      Totals:         0      19       0       0       0       0       0       0       0       0       0       0       0       0       0       0       0
Total ram usage:       19 bytes
 Hardware stack levels used:    1
 Hardware stack levels required when called:   10
 This function calls:
		_getRTC
 This function is called by:
		_Loading
 This function uses a non-reentrant model


[...]
 Tracked objects:
		On entry : 
		On exit  : 
		Unchanged: 
 Data sizes:     COMRAM   BANK0   BANK1   BANK2   BANK3   BANK4   BANK5   BANK6   BANK7   BANK8   BANK9  BANK10  BANK11  BANK12  BANK13  BANK14  BANK15
      Params:         4       0       0       0       0       0       0       0       0       0       0       0       0       0       0       0       0
      Locals:         1       0       0       0       0       0       0       0       0       0       0       0       0       0       0       0       0
      Temps:          0       0       0       0       0       0       0       0       0       0       0       0       0       0       0       0       0
      Totals:         5       0       0       0       0       0       0       0       0       0       0       0       0       0       0       0       0
Total ram usage:        5 bytes
 Hardware stack levels used:    1
 This function calls:
		Nothing
 This function is called by:
		_printSortTimer
		i2_printf
 This function uses a non-reentrant model


 *************** function i2___lwdiv *****************
 Defined at:
		line 8 in file "D:\Program Files (x86)\Microchip\xc8\v1.40\sources\common\lwdiv.c"
 Parameters:    Size  Location     Type
  dividend        2    5[COMRAM] unsigned int 
  divisor         2    7[COMRAM] unsigned int 
 Auto vars:     Size  Location     Type
  __lwdiv         2    9[COMRAM] unsigned int 
  __lwdiv         1   11[COMRAM] unsigned char 
 Return value:  Size  Location     Type
                  2    5[COMRAM] unsigned int 
 Registers used:
		wreg, status,2, status,0
 Tracked objects:
		On entry : 
		On exit  : 
		Unchanged: 
 Data sizes:     COMRAM   BANK0   BANK1   BANK2   BANK3   BANK4   BANK5   BANK6   BANK7   BANK8   BANK9  BANK10  BANK11  BANK12  BANK13  BANK14  BANK15
      Params:         4       0       0       0       0       0       0       0       0       0       0       0       0       0       0       0       0
      Locals:         3       0       0       0       0       0       0       0       0       0       0       0       0       0       0       0       0
      Temps:          0       0       0       0       0       0       0       0       0       0       0       0       0       0       0       0       0
      Totals:         7       0       0       0       0       0       0       0       0       0       0       0       0       0       0       0       0
Total ram usage:        7 bytes
 Hardware stack levels used:    1
 This function calls:
		Nothing
 This function is called by:
		_printSortTimer
		i2_printf
 This function uses a non-reentrant model


 *************** function i2_lcdInst *****************
 Defined at:
		line 13 in file "lcd.c"
 Parameters:    Size  Location     Type
  data            1    wreg     unsigned char 
 Auto vars:     Size  Location     Type
  data            1    2[COMRAM] unsigned char 
 Return value:  Size  Location     Type
                  1    wreg      void 
 Registers used:
		wreg, status,2, status,0, cstack
 Tracked objects:
		On entry : 
		On exit  : 
		Unchanged: 
 Data sizes:     COMRAM   BANK0   BANK1   BANK2   BANK3   BANK4   BANK5   BANK6   BANK7   BANK8   BANK9  BANK10  BANK11  BANK12  BANK13  BANK14  BANK15
      Params:         0       0       0       0       0       0       0       0       0       0       0       0       0       0       0       0       0
      Locals:         1       0       0       0       0       0       0       0       0       0       0       0       0       0       0       0       0
      Temps:          0       0       0       0       0       0       0       0       0       0       0       0       0       0       0       0       0
      Totals:         1       0       0       0       0       0       0       0       0       0       0       0       0       0       0       0       0
Total ram usage:        1 bytes
 Hardware stack levels used:    1
 Hardware stack levels required when called:    1
 This function calls:
		i2_lcdNibble
 This function is called by:
		_change_state_to_menu_11
		_change_state_to_menu_12
		_change_state_to_menu_22
		_change_state_to_menu_23
		_change_state_to_logs_11
		_change_state_to_logs_12
		_change_state_to_logs_22
		_change_state_to_logs_23
		_change_state_to_logs_33
		_change_state_to_logs_34
		_printSortTimer
		i2_change_state_to_menu_start
		i2_printRTC
 This function uses a non-reentrant model


 *************** function i2_lcdNibble *****************
 Defined at:
		line 23 in file "lcd.c"
 Parameters:    Size  Location     Type
  data            1    wreg     unsigned char 
 Auto vars:     Size  Location     Type
  data            1    1[COMRAM] unsigned char 
  lcdNibble       1    0[COMRAM] unsigned char 
 Return value:  Size  Location     Type
                  1    wreg      void 
 Registers used:
		wreg, status,2, status,0
 Tracked objects:
		On entry : 
		On exit  : 
		Unchanged: 
 Data sizes:     COMRAM   BANK0   BANK1   BANK2   BANK3   BANK4   BANK5   BANK6   BANK7   BANK8   BANK9  BANK10  BANK11  BANK12  BANK13  BANK14  BANK15
      Params:         0       0       0       0       0       0       0       0       0       0       0       0       0       0       0       0       0
      Locals:         2       0       0       0       0       0       0       0       0       0       0       0       0       0       0       0       0
      Temps:          0       0       0       0       0       0       0       0       0       0       0       0       0       0       0       0       0
      Totals:         2       0       0       0       0       0       0       0       0       0       0       0       0       0       0       0       0
Total ram usage:        2 bytes
 Hardware stack levels used:    1
 This function calls:
		Nothing
 This function is called by:
		i2_lcdInst
		i2_putch
 This function uses a non-reentrant model


 *************** function i2_getRTC *****************
 Defined at:
		line 42 in file "RTC.c"
 Parameters:    Size  Location     Type
		None
 Auto vars:     Size  Location     Type
  getRTC          2    3[COMRAM] int 
 Return value:  Size  Location     Type
                  1    wreg      void 
 Registers used:
		wreg, fsr2l, fsr2h, status,2, status,0, cstack
 Tracked objects:
		On entry : 
		On exit  : 
		Unchanged: 
 Data sizes:     COMRAM   BANK0   BANK1   BANK2   BANK3   BANK4   BANK5   BANK6   BANK7   BANK8   BANK9  BANK10  BANK11  BANK12  BANK13  BANK14  BANK15
      Params:         0       0       0       0       0       0       0       0       0       0       0       0       0       0       0       0       0
      Locals:         2       0       0       0       0       0       0       0       0       0       0       0       0       0       0       0       0
      Temps:          0       0       0       0       0       0       0       0       0       0       0       0       0       0       0       0       0
      Totals:         2       0       0       0       0       0       0       0       0       0       0       0       0       0       0       0       0
Total ram usage:        2 bytes
 Hardware stack levels used:    1
 Hardware stack levels required when called:    2
 This function calls:
		i2_I2C_Master_Read
		i2_I2C_Master_Start
		i2_I2C_Master_Stop
		i2_I2C_Master_Write
 This function is called by:
		_printSortTimer
		i2_printRTC
 This function uses a non-reentrant model


 *************** function i2_I2C_Master_Write *****************
 Defined at:
		line 47 in file "I2C.c"
 Parameters:    Size  Location     Type
  d               2    1[COMRAM] unsigned int 
 Auto vars:     Size  Location     Type
		None
 Return value:  Size  Location     Type
                  1    wreg      void 
 Registers used:
		wreg, status,2, status,0, cstack
 Tracked objects:
		On entry : 
		On exit  : 
		Unchanged: 
 Data sizes:     COMRAM   BANK0   BANK1   BANK2   BANK3   BANK4   BANK5   BANK6   BANK7   BANK8   BANK9  BANK10  BANK11  BANK12  BANK13  BANK14  BANK15
      Params:         2       0       0       0       0       0       0       0       0       0       0       0       0       0       0       0       0
      Locals:         0       0       0       0       0       0       0       0       0       0       0       0       0       0       0       0       0
      Temps:          0       0       0       0       0       0       0       0       0       0       0       0       0       0       0       0       0
      Totals:         2       0       0       0       0       0       0       0       0       0       0       0       0       0       0       0       0
Total ram usage:        2 bytes
 Hardware stack levels used:    1
 Hardware stack levels required when called:    1
 This function calls:
		i2_I2C_Master_Wait
 This function is called by:
		i2_getRTC
 This function uses a non-reentrant model


 *************** function i2_I2C_Master_Stop *****************
 Defined at:
		line 41 in file "I2C.c"
 Parameters:    Size  Location     Type
		None
 Auto vars:     Size  Location     Type
		None
 Return value:  Size  Location     Type
                  1    wreg      void 
 Registers used:
		wreg, status,2, status,0, cstack
 Tracked objects:
		On entry : 
		On exit  : 
		Unchanged: 
 Data sizes:     COMRAM   BANK0   BANK1   BANK2   BANK3   BANK4   BANK5   BANK6   BANK7   BANK8   BANK9  BANK10  BANK11  BANK12  BANK13  BANK14  BANK15
      Params:         0       0       0       0       0       0       0       0       0       0       0       0       0       0       0       0       0
      Locals:         0       0       0       0       0       0       0       0       0       0       0       0       0       0       0       0       0
      Temps:          0       0       0       0       0       0       0       0       0       0       0       0       0       0       0       0       0
      Totals:         0       0       0       0       0       0       0       0       0       0       0       0       0       0       0       0       0
Total ram usage:        0 bytes
 Hardware stack levels used:    1
 Hardware stack levels required when called:    1
 This function calls:
		i2_I2C_Master_Wait
 This function is called by:
		i2_getRTC
 This function uses a non-reentrant model


 *************** function i2_I2C_Master_Start *****************
 Defined at:
		line 29 in file "I2C.c"
 Parameters:    Size  Location     Type
		None
 Auto vars:     Size  Location     Type
		None
 Return value:  Size  Location     Type
                  1    wreg      void 
 Registers used:
		wreg, status,2, status,0, cstack
 Tracked objects:
		On entry : 
		On exit  : 
		Unchanged: 
 Data sizes:     COMRAM   BANK0   BANK1   BANK2   BANK3   BANK4   BANK5   BANK6   BANK7   BANK8   BANK9  BANK10  BANK11  BANK12  BANK13  BANK14  BANK15
      Params:         0       0       0       0       0       0       0       0       0       0       0       0       0       0       0       0       0
      Locals:         0       0       0       0       0       0       0       0       0       0       0       0       0       0       0       0       0
      Temps:          0       0       0       0       0       0       0       0       0       0       0       0       0       0       0       0       0
      Totals:         0       0       0       0       0       0       0       0       0       0       0       0       0       0       0       0       0
Total ram usage:        0 bytes
 Hardware stack levels used:    1
 Hardware stack levels required when called:    1
 This function calls:
		i2_I2C_Master_Wait
 This function is called by:
		i2_getRTC
 This function uses a non-reentrant model


 *************** function i2_I2C_Master_Read *****************
 Defined at:
		line 53 in file "I2C.c"
 Parameters:    Size  Location     Type
  a               1    wreg     unsigned char 
 Auto vars:     Size  Location     Type
  a               1    1[COMRAM] unsigned char 
  I2C_Master_R    1    2[COMRAM] unsigned char 
 Return value:  Size  Location     Type
                  1    wreg      unsigned char 
 Registers used:
		wreg, status,2, status,0, cstack
 Tracked objects:
		On entry : 
		On exit  : 
		Unchanged: 
 Data sizes:     COMRAM   BANK0   BANK1   BANK2   BANK3   BANK4   BANK5   BANK6   BANK7   BANK8   BANK9  BANK10  BANK11  BANK12  BANK13  BANK14  BANK15
      Params:         0       0       0       0       0       0       0       0       0       0       0       0       0       0       0       0       0
      Locals:         2       0       0       0       0       0       0       0       0       0       0       0       0       0       0       0       0
      Temps:          0       0       0       0       0       0       0       0       0       0       0       0       0       0       0       0       0
      Totals:         2       0       0       0       0       0       0       0       0       0       0       0       0       0       0       0       0
Total ram usage:        2 bytes
 Hardware stack levels used:    1
 Hardware stack levels required when called:    1
 This function calls:
		i2_I2C_Master_Wait
 This function is called by:
		i2_getRTC
 This function uses a non-reentrant model


 *************** function i2_I2C_Master_Wait *****************
 Defined at:
		line 24 in file "I2C.c"
 Parameters:    Size  Location     Type
		None
 Auto vars:     Size  Location     Type
		None
 Return value:  Size  Location     Type
                  1    wreg      void 
 Registers used:
		wreg, status,2, status,0
 Tracked objects:
		On entry : 
		On exit  : 
		Unchanged: 
 Data sizes:     COMRAM   BANK0   BANK1   BANK2   BANK3   BANK4   BANK5   BANK6   BANK7   BANK8   BANK9  BANK10  BANK11  BANK12  BANK13  BANK14  BANK15
      Params:         0       0       0       0       0       0       0       0       0       0       0       0       0       0       0       0       0
      Locals:         0       0       0       0       0       0       0       0       0       0       0       0       0       0       0       0       0
      Temps:          1       0       0       0       0       0       0       0       0       0       0       0       0       0       0       0       0
      Totals:         1       0       0       0       0       0       0       0       0       0       0       0       0       0       0       0       0
Total ram usage:        1 bytes
 Hardware stack levels used:    1
 This function calls:
		Nothing
 This function is called by:
		i2_I2C_Master_Start
		i2_I2C_Master_Stop
		i2_I2C_Master_Write
		i2_I2C_Master_Read
 This function uses a non-reentrant model



MODULE INFORMATION

Module		Function		Class		Link	Load	Size
D:\Program Files (x86)\Microchip\xc8\v1.40\sources\common\lwmod.c
		___lwmod       		CODE           	20BA	0000	99

D:\Program Files (x86)\Microchip\xc8\v1.40\sources\common\lwmod.c estimated size: 99

D:\Program Files (x86)\Microchip\xc8\v1.40\sources\common\awmod.c
		___awmod       		CODE           	1B64	0000	163

D:\Program Files (x86)\Microchip\xc8\v1.40\sources\common\awmod.c estimated size: 163

D:\Program Files (x86)\Microchip\xc8\v1.40\sources\common\Umul16.c
		___wmul        		CODE           	2376	0000	55

D:\Program Files (x86)\Microchip\xc8\v1.40\sources\common\Umul16.c estimated size: 55

PortHigh.c
		_PortTestA5    		CODE           	2788	0000	19

PortHigh.c estimated size: 19

sort.c
		_initSortTimer 		CODE           	1C06	0000	161
		_MAGNETISM_in  		CODE           	2822	0000	3
		_moveServoBlock		CODE           	2820	0000	3
		_Distribution  		CODE           	2668	0000	39
		_ID            		CODE           	1CA6	0000	159
		_sort          		CODE           	274A	0000	23
		_getIR         		CODE           	1920	0000	203
		_Loading       		CODE           	1D44	0000	153
		_printSortTimer		CODE           	1464	0000	507
		_moveServoCup  		CODE           	2824	0000	3

sort.c estimated size: 1254

I2C.c
		_I2C_Master_Read		CODE           	258E	0000	47
		_I2C_Master_Wait		CODE           	2760	0000	21
		_I2C_Master_Init		CODE           	211C	0000	97
		_I2C_Master_Stop		CODE           	2800	0000	9
		_I2C_Master_Write		CODE           	27E4	0000	11
		_I2C_Master_Start		CODE           	2808	0000	9

I2C.c estimated size: 194

D:\Program Files (x86)\Microchip\xc8\v1.40\sources\common\lwdiv.c
		___lwdiv       		CODE           	1F68	0000	121

D:\Program Files (x86)\Microchip\xc8\v1.40\sources\common\lwdiv.c estimated size: 121

MachineConfig.c
		_machineConfig 		CODE           	2272	0000	71

MachineConfig.c estimated size: 71

D:\Program Files (x86)\Microchip\xc8\v1.40\sources\common\awdiv.c
		___awdiv       		CODE           	19EA	0000	191

D:\Program Files (x86)\Microchip\xc8\v1.40\sources\common\awdiv.c estimated size: 191

D:\Program Files (x86)\Microchip\xc8\v1.40\sources\common\lldiv.c
		___lldiv       		CODE           	1AA8	0000	189

D:\Program Files (x86)\Microchip\xc8\v1.40\sources\common\lldiv.c estimated size: 189

UI.c
		_updateMenu    		CODE           	0F6E	0000	705
		_dispLogs      		CODE           	2774	0000	21
		_handler       		CODE           	0008	0000	227
		_change_state_to_logs_12		CODE           	252E	0000	49
		_change_state_to_logs_23		CODE           	25BC	0000	47
		_change_state_to_logs_34		CODE           	249E	0000	49
		_UI            		CODE           	0012	0000	1347
		_change_state_to_menu_12		CODE           	243E	0000	49
		_change_state_to_menu_23		CODE           	23DE	0000	49
		_change_state_to_logs_11		CODE           	255E	0000	49
		_change_state_to_logs_22		CODE           	24FE	0000	49
		_change_state_to_logs_33		CODE           	24CE	0000	49
		_change_state_to_menu_start		CODE           	25EA	0000	45
		_initUI        		CODE           	271A	0000	27
		_change_state_to_menu_11		CODE           	246E	0000	49
		_inputHandler  		CODE           	165E	0000	487
		_change_state_to_menu_22		CODE           	240E	0000	49

UI.c estimated size: 3347

shared
		i2_printf      		CODE           	095E	0000	839
		i2_printRTC    		CODE           	122E	0000	567
		i2_I2C_Master_Start		CODE           	2818	0000	9
		i2_putch       		CODE           	27CC	0000	13
		i2_lcdNibble   		CODE           	217C	0000	87
		_dpowers       		MEDIUMCONST    	FDCA	0000	11
		i2___lwdiv     		CODE           	21D2	0000	83
		i2_isdigit     		CODE           	26FC	0000	31
		i2_strcpy      		CODE           	23AC	0000	51
		i2___wmul      		CODE           	268E	0000	39
		i2_I2C_Master_Read		CODE           	26B4	0000	39
		i2___lwmod     		CODE           	22FE	0000	67
		_keys          		MEDIUMCONST    	FDB9	0000	18
		__initialization		CODE           	2224	0000	69
		i2_I2C_Master_Wait		CODE           	279A	0000	19
		i2_change_state_to_menu_start		CODE           	2640	0000	41
		i2_I2C_Master_Stop		CODE           	2810	0000	9
		i2_getRTC      		CODE           	1FE0	0000	115
		i2_lcdInst     		CODE           	27D8	0000	13
		i2_I2C_Master_Write		CODE           	27EE	0000	11

shared estimated size: 2131

D:\Program Files (x86)\Microchip\xc8\v1.40\sources\common\strcpy.c
		_strcpy        		CODE           	2340	0000	55

D:\Program Files (x86)\Microchip\xc8\v1.40\sources\common\strcpy.c estimated size: 55

lcd.c
		_putch         		CODE           	27AC	0000	17
		_lcdInst       		CODE           	27BC	0000	17
		_lcdNibble     		CODE           	2052	0000	105
		_initLCD       		CODE           	22B8	0000	71

lcd.c estimated size: 210

D:\Program Files (x86)\Microchip\xc8\v1.40\sources\common\isdigit.c
		_isdigit       		CODE           	2616	0000	43

D:\Program Files (x86)\Microchip\xc8\v1.40\sources\common\isdigit.c estimated size: 43

D:\Program Files (x86)\Microchip\xc8\v1.40\sources\common\doprnt.c
		_printf        		CODE           	0554	0000	1035

D:\Program Files (x86)\Microchip\xc8\v1.40\sources\common\doprnt.c estimated size: 1035

main.c
		_main          		CODE           	1EEE	0000	123
		_stopSignals   		CODE           	2734	0000	23

main.c estimated size: 146

RTC.c
		_loadRTC       		CODE           	1DDC	0000	141
		_initTime      		CODE           	26DA	0000	35
		_printRTC      		CODE           	0CA4	0000	715
		_getRTC        		CODE           	1E68	0000	135

RTC.c estimated size: 1026

