Microchip MPLAB XC8 Compiler V1.40 ()

Linker command line:

-W-3 --edf=D:\Program Files (x86)\Microchip\xc8\v1.40\dat\en_msgs.txt -cs \
  -h+dist/default/production\AER201-Microcontroller.production.sym \
  --cmf=dist/default/production\AER201-Microcontroller.production.cmf -z \
  -Q18F4620 -oC:\Users\Tyler\AppData\Local\Temp\sj54.2 \
  -Mdist/default/production/AER201-Microcontroller.production.map -E1 \
  -ver=XC8 -ASTACK=010Eh-0f7fh -pstack=STACK -ACODE=00h-0FFFFh \
  -ACONST=00h-0FFFFh -ASMALLCONST=01000h-010FFhx240 \
  -AMEDIUMCONST=01000h-0FFFFh -ACOMRAM=01h-07Fh -AABS1=00h-0F7Fh \
  -ABIGRAM=01h-0F7Fh -ARAM=080h-0FFh,0100h-01FFhx14,0F00h-0F7Fh \
  -ABANK0=080h-0FFh -ABANK1=0100h-01FFh -ABANK2=0200h-02FFh \
  -ABANK3=0300h-03FFh -ABANK4=0400h-04FFh -ABANK5=0500h-05FFh \
  -ABANK6=0600h-06FFh -ABANK7=0700h-07FFh -ABANK8=0800h-08FFh \
  -ABANK9=0900h-09FFh -ABANK10=0A00h-0AFFh -ABANK11=0B00h-0BFFh \
  -ABANK12=0C00h-0CFFh -ABANK13=0D00h-0DFFh -ABANK14=0E00h-0EFFh \
  -ABANK15=0F00h-0F7Fh -ASFR=0F80h-0FFFh \
  -preset_vec=00h,intcode=08h,intcodelo,powerup,init -pramtop=01000h \
  -psmallconst=SMALLCONST -pmediumconst=MEDIUMCONST -pconst=CONST \
  -AFARRAM=00h-00h -ACONFIG=0300000h-030000Dh -pconfig=CONFIG \
  -AIDLOC=0200000h-0200007h -pidloc=IDLOC -AEEDATA=0F00000h-0F003FFh \
  -peeprom_data=EEDATA \
  -prdata=COMRAM,nvrram=COMRAM,nvbit=COMRAM,rbss=COMRAM,rbit=COMRAM \
  -pfarbss=FARRAM,fardata=FARRAM,nvFARRAM=FARRAM \
  -pintsave_regs=BIGRAM,bigbss=BIGRAM,bigdata=BIGRAM -pbss=RAM \
  -pidata=CODE,irdata=CODE,ibigdata=CODE,ifardata=CODE -prparam=COMRAM \
  C:\Users\Tyler\AppData\Local\Temp\sj54.obj \
  dist/default/production\AER201-Microcontroller.production.obj 

Object code version is 3.11

Machine type is 18F4620

Call graph: (short form)




                Name                               Link     Load   Length Selector   Space Scale
C:\Users\Tyler\AppData\Local\Temp\sj54.obj
                init                                  E        E        4        4       0
                reset_vec                             0        0        4        0       0
                idloc                            200000   200000        8   200000       0
                config                           300000   300000        E   300000       0
dist/default/production\AER201-Microcontroller.production.obj
                intcode                               8        8        6        4       0
                temp                                 7E       7E        1        1       1
                mediumconst                        FDB4     FDB4      24C     7EDA       0
                text71                             28D0     28D0       12        4       0
                text70                             27DE     27DE       26        4       0
                text69                             295A     295A        8        4       0
                text68                             2952     2952        8        4       0
                text67                             2930     2930        A        4       0
                text66                             201A     201A       72        4       0
                text65                             2224     2224       56        4       0
                text64                             291A     291A        C        4       0
                text63                             227A     227A       52        4       0
                text62                             23B0     23B0       42        4       0
                text61                             27B8     27B8       26        4       0
                text60                             2848     2848       1E        4       0
                text59                             290E     290E        C        4       0
                text58                              980      980      346        4       0
                text57                             1486     1486      1FA        4       0
                text56                             28AA     28AA       14        4       0
                text55                             2680     2680       30        4       0
                text54                             2650     2650       30        4       0
                text53                             2620     2620       30        4       0
                text52                             270C     270C       2E        4       0
                text51                             25F0     25F0       30        4       0
                text50                             25C0     25C0       30        4       0
                text49                             2590     2590       30        4       0
                text48                             2560     2560       30        4       0
                text47                             2530     2530       30        4       0
                text46                             2500     2500       30        4       0
                text45                             1680     1680      1E6        4       0
                text44                             24CE     24CE       32        4       0
                text43                             1250     1250      236        4       0
                text42                             2790     2790       28        4       0
                text41                              F90      F90      2C0        4       0
                intcode_body                       1866     1866      112        4       0
                text39                             28BE     28BE       12        4       0
                text38                             1978     1978       BE        4       0
                text37                             1C44     1C44       A2        4       0
                text36                             20FA     20FA       68        4       0
                text35                             28F2     28F2       10        4       0
                text34                             1FA2     1FA2       78        4       0
                text33                             2162     2162       62        4       0
                text32                             2498     2498       36        4       0
                text31                             2766     2766       2A        4       0
                text30                             28E2     28E2       10        4       0
                text29                              576      576      40A        4       0
                text28                             242A     242A       38        4       0
                text27                             23F2     23F2       38        4       0
                text26                             2896     2896       14        4       0
                text25                             26DE     26DE       2E        4       0
                text24                             294A     294A        8        4       0
                text23                             2942     2942        8        4       0
                text22                             2926     2926        A        4       0
                text21                             1E9E     1E9E       86        4       0
                text20                             2462     2462       36        4       0
                text19                              CC6      CC6      2CA        4       0
                text18                               12       12      564        4       0
                text17                             236A     236A       46        4       0
                text16                             2826     2826       22        4       0
                text15                             273A     273A       2C        4       0
                text14                             1A36     1A36       BC        4       0
                text13                             21C4     21C4       60        4       0
                text12                             1E12     1E12       8C        4       0
                text11                             2866     2866       1A        4       0
                text10                             231C     231C       4E        4       0
                text9                              1D80     1D80       92        4       0
                text8                              26B0     26B0       2E        4       0
                text7                              2902     2902        C        4       0
                text6                              22CC     22CC       50        4       0
                text5                              1B9C     1B9C       A8        4       0
                text4                              1AF2     1AF2       AA        4       0
                text3                              1CE6     1CE6       9A        4       0
                text2                              2804     2804       22        4       0
                text1                              2880     2880       16        4       0
                text0                              1F24     1F24       7E        4       0
                cstackCOMRAM                          1        1       5A        1       1
                cstackBANK0                          80       80       54       80       1
                bssBANK1                            100      100        E      100       1
                dataBANK0                            F2       F2        8       80       1
                bssBANK0                             D4       D4       1E       80       1
                dataCOMRAM                           7A       7A        4        1       1
                bssCOMRAM                            5B       5B       1F        1       1
                cinit                              208C     208C       6E        4       0
                idataBANK0                         293A     293A        8        4       0
                idataCOMRAM                        2962     2962        4        4       0

TOTAL           Name                               Link     Load   Length     Space
        CLASS   STACK          

        CLASS   CODE           
                intcode                               8        8        6         0
                init                                  E        E        4         0
                reset_vec                             0        0        4         0
                text71                             28D0     28D0       12         0
                text70                             27DE     27DE       26         0
                text69                             295A     295A        8         0
                text68                             2952     2952        8         0
                text67                             2930     2930        A         0
                text66                             201A     201A       72         0
                text65                             2224     2224       56         0
                text64                             291A     291A        C         0
                text63                             227A     227A       52         0
                text62                             23B0     23B0       42         0
                text61                             27B8     27B8       26         0
                text60                             2848     2848       1E         0
                text59                             290E     290E        C         0
                text58                              980      980      346         0
                text57                             1486     1486      1FA         0
                text56                             28AA     28AA       14         0
                text55                             2680     2680       30         0
                text54                             2650     2650       30         0
                text53                             2620     2620       30         0
                text52                             270C     270C       2E         0
                text51                             25F0     25F0       30         0
                text50                             25C0     25C0       30         0
                text49                             2590     2590       30         0
                text48                             2560     2560       30         0
                text47                             2530     2530       30         0
                text46                             2500     2500       30         0
                text45                             1680     1680      1E6         0
                text44                             24CE     24CE       32         0
                text43                             1250     1250      236         0
                text42                             2790     2790       28         0
                text41                              F90      F90      2C0         0
                intcode_body                       1866     1866      112         0
                text39                             28BE     28BE       12         0
                text38                             1978     1978       BE         0
                text37                             1C44     1C44       A2         0
                text36                             20FA     20FA       68         0
                text35                             28F2     28F2       10         0
                text34                             1FA2     1FA2       78         0
                text33                             2162     2162       62         0
                text32                             2498     2498       36         0
                text31                             2766     2766       2A         0
                text30                             28E2     28E2       10         0
                text29                              576      576      40A         0
                text28                             242A     242A       38         0
                text27                             23F2     23F2       38         0
                text26                             2896     2896       14         0
                text25                             26DE     26DE       2E         0
                text24                             294A     294A        8         0
                text23                             2942     2942        8         0
                text22                             2926     2926        A         0
                text21                             1E9E     1E9E       86         0
                text20                             2462     2462       36         0
                text19                              CC6      CC6      2CA         0
                text18                               12       12      564         0
                text17                             236A     236A       46         0
                text16                             2826     2826       22         0
                text15                             273A     273A       2C         0
                text14                             1A36     1A36       BC         0
                text13                             21C4     21C4       60         0
                text12                             1E12     1E12       8C         0
                text11                             2866     2866       1A         0
                text10                             231C     231C       4E         0
                text9                              1D80     1D80       92         0
                text8                              26B0     26B0       2E         0
                text7                              2902     2902        C         0
                text6                              22CC     22CC       50         0
                text5                              1B9C     1B9C       A8         0
                text4                              1AF2     1AF2       AA         0
                text3                              1CE6     1CE6       9A         0
                text2                              2804     2804       22         0
                text1                              2880     2880       16         0
                text0                              1F24     1F24       7E         0
                cinit                              208C     208C       6E         0
                idataBANK0                         293A     293A        8         0
                idataCOMRAM                        2962     2962        4         0

        CLASS   CONST          

        CLASS   SMALLCONST     

        CLASS   MEDIUMCONST    
                mediumconst                        FDB4     FDB4      24C         0

        CLASS   COMRAM         
                temp                                 7E       7E        1         1
                cstackCOMRAM                          1        1       5A         1
                dataCOMRAM                           7A       7A        4         1
                bssCOMRAM                            5B       5B       1F         1

        CLASS   ABS1           

        CLASS   BIGRAM         

        CLASS   RAM            

        CLASS   BANK0          
                cstackBANK0                          80       80       54         1
                dataBANK0                            F2       F2        8         1
                bssBANK0                             D4       D4       1E         1

        CLASS   BANK1          
                bssBANK1                            100      100        E         1

        CLASS   BANK2          

        CLASS   BANK3          

        CLASS   BANK4          

        CLASS   BANK5          

        CLASS   BANK6          

        CLASS   BANK7          

        CLASS   BANK8          

        CLASS   BANK9          

        CLASS   BANK10         

        CLASS   BANK11         

        CLASS   BANK12         

        CLASS   BANK13         

        CLASS   BANK14         

        CLASS   BANK15         

        CLASS   SFR            

        CLASS   FARRAM         

        CLASS   CONFIG         
                config                           300000   300000        E         0

        CLASS   IDLOC          
                idloc                            200000   200000        8         0

        CLASS   EEDATA         



SEGMENTS        Name                           Load    Length   Top    Selector   Space  Class

                reset_vec                      000000  000004  000004         0       0  CODE    
                cstackCOMRAM                   000001  00007E  00007F         1       1  COMRAM  
                intcode                        000008  00295E  002966         4       0  CODE    
                cstackBANK0                    000080  00007A  0000FA        80       1  BANK0   
                bssBANK1                       000100  00000E  00010E       100       1  BANK1   
                mediumconst                    00FDB4  00024C  010000      7EDA       0  MEDIUMCO
                idloc                          200000  000008  200008    200000       0  IDLOC   
                config                         300000  00000E  30000E    300000       0  CONFIG  


UNUSED ADDRESS RANGES

        Name                Unused          Largest block    Delta
        BANK0            0000FA-0000FF                6
        BANK1            00010E-0001FF               F2
        BANK10           000A00-000AFF              100
        BANK11           000B00-000BFF              100
        BANK12           000C00-000CFF              100
        BANK13           000D00-000DFF              100
        BANK14           000E00-000EFF              100
        BANK15           000F00-000F7F               80
        BANK2            000200-0002FF              100
        BANK3            000300-0003FF              100
        BANK4            000400-0004FF              100
        BANK5            000500-0005FF              100
        BANK6            000600-0006FF              100
        BANK7            000700-0007FF              100
        BANK8            000800-0008FF              100
        BANK9            000900-0009FF              100
        BIGRAM           00007F-00007F                1
                         0000FA-0000FF                6
                         00010E-000F7F              E72
        CODE             000004-000007                4
                         002966-00FDB3             D44E
        COMRAM           00007F-00007F                1
        CONST            000004-000007                4
                         002966-00FDB3             D44E
        EEDATA           F00000-F003FF              400
        MEDIUMCONST      002966-00FDB3             D44E
        RAM              0000FA-0000FF                6
                         00010E-000F7F              100
        SFR              000F80-000FFF               80
        SMALLCONST       002966-00FDB3              100
        STACK            00010E-000F7F              E72

                                  Symbol Table

?_MAGNETISM_in                         cstackBANK0  000080
?___awdiv                              cstackBANK0  000086
?___awmod                              cstackBANK0  000080
?___lldiv                              cstackBANK0  000080
?___lwdiv                              cstackBANK0  000080
?___lwmod                              cstackBANK0  000087
?___wmul                               cstackBANK0  000080
?_inputHandler                         cstackCOMRAM 00002A
?_printf                               cstackBANK0  00008E
?i2___lwdiv                            cstackCOMRAM 000006
?i2___lwmod                            cstackCOMRAM 000001
?i2___wmul                             cstackCOMRAM 000001
?i2_printf                             cstackCOMRAM 00000D
I2C_Master_Init@c                      cstackBANK0  00008D
I2C_Master_Read@a                      cstackBANK0  000081
I2C_Master_Read@temp                   cstackBANK0  000082
I2C_Master_Write@d                     cstackBANK0  000081
ID@magnetic                            cstackBANK0  000087
ID@side_conductivity                   cstackBANK0  000085
ID@top_bottom_conductivity             cstackBANK0  000083
UI@i                                   cstackBANK0  0000C7
UI@i_640                               cstackBANK0  0000C8
UI@i_641                               cstackBANK0  0000C9
UI@i_644                               cstackBANK0  0000CA
UI@i_645                               cstackBANK0  0000CB
UI@i_648                               cstackBANK0  0000CC
UI@i_649                               cstackBANK0  0000CD
UI@i_652                               cstackBANK0  0000CE
UI@i_653                               cstackBANK0  0000CF
UI@i_656                               cstackBANK0  0000D0
UI@i_657                               cstackBANK0  0000D1
UI@i_660                               cstackBANK0  0000D2
UI@i_661                               cstackBANK0  0000D3
_ACKDT                                 (abs)        007E2D
_ACKEN                                 (abs)        007E2C
_ADCON0                                (abs)        000FC2
_ADCON0bits                            (abs)        000FC2
_ADCON1                                (abs)        000FC1
_ADFM                                  (abs)        007E07
_ADON                                  (abs)        007E10
_CMCONbits                             (abs)        000FB4
_CVRCON                                (abs)        000FB5
_Distribution                          text8        0026B0
_I2C_Master_Init                       text13       0021C4
_I2C_Master_Read                       text25       0026DE
_I2C_Master_Start                      text24       00294A
_I2C_Master_Stop                       text23       002942
_I2C_Master_Wait                       text26       002896
_I2C_Master_Write                      text22       002926
_ID                                    text5        001B9C
_INT1IE                                (abs)        007F83
_INT1IF                                (abs)        007F80
_INTCONbits                            (abs)        000FF2
_LATA                                  (abs)        000F89
_LATAbits                              (abs)        000F89
_LATB                                  (abs)        000F8A
_LATC                                  (abs)        000F8B
_LATCbits                              (abs)        000F8B
_LATD                                  (abs)        000F8C
_LATDbits                              (abs)        000F8C
_LATE                                  (abs)        000F8D
_Loading                               text3        001CE6
_MAGNETISM_in                          text7        002902
_OSCCON                                (abs)        000FD3
_OSCTUNEbits                           (abs)        000F9B
_PEIE                                  (abs)        007F96
_PEN                                   (abs)        007E2A
_PORTAbits                             (abs)        000F80
_PORTB                                 (abs)        000F81
_PORTBbits                             (abs)        000F81
_PortTestA5                            text39       0028BE
_RCEN                                  (abs)        007E2B
_RSEN                                  (abs)        007E29
_SEN                                   (abs)        007E28
_SSPADD                                (abs)        000FC8
_SSPBUF                                (abs)        000FC9
_SSPCON1                               (abs)        000FC6
_SSPCON2                               (abs)        000FC5
_SSPSTAT                               (abs)        000FC7
_T0CON                                 (abs)        000FD5
_T1CON                                 (abs)        000FCD
_T3CON                                 (abs)        000FB1
_TMR0H                                 (abs)        000FD7
_TMR0IE                                (abs)        007F95
_TMR0IF                                (abs)        007F92
_TMR0L                                 (abs)        000FD6
_TMR0ON                                (abs)        007EAF
_TMR1H                                 (abs)        000FCF
_TMR1IE                                (abs)        007CE8
_TMR1IF                                (abs)        007CF0
_TMR1L                                 (abs)        000FCE
_TMR1ON                                (abs)        007E68
_TMR2IE                                (abs)        007CE9
_TMR3H                                 (abs)        000FB3
_TMR3IE                                (abs)        007D01
_TMR3L                                 (abs)        000FB2
_TMR3ON                                (abs)        007D88
_TRISA                                 (abs)        000F92
_TRISB                                 (abs)        000F93
_TRISC                                 (abs)        000F94
_TRISC3                                (abs)        007CA3
_TRISC4                                (abs)        007CA4
_TRISD                                 (abs)        000F95
_TRISE                                 (abs)        000F96
_UI                                    text18       000012
_UI$2056                               cstackBANK0  0000C5
_UIenabled                             bssCOMRAM    00005B
__CFG_BOREN$SBORDIS                    (abs)        000000
__CFG_BORV$3                           (abs)        000000
__CFG_CCP2MX$PORTC                     (abs)        000000
__CFG_CP0$OFF                          (abs)        000000
__CFG_CP1$OFF                          (abs)        000000
__CFG_CP2$OFF                          (abs)        000000
__CFG_CP3$OFF                          (abs)        000000
__CFG_CPB$OFF                          (abs)        000000
__CFG_CPD$OFF                          (abs)        000000
__CFG_EBTR0$OFF                        (abs)        000000
__CFG_EBTR1$OFF                        (abs)        000000
__CFG_EBTR2$OFF                        (abs)        000000
__CFG_EBTR3$OFF                        (abs)        000000
__CFG_EBTRB$OFF                        (abs)        000000
__CFG_FCMEN$OFF                        (abs)        000000
__CFG_IESO$OFF                         (abs)        000000
__CFG_LPT1OSC$OFF                      (abs)        000000
__CFG_LVP$OFF                          (abs)        000000
__CFG_MCLRE$ON                         (abs)        000000
__CFG_OSC$INTIO67                      (abs)        000000
__CFG_PBADEN$ON                        (abs)        000000
__CFG_PWRT$OFF                         (abs)        000000
__CFG_STVREN$ON                        (abs)        000000
__CFG_WDT$OFF                          (abs)        000000
__CFG_WDTPS$32768                      (abs)        000000
__CFG_WRT0$OFF                         (abs)        000000
__CFG_WRT1$OFF                         (abs)        000000
__CFG_WRT2$OFF                         (abs)        000000
__CFG_WRT3$OFF                         (abs)        000000
__CFG_WRTB$OFF                         (abs)        000000
__CFG_WRTC$OFF                         (abs)        000000
__CFG_WRTD$OFF                         (abs)        000000
__CFG_XINST$OFF                        (abs)        000000
__HRAM                                 (abs)        000000
__Habs1                                abs1         000000
__Hbank0                               bank0        000000
__Hbank1                               bank1        000000
__Hbank10                              bank10       000000
__Hbank11                              bank11       000000
__Hbank12                              bank12       000000
__Hbank13                              bank13       000000
__Hbank14                              bank14       000000
__Hbank15                              bank15       000000
__Hbank2                               bank2        000000
__Hbank3                               bank3        000000
__Hbank4                               bank4        000000
__Hbank5                               bank5        000000
__Hbank6                               bank6        000000
__Hbank7                               bank7        000000
__Hbank8                               bank8        000000
__Hbank9                               bank9        000000
__Hbigbss                              bigbss       000000
__Hbigdata                             bigdata      000000
__Hbigram                              bigram       000000
__Hbss                                 bss          000000
__HbssBANK0                            bssBANK0     000000
__HbssBANK1                            bssBANK1     000000
__HbssCOMRAM                           bssCOMRAM    000000
__Hcinit                               cinit        000000
__Hclrtext                             clrtext      000000
__Hcomram                              comram       000000
__Hconfig                              config       30000E
__Hconst                               const        000000
__HcstackBANK0                         cstackBANK0  000000
__HcstackCOMRAM                        cstackCOMRAM 000000
__Hdata                                data         000000
__HdataBANK0                           dataBANK0    000000
__HdataCOMRAM                          dataCOMRAM   000000
__Heeprom_data                         eeprom_data  000000
__Hfarbss                              farbss       000000
__Hfardata                             fardata      000000
__Hibigdata                            ibigdata     000000
__Hidata                               idata        000000
__HidataBANK0                          idataBANK0   000000
__HidataCOMRAM                         idataCOMRAM  000000
__Hidloc                               idloc        200008
__Hifardata                            ifardata     000000
__Hinit                                init         000012
__Hintcode                             intcode      00000E
__Hintcode_body                        intcode_body 000000
__Hintcodelo                           intcodelo    00000E
__Hintentry                            intentry     000000
__Hintret                              intret       000000
__Hintsave_regs                        intsave_regs 000000
__Hirdata                              irdata       000000
__Hmediumconst                         mediumconst  010000
__HnvFARRAM                            nvFARRAM     000000
__Hnvbit                               nvbit        000000
__Hnvrram                              nvrram       000000
__Hparam                               rparam       000000
__Hpowerup                             powerup      00000E
__Hram                                 ram          000000
__Hramtop                              ramtop       001000
__Hrbit                                rbit         000000
__Hrbss                                rbss         000000
__Hrdata                               rdata        000000
__Hreset_vec                           reset_vec    000004
__Hrparam                              rparam       000000
__Hsfr                                 sfr          000000
__Hsmallconst                          smallconst   000000
__Hspace_0                             (abs)        30000E
__Hspace_1                             (abs)        00010E
__Hspace_2                             (abs)        000000
__Hstack                               stack        000000
__Hstruct                              struct       000000
__Htemp                                temp         00007F
__Htext                                text         000000
__Htext0                               text0        000000
__Htext1                               text1        000000
__Htext10                              text10       000000
__Htext11                              text11       000000
__Htext12                              text12       000000
__Htext13                              text13       000000
__Htext14                              text14       000000
__Htext15                              text15       000000
__Htext16                              text16       000000
__Htext17                              text17       000000
__Htext18                              text18       000000
__Htext19                              text19       000000
__Htext2                               text2        000000
__Htext20                              text20       000000
__Htext21                              text21       000000
__Htext22                              text22       000000
__Htext23                              text23       000000
__Htext24                              text24       000000
__Htext25                              text25       000000
__Htext26                              text26       000000
__Htext27                              text27       000000
__Htext28                              text28       000000
__Htext29                              text29       000000
__Htext3                               text3        000000
__Htext30                              text30       000000
__Htext31                              text31       000000
__Htext32                              text32       000000
__Htext33                              text33       000000
__Htext34                              text34       000000
__Htext35                              text35       000000
__Htext36                              text36       000000
__Htext37                              text37       000000
__Htext38                              text38       000000
__Htext39                              text39       000000
__Htext4                               text4        000000
__Htext41                              text41       000000
__Htext42                              text42       000000
__Htext43                              text43       000000
__Htext44                              text44       000000
__Htext45                              text45       000000
__Htext46                              text46       000000
__Htext47                              text47       000000
__Htext48                              text48       000000
__Htext49                              text49       000000
__Htext5                               text5        000000
__Htext50                              text50       000000
__Htext51                              text51       000000
__Htext52                              text52       000000
__Htext53                              text53       000000
__Htext54                              text54       000000
__Htext55                              text55       000000
__Htext56                              text56       000000
__Htext57                              text57       000000
__Htext58                              text58       000000
__Htext59                              text59       000000
__Htext6                               text6        000000
__Htext60                              text60       000000
__Htext61                              text61       000000
__Htext62                              text62       000000
__Htext63                              text63       000000
__Htext64                              text64       000000
__Htext65                              text65       000000
__Htext66                              text66       000000
__Htext67                              text67       000000
__Htext68                              text68       000000
__Htext69                              text69       000000
__Htext7                               text7        000000
__Htext70                              text70       000000
__Htext71                              text71       000000
__Htext8                               text8        000000
__Htext9                               text9        000000
__LRAM                                 (abs)        000001
__Labs1                                abs1         000000
__Lbank0                               bank0        000000
__Lbank1                               bank1        000000
__Lbank10                              bank10       000000
__Lbank11                              bank11       000000
__Lbank12                              bank12       000000
__Lbank13                              bank13       000000
__Lbank14                              bank14       000000
__Lbank15                              bank15       000000
__Lbank2                               bank2        000000
__Lbank3                               bank3        000000
__Lbank4                               bank4        000000
__Lbank5                               bank5        000000
__Lbank6                               bank6        000000
__Lbank7                               bank7        000000
__Lbank8                               bank8        000000
__Lbank9                               bank9        000000
__Lbigbss                              bigbss       000000
__Lbigdata                             bigdata      000000
__Lbigram                              bigram       000000
__Lbss                                 bss          000000
__LbssBANK0                            bssBANK0     000000
__LbssBANK1                            bssBANK1     000000
__LbssCOMRAM                           bssCOMRAM    000000
__Lcinit                               cinit        000000
__Lclrtext                             clrtext      000000
__Lcomram                              comram       000000
__Lconfig                              config       300000
__Lconst                               const        000000
__LcstackBANK0                         cstackBANK0  000000
__LcstackCOMRAM                        cstackCOMRAM 000000
__Ldata                                data         000000
__LdataBANK0                           dataBANK0    000000
__LdataCOMRAM                          dataCOMRAM   000000
__Leeprom_data                         eeprom_data  000000
__Lfarbss                              farbss       000000
__Lfardata                             fardata      000000
__Libigdata                            ibigdata     000000
__Lidata                               idata        000000
__LidataBANK0                          idataBANK0   000000
__LidataCOMRAM                         idataCOMRAM  000000
__Lidloc                               idloc        200000
__Lifardata                            ifardata     000000
__Linit                                init         00000E
__Lintcode                             intcode      000008
__Lintcode_body                        intcode_body 000000
__Lintcodelo                           intcodelo    00000E
__Lintentry                            intentry     000000
__Lintret                              intret       000000
__Lintsave_regs                        intsave_regs 000000
__Lirdata                              irdata       000000
__Lmediumconst                         mediumconst  00FDB4
__LnvFARRAM                            nvFARRAM     000000
__Lnvbit                               nvbit        000000
__Lnvrram                              nvrram       000000
__Lparam                               rparam       000000
__Lpowerup                             powerup      00000E
__Lram                                 ram          000000
__Lramtop                              ramtop       001000
__Lrbit                                rbit         000000
__Lrbss                                rbss         000000
__Lrdata                               rdata        000000
__Lreset_vec                           reset_vec    000000
__Lrparam                              rparam       000000
__Lsfr                                 sfr          000000
__Lsmallconst                          smallconst   000000
__Lspace_0                             (abs)        000000
__Lspace_1                             (abs)        000000
__Lspace_2                             (abs)        000000
__Lstack                               stack        000000
__Lstruct                              struct       000000
__Ltemp                                temp         00007E
__Ltext                                text         000000
__Ltext0                               text0        000000
__Ltext1                               text1        000000
__Ltext10                              text10       000000
__Ltext11                              text11       000000
__Ltext12                              text12       000000
__Ltext13                              text13       000000
__Ltext14                              text14       000000
__Ltext15                              text15       000000
__Ltext16                              text16       000000
__Ltext17                              text17       000000
__Ltext18                              text18       000000
__Ltext19                              text19       000000
__Ltext2                               text2        000000
__Ltext20                              text20       000000
__Ltext21                              text21       000000
__Ltext22                              text22       000000
__Ltext23                              text23       000000
__Ltext24                              text24       000000
__Ltext25                              text25       000000
__Ltext26                              text26       000000
__Ltext27                              text27       000000
__Ltext28                              text28       000000
__Ltext29                              text29       000000
__Ltext3                               text3        000000
__Ltext30                              text30       000000
__Ltext31                              text31       000000
__Ltext32                              text32       000000
__Ltext33                              text33       000000
__Ltext34                              text34       000000
__Ltext35                              text35       000000
__Ltext36                              text36       000000
__Ltext37                              text37       000000
__Ltext38                              text38       000000
__Ltext39                              text39       000000
__Ltext4                               text4        000000
__Ltext41                              text41       000000
__Ltext42                              text42       000000
__Ltext43                              text43       000000
__Ltext44                              text44       000000
__Ltext45                              text45       000000
__Ltext46                              text46       000000
__Ltext47                              text47       000000
__Ltext48                              text48       000000
__Ltext49                              text49       000000
__Ltext5                               text5        000000
__Ltext50                              text50       000000
__Ltext51                              text51       000000
__Ltext52                              text52       000000
__Ltext53                              text53       000000
__Ltext54                              text54       000000
__Ltext55                              text55       000000
__Ltext56                              text56       000000
__Ltext57                              text57       000000
__Ltext58                              text58       000000
__Ltext59                              text59       000000
__Ltext6                               text6        000000
__Ltext60                              text60       000000
__Ltext61                              text61       000000
__Ltext62                              text62       000000
__Ltext63                              text63       000000
__Ltext64                              text64       000000
__Ltext65                              text65       000000
__Ltext66                              text66       000000
__Ltext67                              text67       000000
__Ltext68                              text68       000000
__Ltext69                              text69       000000
__Ltext7                               text7        000000
__Ltext70                              text70       000000
__Ltext71                              text71       000000
__Ltext8                               text8        000000
__Ltext9                               text9        000000
__S0                                   (abs)        30000E
__S1                                   (abs)        00010E
__S2                                   (abs)        000000
___awdiv                               text38       001978
___awdiv@counter                       cstackBANK0  00008A
___awdiv@dividend                      cstackBANK0  000086
___awdiv@divisor                       cstackBANK0  000088
___awdiv@quotient                      cstackBANK0  00008C
___awdiv@sign                          cstackBANK0  00008B
___awmod                               text37       001C44
___awmod@counter                       cstackBANK0  000084
___awmod@dividend                      cstackBANK0  000080
___awmod@divisor                       cstackBANK0  000082
___awmod@sign                          cstackBANK0  000085
___inthi_sp                            stack        000000
___intlo_sp                            stack        000000
___lldiv                               text14       001A36
___lldiv@counter                       cstackBANK0  00008C
___lldiv@dividend                      cstackBANK0  000080
___lldiv@divisor                       cstackBANK0  000084
___lldiv@quotient                      cstackBANK0  000088
___lwdiv                               text34       001FA2
___lwdiv@counter                       cstackBANK0  000086
___lwdiv@dividend                      cstackBANK0  000080
___lwdiv@divisor                       cstackBANK0  000082
___lwdiv@quotient                      cstackBANK0  000084
___lwmod                               text33       002162
___lwmod@counter                       cstackBANK0  00008B
___lwmod@dividend                      cstackBANK0  000087
___lwmod@divisor                       cstackBANK0  000089
___param_bank                          (abs)        000000
___rparam_used                         (abs)        000001
___sp                                  stack        000000
___wmul                                text32       002498
___wmul@multiplicand                   cstackBANK0  000082
___wmul@multiplier                     cstackBANK0  000080
___wmul@product                        cstackBANK0  000084
__accesstop                            (abs)        000080
__activetblptr                         (abs)        000003
__end_of_Distribution                  text8        0026DE
__end_of_I2C_Master_Init               text13       002224
__end_of_I2C_Master_Read               text25       00270C
__end_of_I2C_Master_Start              text24       002952
__end_of_I2C_Master_Stop               text23       00294A
__end_of_I2C_Master_Wait               text26       0028AA
__end_of_I2C_Master_Write              text22       002930
__end_of_ID                            text5        001C44
__end_of_Loading                       text3        001D80
__end_of_MAGNETISM_in                  text7        00290E
__end_of_PortTestA5                    text39       0028D0
__end_of_UI                            text18       000576
__end_of___awdiv                       text38       001A36
__end_of___awmod                       text37       001CE6
__end_of___lldiv                       text14       001AF2
__end_of___lwdiv                       text34       00201A
__end_of___lwmod                       text33       0021C4
__end_of___wmul                        text32       0024CE
__end_of__initialization               cinit        0020F0
__end_of_change_state_to_logs_11       text55       0026B0
__end_of_change_state_to_logs_12       text54       002680
__end_of_change_state_to_logs_22       text53       002650
__end_of_change_state_to_logs_23       text52       00273A
__end_of_change_state_to_logs_33       text51       002620
__end_of_change_state_to_logs_34       text50       0025F0
__end_of_change_state_to_menu_11       text49       0025C0
__end_of_change_state_to_menu_12       text28       002462
__end_of_change_state_to_menu_22       text27       00242A
__end_of_change_state_to_menu_23       text48       002590
__end_of_change_state_to_menu_start    text15       002766
__end_of_dispLogs                      text56       0028BE
__end_of_dpowers                       mediumconst  00FDD0
__end_of_getRTC                        text21       001F24
__end_of_handler                       intcode_body 001978
__end_of_initLCD                       text17       0023B0
__end_of_initSortTimer                 text4        001B9C
__end_of_initTime                      text16       002848
__end_of_initUI                        text11       002880
__end_of_inputHandler                  text45       001866
__end_of_isdigit                       text31       002790
__end_of_keys                          mediumconst  00FDC6
__end_of_lcdInst                       text35       002902
__end_of_lcdNibble                     text36       002162
__end_of_loadRTC                       text12       001E9E
__end_of_machineConfig                 text10       00236A
__end_of_main                          text0        001FA2
__end_of_moveServoBlock                text6        00231C
__end_of_moveServoCup                  text9        001E12
__end_of_printRTC                      text19       000F90
__end_of_printSortTimer                text57       001680
__end_of_printf                        text29       000980
__end_of_putch                         text30       0028F2
__end_of_sort                          text2        002826
__end_of_stopSignals                   text1        002896
__end_of_strcpy                        text20       002498
__end_of_updateMenu                    text41       001250
__end_ofi2_I2C_Master_Read             text70       002804
__end_ofi2_I2C_Master_Start            text69       002962
__end_ofi2_I2C_Master_Stop             text68       00295A
__end_ofi2_I2C_Master_Wait             text71       0028E2
__end_ofi2_I2C_Master_Write            text67       00293A
__end_ofi2___lwdiv                     text63       0022CC
__end_ofi2___lwmod                     text62       0023F2
__end_ofi2___wmul                      text61       0027DE
__end_ofi2_change_state_to_menu_12     text47       002560
__end_ofi2_change_state_to_menu_22     text46       002530
__end_ofi2_change_state_to_menu_start  text42       0027B8
__end_ofi2_getRTC                      text66       00208C
__end_ofi2_isdigit                     text60       002866
__end_ofi2_lcdInst                     text64       002926
__end_ofi2_lcdNibble                   text65       00227A
__end_ofi2_printRTC                    text43       001486
__end_ofi2_printf                      text58       000CC6
__end_ofi2_putch                       text59       00291A
__end_ofi2_strcpy                      text44       002500
__initialization                       cinit        00208C
__mediumconst                          mediumconst  00FDB4
__pbssBANK0                            bssBANK0     0000D4
__pbssBANK1                            bssBANK1     000100
__pbssCOMRAM                           bssCOMRAM    00005B
__pcinit                               cinit        00208C
__pcstackBANK0                         cstackBANK0  000080
__pcstackCOMRAM                        cstackCOMRAM 000001
__pdataBANK0                           dataBANK0    0000F2
__pdataCOMRAM                          dataCOMRAM   00007A
__pidataBANK0                          idataBANK0   00293A
__pidataCOMRAM                         idataCOMRAM  002962
__pintcode                             intcode      000008
__pintcode_body                        intcode_body 001866
__pmediumconst                         mediumconst  00FDB4
__ptext0                               text0        001F24
__ptext1                               text1        002880
__ptext10                              text10       00231C
__ptext11                              text11       002866
__ptext12                              text12       001E12
__ptext13                              text13       0021C4
__ptext14                              text14       001A36
__ptext15                              text15       00273A
__ptext16                              text16       002826
__ptext17                              text17       00236A
__ptext18                              text18       000012
__ptext19                              text19       000CC6
__ptext2                               text2        002804
__ptext20                              text20       002462
__ptext21                              text21       001E9E
__ptext22                              text22       002926
__ptext23                              text23       002942
__ptext24                              text24       00294A
__ptext25                              text25       0026DE
__ptext26                              text26       002896
__ptext27                              text27       0023F2
__ptext28                              text28       00242A
__ptext29                              text29       000576
__ptext3                               text3        001CE6
__ptext30                              text30       0028E2
__ptext31                              text31       002766
__ptext32                              text32       002498
__ptext33                              text33       002162
__ptext34                              text34       001FA2
__ptext35                              text35       0028F2
__ptext36                              text36       0020FA
__ptext37                              text37       001C44
__ptext38                              text38       001978
__ptext39                              text39       0028BE
__ptext4                               text4        001AF2
__ptext41                              text41       000F90
__ptext42                              text42       002790
__ptext43                              text43       001250
__ptext44                              text44       0024CE
__ptext45                              text45       001680
__ptext46                              text46       002500
__ptext47                              text47       002530
__ptext48                              text48       002560
__ptext49                              text49       002590
__ptext5                               text5        001B9C
__ptext50                              text50       0025C0
__ptext51                              text51       0025F0
__ptext52                              text52       00270C
__ptext53                              text53       002620
__ptext54                              text54       002650
__ptext55                              text55       002680
__ptext56                              text56       0028AA
__ptext57                              text57       001486
__ptext58                              text58       000980
__ptext59                              text59       00290E
__ptext6                               text6        0022CC
__ptext60                              text60       002848
__ptext61                              text61       0027B8
__ptext62                              text62       0023B0
__ptext63                              text63       00227A
__ptext64                              text64       00291A
__ptext65                              text65       002224
__ptext66                              text66       00201A
__ptext67                              text67       002930
__ptext68                              text68       002952
__ptext69                              text69       00295A
__ptext7                               text7        002902
__ptext70                              text70       0027DE
__ptext71                              text71       0028D0
__ptext8                               text8        0026B0
__ptext9                               text9        001D80
__ramtop                               ramtop       001000
__size_of_Distribution                 (abs)        000000
__size_of_I2C_Master_Init              (abs)        000000
__size_of_I2C_Master_Read              (abs)        000000
__size_of_I2C_Master_Start             (abs)        000000
__size_of_I2C_Master_Stop              (abs)        000000
__size_of_I2C_Master_Wait              (abs)        000000
__size_of_I2C_Master_Write             (abs)        000000
__size_of_ID                           (abs)        000000
__size_of_Loading                      (abs)        000000
__size_of_MAGNETISM_in                 (abs)        000000
__size_of_PortTestA5                   (abs)        000000
__size_of_UI                           (abs)        000000
__size_of___awdiv                      (abs)        000000
__size_of___awmod                      (abs)        000000
__size_of___lldiv                      (abs)        000000
__size_of___lwdiv                      (abs)        000000
__size_of___lwmod                      (abs)        000000
__size_of___wmul                       (abs)        000000
__size_of_change_state_to_logs_11      (abs)        000000
__size_of_change_state_to_logs_12      (abs)        000000
__size_of_change_state_to_logs_22      (abs)        000000
__size_of_change_state_to_logs_23      (abs)        000000
__size_of_change_state_to_logs_33      (abs)        000000
__size_of_change_state_to_logs_34      (abs)        000000
__size_of_change_state_to_menu_11      (abs)        000000
__size_of_change_state_to_menu_12      (abs)        000000
__size_of_change_state_to_menu_22      (abs)        000000
__size_of_change_state_to_menu_23      (abs)        000000
__size_of_change_state_to_menu_start   (abs)        000000
__size_of_dispLogs                     (abs)        000000
__size_of_getRTC                       (abs)        000000
__size_of_handler                      (abs)        000000
__size_of_initLCD                      (abs)        000000
__size_of_initSortTimer                (abs)        000000
__size_of_initTime                     (abs)        000000
__size_of_initUI                       (abs)        000000
__size_of_inputHandler                 (abs)        000000
__size_of_isdigit                      (abs)        000000
__size_of_lcdInst                      (abs)        000000
__size_of_lcdNibble                    (abs)        000000
__size_of_loadRTC                      (abs)        000000
__size_of_machineConfig                (abs)        000000
__size_of_main                         (abs)        000000
__size_of_moveServoBlock               (abs)        000000
__size_of_moveServoCup                 (abs)        000000
__size_of_printRTC                     (abs)        000000
__size_of_printSortTimer               (abs)        000000
__size_of_printf                       (abs)        000000
__size_of_putch                        (abs)        000000
__size_of_sort                         (abs)        000000
__size_of_stopSignals                  (abs)        000000
__size_of_strcpy                       (abs)        000000
__size_of_updateMenu                   (abs)        000000
__size_ofi2_I2C_Master_Read            (abs)        000000
__size_ofi2_I2C_Master_Start           (abs)        000000
__size_ofi2_I2C_Master_Stop            (abs)        000000
__size_ofi2_I2C_Master_Wait            (abs)        000000
__size_ofi2_I2C_Master_Write           (abs)        000000
__size_ofi2___lwdiv                    (abs)        000000
__size_ofi2___lwmod                    (abs)        000000
__size_ofi2___wmul                     (abs)        000000
__size_ofi2_change_state_to_menu_12    (abs)        000000
__size_ofi2_change_state_to_menu_22    (abs)        000000
__size_ofi2_change_state_to_menu_start (abs)        000000
__size_ofi2_getRTC                     (abs)        000000
__size_ofi2_isdigit                    (abs)        000000
__size_ofi2_lcdInst                    (abs)        000000
__size_ofi2_lcdNibble                  (abs)        000000
__size_ofi2_printRTC                   (abs)        000000
__size_ofi2_printf                     (abs)        000000
__size_ofi2_putch                      (abs)        000000
__size_ofi2_strcpy                     (abs)        000000
__smallconst                           smallconst   000000
_back                                  bssCOMRAM    00005D
_block                                 bssCOMRAM    000077
_canType                               bssCOMRAM    000078
_change_state_to_logs_11               text55       002680
_change_state_to_logs_12               text54       002650
_change_state_to_logs_22               text53       002620
_change_state_to_logs_23               text52       00270C
_change_state_to_logs_33               text51       0025F0
_change_state_to_logs_34               text50       0025C0
_change_state_to_menu_11               text49       002590
_change_state_to_menu_12               text28       00242A
_change_state_to_menu_22               text27       0023F2
_change_state_to_menu_23               text48       002560
_change_state_to_menu_start            text15       00273A
_count_can_no_lab                      bssCOMRAM    00005F
_count_can_w_lab                       bssBANK0     0000DB
_count_pop_no_tab                      bssCOMRAM    000061
_count_pop_w_tab                       bssCOMRAM    000063
_count_total                           bssBANK0     0000DD
_cur_state                             bssBANK0     0000DF
_dispLogs                              text56       0028AA
_down                                  bssCOMRAM    000065
_dpowers                               mediumconst  00FDC6
_enter                                 bssCOMRAM    000067
_f_ID_receive                          dataBANK0    0000F6
_f_can_coming_to_ID                    bssBANK0     0000E1
_f_can_coming_to_distribution          bssBANK0     0000E3
_f_can_distributed                     bssBANK0     0000E5
_f_lastCan                             bssBANK0     0000E7
_f_loadingNewCan                       bssBANK0     0000E9
_first                                 dataBANK0    0000F8
_firstboot                             bssCOMRAM    000069
_getRTC                                text21       001E9E
_handler                               intcode      000008
_initLCD                               text17       00236A
_initSortTimer                         text4        001AF2
_initTime                              text16       002826
_initUI                                text11       002866
_input                                 bssCOMRAM    000079
_inputHandler                          text45       001680
_isdigit                               text31       002766
_isdigit$1698                          cstackBANK0  000081
_keys                                  mediumconst  00FDB5
_lcdInst                               text35       0028F2
_lcdNibble                             text36       0020FA
_loadRTC                               text12       001E12
_log                                   bssBANK0     0000EB
_logstate                              bssBANK0     0000ED
_machineConfig                         text10       00231C
_machine_state                         bssBANK0     0000F1
_main                                  text0        001F24
_moveServoBlock                        text6        0022CC
_moveServoCup                          text9        001D80
_printRTC                              text19       000CC6
_printSortTimer                        text57       001486
_printSortTimer$2171                   cstackCOMRAM 000045
_printf                                text29       000576
_putch                                 text30       0028E2
_sort                                  text2        002804
_startTime                             bssBANK1     000100
_stopSignals                           text1        002880
_strcpy                                text20       002462
_time                                  bssBANK0     0000D4
_timer1_20ms_high                      dataCOMRAM   00007A
_timer1_20ms_low                       dataCOMRAM   00007C
_timer1highbits                        bssCOMRAM    00006B
_timer1lowbits                         bssCOMRAM    00006D
_timer3highbits                        bssCOMRAM    00006F
_timer3lowbits                         bssCOMRAM    000071
_total_time                            bssBANK0     0000EF
_up                                    bssCOMRAM    000073
_updateMenu                            text41       000F90
_was_low                               bssCOMRAM    000075
btemp                                  temp         00007E
dispLogs@myLog                         cstackCOMRAM 000001
end_of_initialization                  cinit        0020F0
getRTC@i                               cstackBANK0  000083
i2I2C_Master_Read@a                    cstackCOMRAM 000002
i2I2C_Master_Read@temp                 cstackCOMRAM 000003
i2I2C_Master_Write@d                   cstackCOMRAM 000002
i2_I2C_Master_Read                     text70       0027DE
i2_I2C_Master_Start                    text69       00295A
i2_I2C_Master_Stop                     text68       002952
i2_I2C_Master_Wait                     text71       0028D0
i2_I2C_Master_Write                    text67       002930
i2___lwdiv                             text63       00227A
i2___lwdiv@counter                     cstackCOMRAM 00000C
i2___lwdiv@dividend                    cstackCOMRAM 000006
i2___lwdiv@divisor                     cstackCOMRAM 000008
i2___lwdiv@quotient                    cstackCOMRAM 00000A
i2___lwmod                             text62       0023B0
i2___lwmod@counter                     cstackCOMRAM 000005
i2___lwmod@dividend                    cstackCOMRAM 000001
i2___lwmod@divisor                     cstackCOMRAM 000003
i2___wmul                              text61       0027B8
i2___wmul@multiplicand                 cstackCOMRAM 000003
i2___wmul@multiplier                   cstackCOMRAM 000001
i2___wmul@product                      cstackCOMRAM 000005
i2_change_state_to_menu_12             text47       002530
i2_change_state_to_menu_22             text46       002500
i2_change_state_to_menu_start          text42       002790
i2_getRTC                              text66       00201A
i2_isdigit                             text60       002848
i2_isdigit$1698                        cstackCOMRAM 000002
i2_lcdInst                             text64       00291A
i2_lcdNibble                           text65       002224
i2_printRTC                            text43       001250
i2_printf                              text58       000980
i2_putch                               text59       00290E
i2_strcpy                              text44       0024CE
i2getRTC@i                             cstackCOMRAM 000004
i2isdigit@c                            cstackCOMRAM 000003
i2lcdInst@data                         cstackCOMRAM 000003
i2lcdNibble@data                       cstackCOMRAM 000002
i2lcdNibble@temp                       cstackCOMRAM 000001
i2printRTC@INT_time                    cstackCOMRAM 00002D
i2printRTC@RTC_month                   cstackCOMRAM 00003B
i2printRTC@i                           cstackCOMRAM 000041
i2printRTC@month                       cstackCOMRAM 00003D
i2printf@ap                            cstackCOMRAM 00001E
i2printf@c                             cstackCOMRAM 000027
i2printf@cp                            cstackCOMRAM 000020
i2printf@f                             cstackCOMRAM 00000D
i2printf@flag                          cstackCOMRAM 000026
i2printf@len                           cstackCOMRAM 000024
i2printf@prec                          cstackCOMRAM 00001D
i2printf@val                           cstackCOMRAM 000022
i2printf@width                         cstackCOMRAM 000028
i2putch@data                           cstackCOMRAM 000003
i2strcpy@cp                            cstackCOMRAM 000005
i2strcpy@from                          cstackCOMRAM 000003
i2strcpy@to                            cstackCOMRAM 000001
initSortTimer@i                        cstackBANK0  000088
initTime@DD                            cstackBANK0  000083
initTime@MM                            cstackBANK0  000084
initTime@YY                            cstackBANK0  000085
initTime@h                             cstackBANK0  000081
initTime@m                             cstackBANK0  000080
initTime@s                             cstackBANK0  000086
initTime@w                             cstackBANK0  000082
int$flags                              temp         00007E
int_func                               intcode_body 001866
intlevel0                              text         000000
intlevel1                              text         000000
intlevel2                              text         000000
intlevel3                              text         000000
isdigit@c                              cstackBANK0  000082
lcdInst@data                           cstackBANK0  000082
lcdNibble@data                         cstackBANK0  000081
lcdNibble@temp                         cstackBANK0  000080
loadRTC@i                              cstackBANK0  000096
moveServoBlock@myPosition              cstackBANK0  000080
moveServoCup@myPosition                cstackBANK0  000080
printRTC@F3188                         dataBANK0    0000F2
printRTC@INT_time                      cstackBANK0  0000AE
printRTC@RTC_month                     cstackBANK0  0000BC
printRTC@i                             cstackBANK0  0000C2
printRTC@month                         cstackBANK0  0000BE
printSortTimer@curTime                 cstackCOMRAM 00002D
printSortTimer@cur_sec                 cstackCOMRAM 00003D
printSortTimer@hour                    cstackCOMRAM 00003F
printSortTimer@i                       cstackCOMRAM 000049
printSortTimer@min                     cstackCOMRAM 000041
printSortTimer@sec                     cstackCOMRAM 000043
printSortTimer@start_sec               cstackCOMRAM 00003B
printSortTimer@timeDiff                cstackCOMRAM 000047
printf@ap                              cstackBANK0  00009F
printf@c                               cstackBANK0  0000A8
printf@cp                              cstackBANK0  0000A1
printf@f                               cstackBANK0  00008E
printf@flag                            cstackBANK0  0000A7
printf@len                             cstackBANK0  0000A5
printf@prec                            cstackBANK0  00009E
printf@val                             cstackBANK0  0000A3
printf@width                           cstackBANK0  0000A9
putch@data                             cstackBANK0  000082
stackhi                                (abs)        000F7F
stacklo                                (abs)        00010E
start                                  init         00000E
start_initialization                   cinit        00208C
strcpy@cp                              cstackBANK0  000084
strcpy@from                            cstackBANK0  000082
strcpy@to                              cstackBANK0  000080


FUNCTION INFORMATION:

 *************** function _main *****************
 Defined at:
		line 16 in file "main.c"
 Parameters:    Size  Location     Type
		None
 Auto vars:     Size  Location     Type
		None
 Return value:  Size  Location     Type
                  1    wreg      void 
 Registers used:
		wreg, fsr0l, fsr0h, fsr2l, fsr2h, status,2, status,0, tblptrl, tblptrh, tblptru, prodl, prodh, cstack
 Tracked objects:
		On entry : 
		On exit  : 
		Unchanged: 
 Data sizes:     COMRAM   BANK0   BANK1   BANK2   BANK3   BANK4   BANK5   BANK6   BANK7   BANK8   BANK9  BANK10  BANK11  BANK12  BANK13  BANK14  BANK15
      Params:         0       0       0       0       0       0       0       0       0       0       0       0       0       0       0       0       0
      Locals:         0       0       0       0       0       0       0       0       0       0       0       0       0       0       0       0       0
      Temps:          0       0       0       0       0       0       0       0       0       0       0       0       0       0       0       0       0
      Totals:         0       0       0       0       0       0       0       0       0       0       0       0       0       0       0       0       0
Total ram usage:        0 bytes
 Hardware stack levels required when called:   13
 This function calls:
		_PortTestA5
		_UI
		_initLCD
		_initTime
		_initUI
		_machineConfig
		_sort
		_stopSignals
 This function is called by:
		Startup code after reset
 This function uses a non-reentrant model


 *************** function _stopSignals *****************
 Defined at:
		line 48 in file "main.c"
 Parameters:    Size  Location     Type
		None
 Auto vars:     Size  Location     Type
		None
 Return value:  Size  Location     Type
                  1    wreg      void 
 Registers used:
		wreg, status,2
 Tracked objects:
		On entry : 
		On exit  : 
		Unchanged: 
 Data sizes:     COMRAM   BANK0   BANK1   BANK2   BANK3   BANK4   BANK5   BANK6   BANK7   BANK8   BANK9  BANK10  BANK11  BANK12  BANK13  BANK14  BANK15
      Params:         0       0       0       0       0       0       0       0       0       0       0       0       0       0       0       0       0
      Locals:         0       0       0       0       0       0       0       0       0       0       0       0       0       0       0       0       0
      Temps:          0       0       0       0       0       0       0       0       0       0       0       0       0       0       0       0       0
      Totals:         0       0       0       0       0       0       0       0       0       0       0       0       0       0       0       0       0
Total ram usage:        0 bytes
 Hardware stack levels used:    1
 Hardware stack levels required when called:    7
 This function calls:
		Nothing
 This function is called by:
		_main
 This function uses a non-reentrant model


 *************** function _sort *****************
 Defined at:
		line 28 in file "sort.c"
 Parameters:    Size  Location     Type
		None
 Auto vars:     Size  Location     Type
		None
 Return value:  Size  Location     Type
                  1    wreg      void 
 Registers used:
		wreg, fsr2l, fsr2h, status,2, status,0, prodl, prodh, cstack
 Tracked objects:
		On entry : 
		On exit  : 
		Unchanged: 
 Data sizes:     COMRAM   BANK0   BANK1   BANK2   BANK3   BANK4   BANK5   BANK6   BANK7   BANK8   BANK9  BANK10  BANK11  BANK12  BANK13  BANK14  BANK15
      Params:         0       0       0       0       0       0       0       0       0       0       0       0       0       0       0       0       0
      Locals:         0       0       0       0       0       0       0       0       0       0       0       0       0       0       0       0       0
      Temps:          0       0       0       0       0       0       0       0       0       0       0       0       0       0       0       0       0
      Totals:         0       0       0       0       0       0       0       0       0       0       0       0       0       0       0       0       0
Total ram usage:        0 bytes
 Hardware stack levels used:    1
 Hardware stack levels required when called:   12
 This function calls:
		_Distribution
		_ID
		_Loading
 This function is called by:
		_main
 This function uses a non-reentrant model


 *************** function _Loading *****************
 Defined at:
		line 40 in file "sort.c"
 Parameters:    Size  Location     Type
		None
 Auto vars:     Size  Location     Type
		None
 Return value:  Size  Location     Type
                  1    wreg      void 
 Registers used:
		wreg, fsr2l, fsr2h, status,2, status,0, prodl, prodh, cstack
 Tracked objects:
		On entry : 
		On exit  : 
		Unchanged: 
 Data sizes:     COMRAM   BANK0   BANK1   BANK2   BANK3   BANK4   BANK5   BANK6   BANK7   BANK8   BANK9  BANK10  BANK11  BANK12  BANK13  BANK14  BANK15
      Params:         0       0       0       0       0       0       0       0       0       0       0       0       0       0       0       0       0
      Locals:         0       0       0       0       0       0       0       0       0       0       0       0       0       0       0       0       0
      Temps:          0       1       0       0       0       0       0       0       0       0       0       0       0       0       0       0       0
      Totals:         0       1       0       0       0       0       0       0       0       0       0       0       0       0       0       0       0
Total ram usage:        1 bytes
 Hardware stack levels used:    1
 Hardware stack levels required when called:   11
 This function calls:
		_initSortTimer
		_lcdInst
		_moveServoCup
 This function is called by:
		_sort
 This function uses a non-reentrant model


 *************** function _initSortTimer *****************
 Defined at:
		line 125 in file "sort.c"
 Parameters:    Size  Location     Type
		None
 Auto vars:     Size  Location     Type
  i               2    8[BANK0 ] int 
 Return value:  Size  Location     Type
                  1    wreg      void 
 Registers used:
		wreg, fsr2l, fsr2h, status,2, status,0, prodl, prodh, cstack
 Tracked objects:
		On entry : 
		On exit  : 
		Unchanged: 
[...]
      Params:         4       0       0       0       0       0       0       0       0       0       0       0       0       0       0       0       0
      Locals:         1       0       0       0       0       0       0       0       0       0       0       0       0       0       0       0       0
      Temps:          0       0       0       0       0       0       0       0       0       0       0       0       0       0       0       0       0
      Totals:         5       0       0       0       0       0       0       0       0       0       0       0       0       0       0       0       0
Total ram usage:        5 bytes
 Hardware stack levels used:    1
 This function calls:
		Nothing
 This function is called by:
		_printSortTimer
		i2_printf
 This function uses a non-reentrant model


 *************** function i2___lwdiv *****************
 Defined at:
		line 8 in file "D:\Program Files (x86)\Microchip\xc8\v1.40\sources\common\lwdiv.c"
 Parameters:    Size  Location     Type
  dividend        2    5[COMRAM] unsigned int 
  divisor         2    7[COMRAM] unsigned int 
 Auto vars:     Size  Location     Type
  __lwdiv         2    9[COMRAM] unsigned int 
  __lwdiv         1   11[COMRAM] unsigned char 
 Return value:  Size  Location     Type
                  2    5[COMRAM] unsigned int 
 Registers used:
		wreg, status,2, status,0
 Tracked objects:
		On entry : 
		On exit  : 
		Unchanged: 
 Data sizes:     COMRAM   BANK0   BANK1   BANK2   BANK3   BANK4   BANK5   BANK6   BANK7   BANK8   BANK9  BANK10  BANK11  BANK12  BANK13  BANK14  BANK15
      Params:         4       0       0       0       0       0       0       0       0       0       0       0       0       0       0       0       0
      Locals:         3       0       0       0       0       0       0       0       0       0       0       0       0       0       0       0       0
      Temps:          0       0       0       0       0       0       0       0       0       0       0       0       0       0       0       0       0
      Totals:         7       0       0       0       0       0       0       0       0       0       0       0       0       0       0       0       0
Total ram usage:        7 bytes
 Hardware stack levels used:    1
 This function calls:
		Nothing
 This function is called by:
		_printSortTimer
		i2_printf
 This function uses a non-reentrant model


 *************** function i2_lcdInst *****************
 Defined at:
		line 13 in file "lcd.c"
 Parameters:    Size  Location     Type
  data            1    wreg     unsigned char 
 Auto vars:     Size  Location     Type
  data            1    2[COMRAM] unsigned char 
 Return value:  Size  Location     Type
                  1    wreg      void 
 Registers used:
		wreg, status,2, status,0, cstack
 Tracked objects:
		On entry : 
		On exit  : 
		Unchanged: 
 Data sizes:     COMRAM   BANK0   BANK1   BANK2   BANK3   BANK4   BANK5   BANK6   BANK7   BANK8   BANK9  BANK10  BANK11  BANK12  BANK13  BANK14  BANK15
      Params:         0       0       0       0       0       0       0       0       0       0       0       0       0       0       0       0       0
      Locals:         1       0       0       0       0       0       0       0       0       0       0       0       0       0       0       0       0
      Temps:          0       0       0       0       0       0       0       0       0       0       0       0       0       0       0       0       0
      Totals:         1       0       0       0       0       0       0       0       0       0       0       0       0       0       0       0       0
Total ram usage:        1 bytes
 Hardware stack levels used:    1
 Hardware stack levels required when called:    1
 This function calls:
		i2_lcdNibble
 This function is called by:
		_change_state_to_menu_11
		_change_state_to_menu_23
		_change_state_to_logs_11
		_change_state_to_logs_12
		_change_state_to_logs_22
		_change_state_to_logs_23
		_change_state_to_logs_33
		_change_state_to_logs_34
		_printSortTimer
		i2_change_state_to_menu_start
		i2_change_state_to_menu_12
		i2_change_state_to_menu_22
		i2_printRTC
 This function uses a non-reentrant model


 *************** function i2_lcdNibble *****************
 Defined at:
		line 23 in file "lcd.c"
 Parameters:    Size  Location     Type
  data            1    wreg     unsigned char 
 Auto vars:     Size  Location     Type
  data            1    1[COMRAM] unsigned char 
  lcdNibble       1    0[COMRAM] unsigned char 
 Return value:  Size  Location     Type
                  1    wreg      void 
 Registers used:
		wreg, status,2, status,0
 Tracked objects:
		On entry : 
		On exit  : 
		Unchanged: 
 Data sizes:     COMRAM   BANK0   BANK1   BANK2   BANK3   BANK4   BANK5   BANK6   BANK7   BANK8   BANK9  BANK10  BANK11  BANK12  BANK13  BANK14  BANK15
      Params:         0       0       0       0       0       0       0       0       0       0       0       0       0       0       0       0       0
      Locals:         2       0       0       0       0       0       0       0       0       0       0       0       0       0       0       0       0
      Temps:          0       0       0       0       0       0       0       0       0       0       0       0       0       0       0       0       0
      Totals:         2       0       0       0       0       0       0       0       0       0       0       0       0       0       0       0       0
Total ram usage:        2 bytes
 Hardware stack levels used:    1
 This function calls:
		Nothing
 This function is called by:
		i2_lcdInst
		i2_putch
 This function uses a non-reentrant model


 *************** function i2_getRTC *****************
 Defined at:
		line 42 in file "RTC.c"
 Parameters:    Size  Location     Type
		None
 Auto vars:     Size  Location     Type
  getRTC          2    3[COMRAM] int 
 Return value:  Size  Location     Type
                  1    wreg      void 
 Registers used:
		wreg, fsr2l, fsr2h, status,2, status,0, cstack
 Tracked objects:
		On entry : 
		On exit  : 
		Unchanged: 
 Data sizes:     COMRAM   BANK0   BANK1   BANK2   BANK3   BANK4   BANK5   BANK6   BANK7   BANK8   BANK9  BANK10  BANK11  BANK12  BANK13  BANK14  BANK15
      Params:         0       0       0       0       0       0       0       0       0       0       0       0       0       0       0       0       0
      Locals:         2       0       0       0       0       0       0       0       0       0       0       0       0       0       0       0       0
      Temps:          0       0       0       0       0       0       0       0       0       0       0       0       0       0       0       0       0
      Totals:         2       0       0       0       0       0       0       0       0       0       0       0       0       0       0       0       0
Total ram usage:        2 bytes
 Hardware stack levels used:    1
 Hardware stack levels required when called:    2
 This function calls:
		i2_I2C_Master_Read
		i2_I2C_Master_Start
		i2_I2C_Master_Stop
		i2_I2C_Master_Write
 This function is called by:
		_printSortTimer
		i2_printRTC
 This function uses a non-reentrant model


 *************** function i2_I2C_Master_Write *****************
 Defined at:
		line 47 in file "I2C.c"
 Parameters:    Size  Location     Type
  d               2    1[COMRAM] unsigned int 
 Auto vars:     Size  Location     Type
		None
 Return value:  Size  Location     Type
                  1    wreg      void 
 Registers used:
		wreg, status,2, status,0, cstack
 Tracked objects:
		On entry : 
		On exit  : 
		Unchanged: 
 Data sizes:     COMRAM   BANK0   BANK1   BANK2   BANK3   BANK4   BANK5   BANK6   BANK7   BANK8   BANK9  BANK10  BANK11  BANK12  BANK13  BANK14  BANK15
      Params:         2       0       0       0       0       0       0       0       0       0       0       0       0       0       0       0       0
      Locals:         0       0       0       0       0       0       0       0       0       0       0       0       0       0       0       0       0
      Temps:          0       0       0       0       0       0       0       0       0       0       0       0       0       0       0       0       0
      Totals:         2       0       0       0       0       0       0       0       0       0       0       0       0       0       0       0       0
Total ram usage:        2 bytes
 Hardware stack levels used:    1
 Hardware stack levels required when called:    1
 This function calls:
		i2_I2C_Master_Wait
 This function is called by:
		i2_getRTC
 This function uses a non-reentrant model


 *************** function i2_I2C_Master_Stop *****************
 Defined at:
		line 41 in file "I2C.c"
 Parameters:    Size  Location     Type
		None
 Auto vars:     Size  Location     Type
		None
 Return value:  Size  Location     Type
                  1    wreg      void 
 Registers used:
		wreg, status,2, status,0, cstack
 Tracked objects:
		On entry : 
		On exit  : 
		Unchanged: 
 Data sizes:     COMRAM   BANK0   BANK1   BANK2   BANK3   BANK4   BANK5   BANK6   BANK7   BANK8   BANK9  BANK10  BANK11  BANK12  BANK13  BANK14  BANK15
      Params:         0       0       0       0       0       0       0       0       0       0       0       0       0       0       0       0       0
      Locals:         0       0       0       0       0       0       0       0       0       0       0       0       0       0       0       0       0
      Temps:          0       0       0       0       0       0       0       0       0       0       0       0       0       0       0       0       0
      Totals:         0       0       0       0       0       0       0       0       0       0       0       0       0       0       0       0       0
Total ram usage:        0 bytes
 Hardware stack levels used:    1
 Hardware stack levels required when called:    1
 This function calls:
		i2_I2C_Master_Wait
 This function is called by:
		i2_getRTC
 This function uses a non-reentrant model


 *************** function i2_I2C_Master_Start *****************
 Defined at:
		line 29 in file "I2C.c"
 Parameters:    Size  Location     Type
		None
 Auto vars:     Size  Location     Type
		None
 Return value:  Size  Location     Type
                  1    wreg      void 
 Registers used:
		wreg, status,2, status,0, cstack
 Tracked objects:
		On entry : 
		On exit  : 
		Unchanged: 
 Data sizes:     COMRAM   BANK0   BANK1   BANK2   BANK3   BANK4   BANK5   BANK6   BANK7   BANK8   BANK9  BANK10  BANK11  BANK12  BANK13  BANK14  BANK15
      Params:         0       0       0       0       0       0       0       0       0       0       0       0       0       0       0       0       0
      Locals:         0       0       0       0       0       0       0       0       0       0       0       0       0       0       0       0       0
      Temps:          0       0       0       0       0       0       0       0       0       0       0       0       0       0       0       0       0
      Totals:         0       0       0       0       0       0       0       0       0       0       0       0       0       0       0       0       0
Total ram usage:        0 bytes
 Hardware stack levels used:    1
 Hardware stack levels required when called:    1
 This function calls:
		i2_I2C_Master_Wait
 This function is called by:
		i2_getRTC
 This function uses a non-reentrant model


 *************** function i2_I2C_Master_Read *****************
 Defined at:
		line 53 in file "I2C.c"
 Parameters:    Size  Location     Type
  a               1    wreg     unsigned char 
 Auto vars:     Size  Location     Type
  a               1    1[COMRAM] unsigned char 
  I2C_Master_R    1    2[COMRAM] unsigned char 
 Return value:  Size  Location     Type
                  1    wreg      unsigned char 
 Registers used:
		wreg, status,2, status,0, cstack
 Tracked objects:
		On entry : 
		On exit  : 
		Unchanged: 
 Data sizes:     COMRAM   BANK0   BANK1   BANK2   BANK3   BANK4   BANK5   BANK6   BANK7   BANK8   BANK9  BANK10  BANK11  BANK12  BANK13  BANK14  BANK15
      Params:         0       0       0       0       0       0       0       0       0       0       0       0       0       0       0       0       0
      Locals:         2       0       0       0       0       0       0       0       0       0       0       0       0       0       0       0       0
      Temps:          0       0       0       0       0       0       0       0       0       0       0       0       0       0       0       0       0
      Totals:         2       0       0       0       0       0       0       0       0       0       0       0       0       0       0       0       0
Total ram usage:        2 bytes
 Hardware stack levels used:    1
 Hardware stack levels required when called:    1
 This function calls:
		i2_I2C_Master_Wait
 This function is called by:
		i2_getRTC
 This function uses a non-reentrant model


 *************** function i2_I2C_Master_Wait *****************
 Defined at:
		line 24 in file "I2C.c"
 Parameters:    Size  Location     Type
		None
 Auto vars:     Size  Location     Type
		None
 Return value:  Size  Location     Type
                  1    wreg      void 
 Registers used:
		wreg, status,2, status,0
 Tracked objects:
		On entry : 
		On exit  : 
		Unchanged: 
 Data sizes:     COMRAM   BANK0   BANK1   BANK2   BANK3   BANK4   BANK5   BANK6   BANK7   BANK8   BANK9  BANK10  BANK11  BANK12  BANK13  BANK14  BANK15
      Params:         0       0       0       0       0       0       0       0       0       0       0       0       0       0       0       0       0
      Locals:         0       0       0       0       0       0       0       0       0       0       0       0       0       0       0       0       0
      Temps:          1       0       0       0       0       0       0       0       0       0       0       0       0       0       0       0       0
      Totals:         1       0       0       0       0       0       0       0       0       0       0       0       0       0       0       0       0
Total ram usage:        1 bytes
 Hardware stack levels used:    1
 This function calls:
		Nothing
 This function is called by:
		i2_I2C_Master_Start
		i2_I2C_Master_Stop
		i2_I2C_Master_Write
		i2_I2C_Master_Read
 This function uses a non-reentrant model



MODULE INFORMATION

Module		Function		Class		Link	Load	Size
D:\Program Files (x86)\Microchip\xc8\v1.40\sources\common\lwmod.c
		___lwmod       		CODE           	2162	0000	99

D:\Program Files (x86)\Microchip\xc8\v1.40\sources\common\lwmod.c estimated size: 99

D:\Program Files (x86)\Microchip\xc8\v1.40\sources\common\awmod.c
		___awmod       		CODE           	1C44	0000	163

D:\Program Files (x86)\Microchip\xc8\v1.40\sources\common\awmod.c estimated size: 163

D:\Program Files (x86)\Microchip\xc8\v1.40\sources\common\Umul16.c
		___wmul        		CODE           	2498	0000	55

D:\Program Files (x86)\Microchip\xc8\v1.40\sources\common\Umul16.c estimated size: 55

PortHigh.c
		_PortTestA5    		CODE           	28BE	0000	19

PortHigh.c estimated size: 19

interruptHandler.c
		_handler       		CODE           	0008	0000	281

interruptHandler.c estimated size: 281

sort.c
		_initSortTimer 		CODE           	1AF2	0000	171
		_MAGNETISM_in  		CODE           	2902	0000	13
		_moveServoBlock		CODE           	22CC	0000	81
		_Distribution  		CODE           	26B0	0000	47
		_ID            		CODE           	1B9C	0000	169
		_sort          		CODE           	2804	0000	35
		_Loading       		CODE           	1CE6	0000	155
		_printSortTimer		CODE           	1486	0000	507
		_moveServoCup  		CODE           	1D80	0000	147

sort.c estimated size: 1325

I2C.c
		_I2C_Master_Read		CODE           	26DE	0000	47
		_I2C_Master_Wait		CODE           	2896	0000	21
		_I2C_Master_Init		CODE           	21C4	0000	97
		_I2C_Master_Stop		CODE           	2942	0000	9
		_I2C_Master_Write		CODE           	2926	0000	11
		_I2C_Master_Start		CODE           	294A	0000	9

I2C.c estimated size: 194

D:\Program Files (x86)\Microchip\xc8\v1.40\sources\common\lwdiv.c
		___lwdiv       		CODE           	1FA2	0000	121

D:\Program Files (x86)\Microchip\xc8\v1.40\sources\common\lwdiv.c estimated size: 121

MachineConfig.c
		_machineConfig 		CODE           	231C	0000	79

MachineConfig.c estimated size: 79

D:\Program Files (x86)\Microchip\xc8\v1.40\sources\common\awdiv.c
		___awdiv       		CODE           	1978	0000	191

D:\Program Files (x86)\Microchip\xc8\v1.40\sources\common\awdiv.c estimated size: 191

D:\Program Files (x86)\Microchip\xc8\v1.40\sources\common\lldiv.c
		___lldiv       		CODE           	1A36	0000	189

D:\Program Files (x86)\Microchip\xc8\v1.40\sources\common\lldiv.c estimated size: 189

UI.c
		_updateMenu    		CODE           	0F90	0000	705
		_dispLogs      		CODE           	28AA	0000	21
		_change_state_to_logs_12		CODE           	2650	0000	49
		_change_state_to_logs_23		CODE           	270C	0000	47
		_change_state_to_logs_34		CODE           	25C0	0000	49
		_UI            		CODE           	0012	0000	1381
		_change_state_to_menu_12		CODE           	242A	0000	57
		_change_state_to_menu_23		CODE           	2560	0000	49
		_change_state_to_logs_11		CODE           	2680	0000	49
		_change_state_to_logs_22		CODE           	2620	0000	49
		_change_state_to_logs_33		CODE           	25F0	0000	49
		_change_state_to_menu_start		CODE           	273A	0000	45
		_initUI        		CODE           	2866	0000	27
		_change_state_to_menu_11		CODE           	2590	0000	49
		_inputHandler  		CODE           	1680	0000	487
		_change_state_to_menu_22		CODE           	23F2	0000	57

UI.c estimated size: 3170

shared
		i2_printf      		CODE           	0980	0000	839
		i2_printRTC    		CODE           	1250	0000	567
		i2_I2C_Master_Start		CODE           	295A	0000	9
		i2_putch       		CODE           	290E	0000	13
		i2_lcdNibble   		CODE           	2224	0000	87
		_dpowers       		MEDIUMCONST    	FDC6	0000	11
		i2___lwdiv     		CODE           	227A	0000	83
		i2_isdigit     		CODE           	2848	0000	31
		i2_strcpy      		CODE           	24CE	0000	51
		i2___wmul      		CODE           	27B8	0000	39
		i2_I2C_Master_Read		CODE           	27DE	0000	39
		i2___lwmod     		CODE           	23B0	0000	67
		_keys          		MEDIUMCONST    	FDB5	0000	18
		__initialization		CODE           	208C	0000	101
		i2_change_state_to_menu_12		CODE           	2530	0000	49
		i2_change_state_to_menu_22		CODE           	2500	0000	49
		i2_I2C_Master_Wait		CODE           	28D0	0000	19
		i2_change_state_to_menu_start		CODE           	2790	0000	41
		i2_I2C_Master_Stop		CODE           	2952	0000	9
		i2_getRTC      		CODE           	201A	0000	115
		i2_lcdInst     		CODE           	291A	0000	13
		i2_I2C_Master_Write		CODE           	2930	0000	11

shared estimated size: 2261

D:\Program Files (x86)\Microchip\xc8\v1.40\sources\common\strcpy.c
		_strcpy        		CODE           	2462	0000	55

D:\Program Files (x86)\Microchip\xc8\v1.40\sources\common\strcpy.c estimated size: 55

lcd.c
		_putch         		CODE           	28E2	0000	17
		_lcdInst       		CODE           	28F2	0000	17
		_lcdNibble     		CODE           	20FA	0000	105
		_initLCD       		CODE           	236A	0000	71

lcd.c estimated size: 210

D:\Program Files (x86)\Microchip\xc8\v1.40\sources\common\isdigit.c
		_isdigit       		CODE           	2766	0000	43

D:\Program Files (x86)\Microchip\xc8\v1.40\sources\common\isdigit.c estimated size: 43

D:\Program Files (x86)\Microchip\xc8\v1.40\sources\common\doprnt.c
		_printf        		CODE           	0576	0000	1035

D:\Program Files (x86)\Microchip\xc8\v1.40\sources\common\doprnt.c estimated size: 1035

main.c
		_main          		CODE           	1F24	0000	127
		_stopSignals   		CODE           	2880	0000	23

main.c estimated size: 150

RTC.c
		_loadRTC       		CODE           	1E12	0000	141
		_initTime      		CODE           	2826	0000	35
		_printRTC      		CODE           	0CC6	0000	715
		_getRTC        		CODE           	1E9E	0000	135

RTC.c estimated size: 1026

